=== 110酒蔵 公式Webサイト巡回ログ 開始: 2026-08-16T14:04:09.920330 ===

[1/110] ID 4: 宮坂醸造株式会社 (長野県) - URL: https://www.masumi.jp/
    ✨ [新規銘柄抽出] 純米大吟醸 山花 720ml 箱入 (純米大吟醸酒)
    ✨ [新規銘柄抽出] 純米吟醸 白妙SHIRO 720ml (純米吟醸酒)
    ✨ [新規銘柄抽出] 純米大吟醸酒 (純米大吟醸酒)
    ✨ [新規銘柄抽出] 純米吟醸酒 (純米吟醸酒)
    ✨ [新規銘柄抽出] 本醸造酒 (本醸造酒)
    ✨ [新規銘柄抽出] 焼酎・リキュール (リキュール)
    ✨ [新規銘柄抽出] 焼酎＆リキュール (リキュール)
  👉 宮坂醸造株式会社: 7 件の新規製品を公式Webから自動抽出・登録完了
[2/110] ID 34: 株式会社遠藤酒造場 (長野県) - URL: https://www.keiryu.jp/
    ✨ [新規銘柄抽出] 純米大吟醸 (純米大吟醸酒)
    ✨ [新規銘柄抽出] 純米吟醸酒 (純米吟醸酒)
    ✨ [新規銘柄抽出] スパークリング (普通酒)
    ✨ [新規銘柄抽出] 大吟醸・大吟醸しずく (大吟醸酒)
    ✨ [新規銘柄抽出] > 純米大吟醸 (純米大吟醸酒)
    ✨ [新規銘柄抽出] > 大吟醸 (大吟醸酒)
    ✨ [新規銘柄抽出] > 純米吟醸酒 (純米吟醸酒)
    ✨ [新規銘柄抽出] > 純米酒 (純米酒)
    ✨ [新規銘柄抽出] > 吟醸酒 (吟醸酒)
    ✨ [新規銘柄抽出] > 生原酒 (普通酒)
    ✨ [新規銘柄抽出] どむろく（どぶろく） (どぶろく)
    ✨ [新規銘柄抽出] 渓流 純米大吟醸 龍虎 飲み比べセット 720ml 2本 (純米大吟醸酒)
    ✨ [新規銘柄抽出] 酵母が『生きている』活性にごり酒 (普通酒)
  👉 株式会社遠藤酒造場: 13 件の新規製品を公式Webから自動抽出・登録完了
[3/110] ID 38: 千曲錦酒造株式会社 (長野県) - URL: https://www.chikumanishiki.com/
    ✨ [新規銘柄抽出] 純米酒 旅する日本酒 千曲錦 N700ｓ 300ml 発売のお知らせ (純米酒)
    ✨ [新規銘柄抽出] 「ひやおろし 純米大吟醸原酒 全量山田錦 千曲錦 720ml」　限定発売のお知らせ (純米大吟醸酒)
    ✨ [新規銘柄抽出] リキュール (リキュール)
  👉 千曲錦酒造株式会社: 3 件の新規製品を公式Webから自動抽出・登録完了
[4/110] ID 41: 武重本家酒造株式会社 (長野県) - URL: https://www.takeshige-honke.co.jp/
  👉 武重本家酒造株式会社: 0 件の新規製品を公式Webから自動抽出・登録完了
[5/110] ID 45: 伴野酒造株式会社 (長野県) - URL: https://www.sawanohana.com/
    ✨ [新規銘柄抽出] 純米大吟醸 (純米大吟醸酒)
    ✨ [新規銘柄抽出] 無ろ過生原酒商品 (普通酒)
    ✨ [新規銘柄抽出] 酒のこと。「 超辛口純米吟醸 ささら 」 (純米吟醸酒)
    ✨ [新規銘柄抽出] 超辛口純米吟醸 (純米吟醸酒)
    ✨ [新規銘柄抽出] 純米吟醸 (純米吟醸酒)
    ✨ [新規銘柄抽出] 純米吟醸　無ろ過生原酒 (純米吟醸酒)
    ✨ [新規銘柄抽出] 特別純米 (特別純米酒)
    ✨ [新規銘柄抽出] 純米大吟醸 無ろ過生原酒 (純米大吟醸酒)
    ✨ [新規銘柄抽出] 中どり 純米大吟醸 (純米大吟醸酒)
    ✨ [新規銘柄抽出] 無ろ過生原酒 (普通酒)
  👉 伴野酒造株式会社: 10 件の新規製品を公式Webから自動抽出・登録完了
[6/110] ID 80: 鶴乃江酒造 株式会社 (福島県) - URL: https://tsurunoe.com/
  👉 鶴乃江酒造 株式会社: 0 件の新規製品を公式Webから自動抽出・登録完了
[7/110] ID 86: 奥の松酒造 株式会社 (福島県) - URL: https://okunomatsu.co.jp/
  👉 奥の松酒造 株式会社: 0 件の新規製品を公式Webから自動抽出・登録完了
[8/110] ID 117: 末廣酒造 株式会社 嘉永蔵 (福島県) - URL: https://www.suehiro-sake.jp/
  👉 末廣酒造 株式会社 嘉永蔵: 0 件の新規製品を公式Webから自動抽出・登録完了
[9/110] ID 121: 株式会社 廣木酒造本店 (福島県) - URL: https://www.saketime.com/breweries/657/
  👉 株式会社 廣木酒造本店: 0 件の新規製品を公式Webから自動抽出・登録完了
[10/110] ID 128: 宮泉銘醸 株式会社 (福島県) - URL: http://www.miyaizumi.co.jp/
  👉 宮泉銘醸 株式会社: 0 件の新規製品を公式Webから自動抽出・登録完了
[11/110] ID 211: 八海醸造株式会社 (新潟県) - URL: https://www.hakkaisan.co.jp/
    ✨ [新規銘柄抽出] 「魚沼の里」だけで出会える限定大吟醸を新発売 (大吟醸酒)
    ✨ [新規銘柄抽出] ニセコ町産酒米「彗星」100％使用の 「純米大吟醸 ニセコ蝦夷富士」がIWC2026 でゴールド受賞 (純米大吟醸酒)
    ✨ [新規銘柄抽出] 「特別本醸造 八海山 MLB コレクションラベル」限定デザイン缶新発売 (特別本醸造酒)
    ✨ [新規銘柄抽出] 純米大吟醸 八海山 しぼりたて原酒 越後で候　今年も出荷です (純米大吟醸酒)
    ✨ [新規銘柄抽出] 八海山 しぼりたて原酒 越後で候（青ラベル）を瓶詰め (普通酒)
    ✨ [新規銘柄抽出] 「純米大吟醸 八海山 雪のなかの酒」新発売 (純米大吟醸酒)
    ✨ [新規銘柄抽出] 夏季限定「特別純米原酒 八海山」本日出荷いたします (特別純米酒)
    ✨ [新規銘柄抽出] 「純米大吟醸 八海山 時季限定」ラベルリニューアル (純米大吟醸酒)
    ✨ [新規銘柄抽出] 夏季限定「特別純米原酒 八海山」きょう瓶詰めしております (特別純米酒)
    ✨ [新規銘柄抽出] 純米大吟醸 八海山しぼりたて原酒 越後で候 瓶詰め (純米大吟醸酒)
    ✨ [新規銘柄抽出] 夏季限定「特別純米原酒」きょう瓶詰めしております (特別純米酒)
    ✨ [新規銘柄抽出] 特別本醸造180ml 容器資材変更のお知らせ (特別本醸造酒)
    ✨ [新規銘柄抽出] 「純米大吟醸 八海山 雪室熟成八年」新発売 (純米大吟醸酒)
    ✨ [新規銘柄抽出] 「大吟醸 八海山 浩和蔵仕込」新発売 (大吟醸酒)
    ✨ [新規銘柄抽出] 純米大吟醸 八海山 金剛心 浩和蔵仕込 リニューアル新発売 (純米大吟醸酒)
    ✨ [新規銘柄抽出] 新発売「純米大吟醸 八海山 時季限定」 (純米大吟醸酒)
    ✨ [新規銘柄抽出] 新発売「純米吟醸 八海山 55％」「飲みくらべ四選」 (純米吟醸酒)
    ✨ [新規銘柄抽出] 「八海山の酒の實 純米大吟醸」 賞味期限表記誤りに関するお詫びとお知らせ (純米大吟醸酒)
    ✨ [新規銘柄抽出] 「大吟醸 八海山」「純米大吟醸　八海山」を新発売いたします (純米大吟醸酒)
    ✨ [新規銘柄抽出] 純米大吟醸 八海山しぼりたて原酒 越後で候 発売のご案内 (純米大吟醸酒)
    ✨ [新規銘柄抽出] 夏季限定「特別純米原酒」本日瓶詰めしております (特別純米酒)
    ✨ [新規銘柄抽出] 夏季限定　特別純米原酒　本日瓶詰めです (特別純米酒)
    ✨ [新規銘柄抽出] 純米吟醸 八海山 しぼりたて原酒 越後で候 瓶詰め (純米吟醸酒)
  👉 八海醸造株式会社: 23 件の新規製品を公式Webから自動抽出・登録完了
[12/110] ID 218: 越後桜酒造株式会社 (新潟県) - URL: https://echigozakura.co.jp/
  👉 越後桜酒造株式会社: 0 件の新規製品を公式Webから自動抽出・登録完了
[13/110] ID 223: 今代司酒造株式会社 (新潟県) - URL: https://imayotsukasa.co.jp/
  👉 今代司酒造株式会社: 0 件の新規製品を公式Webから自動抽出・登録完了
[14/110] ID 232: 関原酒造株式会社 (新潟県) - URL: https://www.harashuzo.com/
  👉 関原酒造株式会社: 0 件の新規製品を公式Webから自動抽出・登録完了
[15/110] ID 239: LAGOON BREWERY合同会社(ラグーンブリュワリー) (新潟県) - URL: https://lagoon-brewery.com/
    ✨ [新規銘柄抽出] クラフトサケブリュワリー協会の定義に準じます (クラフトサケ)
  👉 LAGOON BREWERY合同会社(ラグーンブリュワリー): 1 件の新規製品を公式Webから自動抽出・登録完了
[16/110] ID 249: 石本酒造株式会社 (新潟県) - URL: https://koshinokanbai.co.jp/
    ✨ [新規銘柄抽出] 大吟醸　※1.8L季節限定販売中 (大吟醸酒)
    ✨ [新規銘柄抽出] Lagoon 純米吟醸 (純米吟醸酒)
    ✨ [新規銘柄抽出] 越乃寒梅、最高峰の純米酒。 (純米酒)
    ✨ [新規銘柄抽出] 純米大吟醸 (純米大吟醸酒)
    ✨ [新規銘柄抽出] 大吟醸「一輪一滴」に込めた想い (大吟醸酒)
  👉 石本酒造株式会社: 5 件の新規製品を公式Webから自動抽出・登録完了
[17/110] ID 274: 吉乃川株式会社 (新潟県) - URL: https://yosinogawa.co.jp/
    ✨ [新規銘柄抽出] リキュール (リキュール)
    ✨ [新規銘柄抽出] 日本酒を飲まない人に日本酒に触れる機会を作ること。そんな想いから生まれたリキュールです。 (リキュール)
    ✨ [新規銘柄抽出] 第95回せいろ蒸し ダイニング来富（らいふ）×特別純米 極上吉乃川 (特別純米酒)
    ✨ [新規銘柄抽出] 第94回Okey-Dokey×吟醸 極上吉乃川（酒ハイ） (吟醸酒)
    ✨ [新規銘柄抽出] 第93回海鮮ろばた 船栄高田店×吟醸 極上吉乃川 (吟醸酒)
    ✨ [新規銘柄抽出] 第96回関東信越国税局　酒類鑑評会　純米酒の部で優秀賞受賞！ (純米酒)
    ✨ [新規銘柄抽出] 予約受付限定酒「吉乃川 荒ばしり 純米大吟醸 無濾過生原酒」 (純米大吟醸酒)
    ✨ [新規銘柄抽出] 第92回酒肴団蘭 きしん×吟醸 極上吉乃川 (吟醸酒)
  👉 吉乃川株式会社: 8 件の新規製品を公式Webから自動抽出・登録完了
[18/110] ID 295: 新潟第一酒造株式会社 (新潟県) - URL: https://www.hakuchosake.com/
  👉 新潟第一酒造株式会社: 0 件の新規製品を公式Webから自動抽出・登録完了
[19/110] ID 298: 朝日酒造株式会社 (新潟県) - URL: https://www.asahi-shuzo.co.jp/
  👉 朝日酒造株式会社: 0 件の新規製品を公式Webから自動抽出・登録完了
[20/110] ID 299: 株式会社越後鶴亀 (新潟県) - URL: https://echigotsurukame.com/
  👉 株式会社越後鶴亀: 0 件の新規製品を公式Webから自動抽出・登録完了
[21/110] ID 528: 株式会社 齋彌酒造店 (秋田県) - URL: https://www.yukinobousha.jp/
    ✨ [新規銘柄抽出] 純米大吟醸 (純米大吟醸酒)
    ✨ [新規銘柄抽出] 純米酒の頂点を目指して醸された酒。 (純米酒)
    ✨ [新規銘柄抽出] きわめて完成度の高い純米大吟醸の逸品といえます。 (純米大吟醸酒)
    ✨ [新規銘柄抽出] 酒造好適米『山田錦』を35％まで磨き、低温で長期間醸した究極の大吟醸です。 (大吟醸酒)
    ✨ [新規銘柄抽出] 山廃 純米大吟醸 (純米大吟醸酒)
    ✨ [新規銘柄抽出] 秘伝山廃 (普通酒)
    ✨ [新規銘柄抽出] 山廃純米吟醸 (純米吟醸酒)
    ✨ [新規銘柄抽出] 純米吟醸 (純米吟醸酒)
    ✨ [新規銘柄抽出] 山廃純米 (純米酒)
    ✨ [新規銘柄抽出] 山廃本醸造 (本醸造酒)
    ✨ [新規銘柄抽出] 奥伝 山廃 (普通酒)
    ✨ [新規銘柄抽出] 昔ながらの山廃仕込みによる本格派。飲み飽きしない伝統のお酒。 (普通酒)
    ✨ [新規銘柄抽出] 純米大吟醸 生酒 (純米大吟醸酒)
    ✨ [新規銘柄抽出] 大吟醸 生酒 (大吟醸酒)
    ✨ [新規銘柄抽出] 純米吟醸 山田穂 生酒 (純米吟醸酒)
    ✨ [新規銘柄抽出] ひやおろし (普通酒)
    ✨ [新規銘柄抽出] 純米吟醸 山田穂 (純米吟醸酒)
    ✨ [新規銘柄抽出] 山廃 純米吟醸 秘伝山廃 (純米吟醸酒)
    ✨ [新規銘柄抽出] 山廃 純米 (純米酒)
    ✨ [新規銘柄抽出] 昔ながらの山廃仕込みによる本格派。 (普通酒)
  👉 株式会社 齋彌酒造店: 20 件の新規製品を公式Webから自動抽出・登録完了
[22/110] ID 529: 株式会社 飛良泉本舗 (秋田県) - URL: https://hiraizumi.co.jp/
    ✨ [新規銘柄抽出] 飛良泉「山廃純米酒」「熟成山廃純米酒」「山廃本仕込」720ml商品 瓶形状変更のご案内 (純米酒)
    ✨ [新規銘柄抽出] この度、弊社商品「山廃純米酒」「熟成山廃純米酒」「山廃本仕込 … (純米酒)
    ✨ [新規銘柄抽出] 山廃純米酒（特別純米酒） (特別純米酒)
    ✨ [新規銘柄抽出] 「山廃」は飛良泉の伝統的な酒母仕込法です。 (普通酒)
    ✨ [新規銘柄抽出] 熟成山廃純米酒 (純米酒)
    ✨ [新規銘柄抽出] 頑固なまでに山廃仕込みにこだわる当蔵が、 (普通酒)
    ✨ [新規銘柄抽出] 山廃本来の野性味のある酸、旨みを存分に引き出して醸した蔵元推奨品です。 (普通酒)
    ✨ [新規銘柄抽出] 山廃本仕込（特別本醸造） (特別本醸造酒)
    ✨ [新規銘柄抽出] 深みのある落ち着いた旨味が感じられる特別本醸造です。 (特別本醸造酒)
    ✨ [新規銘柄抽出] 純米大吟醸 (純米大吟醸酒)
    ✨ [新規銘柄抽出] 山廃が織りなす酸味が後味のキレを演出します。 (普通酒)
    ✨ [新規銘柄抽出] そして蔵の代名詞にもなっている「山廃造り」で醸し、 (普通酒)
    ✨ [新規銘柄抽出] 飛良泉らしさを前面に押し出した純米大吟醸。 (純米大吟醸酒)
    ✨ [新規銘柄抽出] 純米吟醸 (純米吟醸酒)
    ✨ [新規銘柄抽出] そして山廃が織りなす酸味がすっきりとした印象を与えます。 (普通酒)
    ✨ [新規銘柄抽出] 山廃純米酒 マル飛 (純米酒)
    ✨ [新規銘柄抽出] 多酸性のきょうかい77号酵母を山廃仕込みで醸しました。 (普通酒)
  👉 株式会社 飛良泉本舗: 17 件の新規製品を公式Webから自動抽出・登録完了
[23/110] ID 530: 秋田酒類製造株式会社 (秋田県) - URL: https://www.takashimizu.co.jp/
    ✨ [新規銘柄抽出] 本醸造酒 (本醸造酒)
    ✨ [新規銘柄抽出] リキュール・焼酎 (リキュール)
  👉 秋田酒類製造株式会社: 2 件の新規製品を公式Webから自動抽出・登録完了
[24/110] ID 541: 株式会社北鹿 (秋田県) - URL: https://www.hokushika.jp/
    ✨ [新規銘柄抽出] 秋田の清酒 北鹿｜日本酒｜大吟醸｜純米酒｜雪中貯蔵 (大吟醸酒)
    ✨ [新規銘柄抽出] 純米大吟醸 (純米大吟醸酒)
    ✨ [新規銘柄抽出] 純米吟醸酒 (純米吟醸酒)
    ✨ [新規銘柄抽出] 本醸造酒 (本醸造酒)
  👉 株式会社北鹿: 4 件の新規製品を公式Webから自動抽出・登録完了
[25/110] ID 552: 合名会社 鈴木酒造店 (秋田県) - URL: https://hideyoshi.co.jp/
  👉 合名会社 鈴木酒造店: 0 件の新規製品を公式Webから自動抽出・登録完了
[26/110] ID 556: 秋田銘醸株式会社 (秋田県) - URL: https://www.ranman.co.jp/
    ✨ [新規銘柄抽出] リキュール・ (リキュール)
    ✨ [新規銘柄抽出] 新商品「生酛純米パック」開発への想い (純米酒)
    ✨ [新規銘柄抽出] 焼酎・リキュール・ (リキュール)
    ✨ [新規銘柄抽出] 低アルコールスパークリングです。 (普通酒)
    ✨ [新規銘柄抽出] 焼酎・リキュール・その他 商品一覧 (リキュール)
    ✨ [新規銘柄抽出] 焼酎・リキュール・その他 (リキュール)
  👉 秋田銘醸株式会社: 6 件の新規製品を公式Webから自動抽出・登録完了
[27/110] ID 617: 菊正宗酒造株式会社 (兵庫県) - URL: https://www.kikumasamune.co.jp/
    ✨ [新規銘柄抽出] 生酛WEB (普通酒)
    ✨ [新規銘柄抽出] 漫画で知る生酛 (普通酒)
    ✨ [新規銘柄抽出] 吟醸酒・純米酒・本醸造酒 (吟醸酒)
    ✨ [新規銘柄抽出] 生酛造りのお酒 (普通酒)
    ✨ [新規銘柄抽出] 焼酎・リキュール・スピリッツ (リキュール)
  👉 菊正宗酒造株式会社: 5 件の新規製品を公式Webから自動抽出・登録完了
[28/110] ID 618: 剣菱酒造株式会社 (兵庫県) - URL: https://www.kenbishi.co.jp/
  👉 剣菱酒造株式会社: 0 件の新規製品を公式Webから自動抽出・登録完了
[29/110] ID 633: 辰馬本家酒造株式会社 (兵庫県) - URL: https://www.hakushika.co.jp/
    ✨ [新規銘柄抽出] 黒松白鹿 本醸造 (本醸造酒)
    ✨ [新規銘柄抽出] 純米大吟醸酒 (純米大吟醸酒)
    ✨ [新規銘柄抽出] 純米吟醸酒 (純米吟醸酒)
    ✨ [新規銘柄抽出] 大吟醸酒 (大吟醸酒)
    ✨ [新規銘柄抽出] 本醸造酒 (本醸造酒)
    ✨ [新規銘柄抽出] リキュール (リキュール)
    ✨ [新規銘柄抽出] 「黒松白鹿 ネコダスケ 特別純米 山田錦」の売上金の一部を西宮市の動物愛護基金へ寄附いたしました (特別純米酒)
    ✨ [新規銘柄抽出] 『黒松白鹿 令和八年 全国新酒鑑評会 金賞受賞酒 大吟醸』数量限定発売のご案内 (大吟醸酒)
    ✨ [新規銘柄抽出] 『黒松白鹿 令和八年 全国新酒鑑評会 金賞受賞酒 大吟醸』  数量限定発売 (大吟醸酒)
  👉 辰馬本家酒造株式会社: 9 件の新規製品を公式Webから自動抽出・登録完了
[30/110] ID 638: 大関株式会社 (兵庫県) - URL: https://www.ozeki.co.jp/
    ✨ [新規銘柄抽出] #J 有機米使用純米酒 (純米酒)
  👉 大関株式会社: 1 件の新規製品を公式Webから自動抽出・登録完了
[31/110] ID 652: 株式会社本田商店 (兵庫県) - URL: https://www.tatsuriki.com/
  👉 株式会社本田商店: 0 件の新規製品を公式Webから自動抽出・登録完了
[32/110] ID 678: 小西酒造株式会社 (兵庫県) - URL: http://www.konishi.co.jp/
    ✨ [新規銘柄抽出] 2026年、記録的な猛暑予測に「涼」をお届け。透明感を追求した2つの純米酒を3月17日より出荷開始 (純米酒)
  👉 小西酒造株式会社: 1 件の新規製品を公式Webから自動抽出・登録完了
[33/110] ID 868: 高木酒造株式会社 (山形県) - URL: https://www.saketime.com/breweries/601/
  👉 高木酒造株式会社: 0 件の新規製品を公式Webから自動抽出・登録完了
[34/110] ID 885: 加藤嘉八郎酒造株式会社 (山形県) - URL: https://www.oyamasake.co.jp/
  👉 加藤嘉八郎酒造株式会社: 0 件の新規製品を公式Webから自動抽出・登録完了
[35/110] ID 895: 出羽桜酒造株式会社 (山形県) - URL: https://www.dewazakura.co.jp/
    ✨ [新規銘柄抽出] 桜花吟醸酒 (吟醸酒)
    ✨ [新規銘柄抽出] 吟醸酒のパイオニア (吟醸酒)
    ✨ [新規銘柄抽出] 大吟醸酒 (大吟醸酒)
    ✨ [新規銘柄抽出] 純米大吟醸酒 (純米大吟醸酒)
    ✨ [新規銘柄抽出] 純米吟醸酒 (純米吟醸酒)
    ✨ [新規銘柄抽出] 本醸造酒 (本醸造酒)
    ✨ [新規銘柄抽出] スパークリング (普通酒)
    ✨ [新規銘柄抽出] リキュール (リキュール)
    ✨ [新規銘柄抽出] 大吟醸酒・純米大吟醸酒 (純米大吟醸酒)
    ✨ [新規銘柄抽出] 吟醸酒・純米吟醸酒 (純米吟醸酒)
    ✨ [新規銘柄抽出] 本醸造酒・普通酒 (本醸造酒)
    ✨ [新規銘柄抽出] 大吟醸酒 300ml (大吟醸酒)
    ✨ [新規銘柄抽出] 大吟醸酒 720ml (大吟醸酒)
    ✨ [新規銘柄抽出] 一路 無濾過生原酒 (普通酒)
    ✨ [新規銘柄抽出] 純米大吟醸 原酒 (純米大吟醸酒)
    ✨ [新規銘柄抽出] 生酛（きもと） (普通酒)
    ✨ [新規銘柄抽出] 桜花吟醸酒（本生） (吟醸酒)
    ✨ [新規銘柄抽出] 無濾過生原酒 (普通酒)
    ✨ [新規銘柄抽出] 山廃（やまはい） (普通酒)
    ✨ [新規銘柄抽出] しぼりたて生原酒 (普通酒)
    ✨ [新規銘柄抽出] 特別純米缶 (特別純米酒)
    ✨ [新規銘柄抽出] しぼりたて 春の淡雪 (普通酒)
    ✨ [新規銘柄抽出] 蔵涼み 特別本醸造 (特別本醸造酒)
    ✨ [新規銘柄抽出] （特別純米酒） (特別純米酒)
    ✨ [新規銘柄抽出] 梅酒専用純米酒 (純米酒)
    ✨ [新規銘柄抽出] 純米大吟醸原酒 (純米大吟醸酒)
    ✨ [新規銘柄抽出] 本格梅酒 (リキュール)
  👉 出羽桜酒造株式会社: 27 件の新規製品を公式Webから自動抽出・登録完了
[36/110] ID 896: 東北銘醸株式会社 (山形県) - URL: https://www.hatsumago.co.jp/
    ✨ [新規銘柄抽出] 全量生酛造り「酒王初孫」 - 東北銘醸株式会社 (普通酒)
    ✨ [新規銘柄抽出] 我々のこだわり　全量生酛造り (普通酒)
    ✨ [新規銘柄抽出] 生酛づくりとは (普通酒)
    ✨ [新規銘柄抽出] 全量生酛造り 初孫 (普通酒)
    ✨ [新規銘柄抽出] 全量生酛造り「初孫」 (普通酒)
    ✨ [新規銘柄抽出] 初孫「香が星（かがぼし）」純米大吟醸を発売します (純米大吟醸酒)
    ✨ [新規銘柄抽出] その想いを胸に、いままでもこれからも上質な生酛造りに注力、邁進いたします。 (普通酒)
    ✨ [新規銘柄抽出] だからこそ、生酛造りにこだわり、上質な酒を通じ1人でも多くのかたに寄り添いたい。 (普通酒)
  👉 東北銘醸株式会社: 8 件の新規製品を公式Webから自動抽出・登録完了
[37/110] ID 981: 株式会社 若竹屋酒造場 (福岡県) - URL: https://wakatakeya.com/
  👉 株式会社 若竹屋酒造場: 0 件の新規製品を公式Webから自動抽出・登録完了
[38/110] ID 1137: 株式会社北川本家 (京都府) - URL: https://www.tomio-sake.co.jp/
    ✨ [新規銘柄抽出] リキュール (リキュール)
    ✨ [新規銘柄抽出] 富翁 山田錦純米 夏の山廃 (純米酒)
    ✨ [新規銘柄抽出] 祇園ハナビ 純米酒 (純米酒)
    ✨ [新規銘柄抽出] 富翁 伏見の辛口冷酒（特別本醸造） (特別本醸造酒)
    ✨ [新規銘柄抽出] 特別限定品大吟醸原酒 鮒屋三右衛門 (大吟醸酒)
    ✨ [新規銘柄抽出] 富翁 純米大吟醸 全量山田錦 (純米大吟醸酒)
    ✨ [新規銘柄抽出] 富翁 純米大吟醸 山田錦49 （ひとつ火） (純米大吟醸酒)
    ✨ [新規銘柄抽出] 富翁 大吟醸純米 吟麗 (大吟醸酒)
    ✨ [新規銘柄抽出] 富翁 純米大吟醸 ささにごり (純米大吟醸酒)
    ✨ [新規銘柄抽出] 富翁 大吟醸 山田錦 (大吟醸酒)
    ✨ [新規銘柄抽出] 富翁 大吟醸原酒 斗瓶採 (大吟醸酒)
    ✨ [新規銘柄抽出] 富翁 純米吟醸 祇園小町 (純米吟醸酒)
    ✨ [新規銘柄抽出] 富翁 純米吟醸 祝 (純米吟醸酒)
    ✨ [新規銘柄抽出] 富翁 純米吟醸 ひやおろし (純米吟醸酒)
    ✨ [新規銘柄抽出] 富翁 純米酒 プルミエアムール (純米酒)
    ✨ [新規銘柄抽出] 富翁 山田錦 純米酒 (純米酒)
    ✨ [新規銘柄抽出] 富翁 上撰本醸造 寒造り (本醸造酒)
    ✨ [新規銘柄抽出] 富翁 しぼりたて無濾過生原酒 (普通酒)
    ✨ [新規銘柄抽出] 富翁 純米吟醸 丹州山田錦 (純米吟醸酒)
    ✨ [新規銘柄抽出] 富翁 純米吟醸 山田錦58 (純米吟醸酒)
    ✨ [新規銘柄抽出] 富翁 夏限定 純米大吟醸 (純米大吟醸酒)
    ✨ [新規銘柄抽出] 富翁 純米吟醸 全量京都産米 (純米吟醸酒)
    ✨ [新規銘柄抽出] はんなり京梅酒 (リキュール)
    ✨ [新規銘柄抽出] はんなり京梅酒ミニ (リキュール)
    ✨ [新規銘柄抽出] 八ツ橋梅酒 (リキュール)
    ✨ [新規銘柄抽出] 宇治玉露梅酒 (リキュール)
    ✨ [新規銘柄抽出] にごり柚子梅酒 (リキュール)
    ✨ [新規銘柄抽出] 大原紫蘇梅酒 (リキュール)
    ✨ [新規銘柄抽出] リキュール はんなり京梅酒セット 180ml×5本 (リキュール)
    ✨ [新規銘柄抽出] リキュール はんなり京梅酒セット 180ml×3本 (リキュール)
    ✨ [新規銘柄抽出] 本格米焼酎 25°はんなり (本格焼酎)
    ✨ [新規銘柄抽出] 本格米焼酎 はんなり源蔵G (本格焼酎)
    ✨ [新規銘柄抽出] 本格米焼酎 はんなりGOLD (本格焼酎)
    ✨ [新規銘柄抽出] 純米酒 美肌 (純米酒)
  👉 株式会社北川本家: 34 件の新規製品を公式Webから自動抽出・登録完了
[39/110] ID 1139: 株式会社京姫酒造 (京都府) - URL: https://www.kyohime.co.jp/
    ✨ [新規銘柄抽出] 株式会社京姫酒造公式サイト・京都、伏見の大吟醸酒「匠」 (大吟醸酒)
    ✨ [新規銘柄抽出] 2026/5/18   (夏限定) 匠大吟醸生貯蔵販売開始のお知らせ (大吟醸酒)
    ✨ [新規銘柄抽出] 2026/2/10   (春限定) 匠 大吟醸 販売開始のお知らせ (大吟醸酒)
    ✨ [新規銘柄抽出] 特に大吟醸や純米吟醸に名付けられた『匠』という銘柄は、 (純米吟醸酒)
    ✨ [新規銘柄抽出] 大吟醸原酒 京姫 袋吊り 斗壜取り雫酒 (大吟醸酒)
    ✨ [新規銘柄抽出] 純米大吟醸 (純米大吟醸酒)
    ✨ [新規銘柄抽出] 京姫 純米大吟醸「紫」祝 38％ 桐箱入り (純米大吟醸酒)
    ✨ [新規銘柄抽出] 山田錦大吟醸　匠 (大吟醸酒)
    ✨ [新規銘柄抽出] 純米大吟醸　匠 (純米大吟醸酒)
    ✨ [新規銘柄抽出] 純米吟醸 (純米吟醸酒)
    ✨ [新規銘柄抽出] 純米吟醸　匠 (純米吟醸酒)
    ✨ [新規銘柄抽出] 果実リキュール (リキュール)
    ✨ [新規銘柄抽出] 純米大吟醸 「紫」 (純米大吟醸酒)
    ✨ [新規銘柄抽出] (夏限定)　匠 大吟醸生貯蔵 販売開始のお知らせ (大吟醸酒)
    ✨ [新規銘柄抽出] (春限定) 匠 大吟醸 低温生貯蔵 販売開始のお知らせ (大吟醸酒)
    ✨ [新規銘柄抽出] (春限定)　匠　大吟醸　低温生貯蔵 (大吟醸酒)
    ✨ [新規銘柄抽出] 京姫　大吟醸　箱入 (大吟醸酒)
    ✨ [新規銘柄抽出] 大吟醸生貯蔵 (大吟醸酒)
    ✨ [新規銘柄抽出] (夏限定)　匠 大吟醸生貯蔵 無濾過中取り (大吟醸酒)
    ✨ [新規銘柄抽出] 大吟醸原酒 (大吟醸酒)
    ✨ [新規銘柄抽出] (冬限定)　匠 大吟醸原酒 新酒しぼりたて (大吟醸酒)
    ✨ [新規銘柄抽出] 純米吟醸原酒 (純米吟醸酒)
    ✨ [新規銘柄抽出] (秋限定)　匠　純米吟醸原酒　ひやおろし (純米吟醸酒)
    ✨ [新規銘柄抽出] リキュール (リキュール)
  👉 株式会社京姫酒造: 24 件の新規製品を公式Webから自動抽出・登録完了
[40/110] ID 1141: 月桂冠株式会社 (京都府) - URL: https://www.gekkeikan.co.jp/
    ✨ [新規銘柄抽出] 純米大吟醸酒、 (純米大吟醸酒)
    ✨ [新規銘柄抽出] 純米吟醸酒、大吟醸酒 (純米吟醸酒)
    ✨ [新規銘柄抽出] 特別純米酒、純米酒 (特別純米酒)
    ✨ [新規銘柄抽出] 本醸造酒 (本醸造酒)
    ✨ [新規銘柄抽出] 生酒、にごり酒 (普通酒)
    ✨ [新規銘柄抽出] スパークリング日本酒 (普通酒)
    ✨ [新規銘柄抽出] リキュール、梅酒 (リキュール)
    ✨ [新規銘柄抽出] 吟醸、純米、本醸造の違い (吟醸酒)
    ✨ [新規銘柄抽出] 吟醸香に期待できる心と体にもたらす癒しを、月桂冠総合研究所が明らかに。 (吟醸酒)
    ✨ [新規銘柄抽出] 純米大吟醸酒、純米吟醸酒、大吟醸酒 (純米大吟醸酒)
    ✨ [新規銘柄抽出] しぼりたての香りを、食卓へ。夏に楽しみたい日本酒「生酒」 (普通酒)
    ✨ [新規銘柄抽出] 30本限定公式オンラインショップ「蔵出し原酒 京山水特別純米」発売 (特別純米酒)
    ✨ [新規銘柄抽出] 蔵出し原酒シリーズに待望の「京山水特別純米」が登場！裏ラベルにシリアルナンバー入り (特別純米酒)
    ✨ [新規銘柄抽出] 山田錦特別純米 (特別純米酒)
    ✨ [新規銘柄抽出] 純米大吟醸、純米吟醸酒、大吟醸酒 (純米大吟醸酒)
    ✨ [新規銘柄抽出] リキュール・梅酒 (リキュール)
  👉 月桂冠株式会社: 16 件の新規製品を公式Webから自動抽出・登録完了
[41/110] ID 1146: 玉乃光酒造株式会社 (京都府) - URL: https://www.tamanohikari.co.jp/
    ✨ [新規銘柄抽出] 8/25(火)出荷開始純米大吟醸 京のうつろい秋 備前雄町 ひやおろし（生詰）発売のご案内 (純米大吟醸酒)
    ✨ [新規銘柄抽出] 8/25(火)出荷開始純米大吟醸 ひやおろし 発売のご案内 (純米大吟醸酒)
    ✨ [新規銘柄抽出] 冬に仕込み、ひと夏かけてほどよく熟成された純米大吟醸酒を生詰しました。 (純米大吟醸酒)
    ✨ [新規銘柄抽出] 「味吟醸 (吟醸酒)
    ✨ [新規銘柄抽出] 純米大吟醸　Black Label (純米大吟醸酒)
    ✨ [新規銘柄抽出] 純米大吟醸 播州久米産山田錦 (純米大吟醸酒)
    ✨ [新規銘柄抽出] 純米吟醸蔵の起源 (純米吟醸酒)
    ✨ [新規銘柄抽出] なぜ、玉乃光酒造は純米吟醸しか造らない「純米吟醸蔵」になったのか。 (純米吟醸酒)
    ✨ [新規銘柄抽出] 純米酒粕 玉乃光 (純米酒)
    ✨ [新規銘柄抽出] 清酒、焼酎、リキュール、酒粕の製造販売 (リキュール)
    ✨ [新規銘柄抽出] 純米大吟醸 (純米大吟醸酒)
    ✨ [新規銘柄抽出] 有機純米大吟醸 備前雄町100％ (純米大吟醸酒)
    ✨ [新規銘柄抽出] オーガニック日本酒の純米大吟醸酒。 (純米大吟醸酒)
    ✨ [新規銘柄抽出] 酒米の元祖、「雄町」の純米大吟醸酒。 (純米大吟醸酒)
    ✨ [新規銘柄抽出] 低温熟成された特別な純米大吟醸酒 (純米大吟醸酒)
    ✨ [新規銘柄抽出] 酒米の横綱、特A地区山田錦を使った純米大吟醸酒。 (純米大吟醸酒)
    ✨ [新規銘柄抽出] 京都産の酒米「祝」の純米大吟醸酒 (純米大吟醸酒)
    ✨ [新規銘柄抽出] 希少な酒米「渡船2号」で醸した純米大吟醸酒。芳醇な香りとキレのある味わいが絶品です。 (純米大吟醸酒)
    ✨ [新規銘柄抽出] 有機純米吟醸 (純米吟醸酒)
    ✨ [新規銘柄抽出] 純米大吟醸の入門酒 (純米大吟醸酒)
    ✨ [新規銘柄抽出] 純米吟醸 (純米吟醸酒)
    ✨ [新規銘柄抽出] すっきりと、キレのある辛口タイプの純米吟醸酒。 さらりとした口当たりで、食事を最大限に引き立てます。 (純米吟醸酒)
    ✨ [新規銘柄抽出] 「ワイン酵母」で醸した純米吟醸酒 (純米吟醸酒)
    ✨ [新規銘柄抽出] 純米吟醸を、お手軽に。 (純米吟醸酒)
    ✨ [新規銘柄抽出] 暑い夏を爽やかに感じてもらえるよう、京都産酒米「祝」で純米大吟醸のすっきりとした生酒を仕立てました。 (純米大吟醸酒)
    ✨ [新規銘柄抽出] 冬に仕込み、ひと夏かけて、ほどよく熟成された純米大吟醸酒を生詰。 (純米大吟醸酒)
    ✨ [新規銘柄抽出] 今期の「しぼりたて」に火入れをせず、生のまま、原酒のまま瓶詰。 (普通酒)
    ✨ [新規銘柄抽出] 純米大吟醸の生貯蔵酒。 (純米大吟醸酒)
    ✨ [新規銘柄抽出] 京都府産米のみで醸した夏の限定酒。生貯蔵酒ならではのやわらかな口当たりで、キレも良い純米吟醸酒です。 (純米吟醸酒)
    ✨ [新規銘柄抽出] ひやおろし (普通酒)
    ✨ [新規銘柄抽出] しぼりたて原酒 (普通酒)
    ✨ [新規銘柄抽出] 「新酒」のしぼりたて原酒。 (普通酒)
    ✨ [新規銘柄抽出] 本格焼酎 (本格焼酎)
    ✨ [新規銘柄抽出] 料理を引き立てる本格焼酎 (本格焼酎)
    ✨ [新規銘柄抽出] リキュール (リキュール)
    ✨ [新規銘柄抽出] 日本酒蔵が仕込んだ本格焼酎と、完熟ゆず果汁を使った、香り高い柚子酒。ロックや炭酸割りがオススメです。 (リキュール)
    ✨ [新規銘柄抽出] 京の梅酒 (リキュール)
    ✨ [新規銘柄抽出] 純米吟醸酒で仕込んだ梅酒 (純米吟醸酒)
  👉 玉乃光酒造株式会社: 38 件の新規製品を公式Webから自動抽出・登録完了
[42/110] ID 1378: 株式会社萬乗醸造 (愛知県) - URL: https://kuheiji.co.jp/
  👉 株式会社萬乗醸造: 0 件の新規製品を公式Webから自動抽出・登録完了
[43/110] ID 1409: 関谷醸造株式会社 (愛知県) - URL: https://www.houraisen.co.jp/
    ✨ [新規銘柄抽出] 吟醸工房 (吟醸酒)
    ✨ [新規銘柄抽出] ほうらいせん吟醸工房の酒蔵見学をウェブで体験！酒造りの工程から、田んぼや各所設備をご案内します。 (吟醸酒)
    ✨ [新規銘柄抽出] 吟醸工房： (吟醸酒)
    ✨ [新規銘柄抽出] 吟醸工房営業時間： (吟醸酒)
  👉 関谷醸造株式会社: 4 件の新規製品を公式Webから自動抽出・登録完了
[44/110] ID 1843: 磯自慢酒造株式会社 (静岡県) - URL: https://www.isojiman-sake.jp/
  👉 磯自慢酒造株式会社: 0 件の新規製品を公式Webから自動抽出・登録完了
[45/110] ID 1853: 株式会社土井酒造場 (静岡県) - URL: https://kaiun-sake.com/
  👉 株式会社土井酒造場: 0 件の新規製品を公式Webから自動抽出・登録完了
[46/110] ID 1921: 旭酒造株式会社 (山口県) - URL: https://www.dassai.co.jp/
  👉 旭酒造株式会社: 0 件の新規製品を公式Webから自動抽出・登録完了
[47/110] ID 1930: 株式会社澄川酒造場 (山口県) - URL: https://toyobijin.jp/
    ✨ [新規銘柄抽出] 「東洋美人 純米大吟醸 壱番纏 」が日露首脳会談の夕食酒に選ばれる。 (純米大吟醸酒)
    ✨ [新規銘柄抽出] JALのファーストクラスの提供酒として、「東洋美人 純米大吟醸 一天」がラインナップ。 (純米大吟醸酒)
    ✨ [新規銘柄抽出] 東洋美人 純米大吟醸 壱番纏 (純米大吟醸酒)
    ✨ [新規銘柄抽出] 東洋美人 特吟 純米大吟醸 播州愛山 (純米大吟醸酒)
    ✨ [新規銘柄抽出] 東洋美人 純米大吟醸 プリンセスミチコ (純米大吟醸酒)
    ✨ [新規銘柄抽出] 東洋美人 限定純米吟醸 醇道一途 山田錦 (純米吟醸酒)
    ✨ [新規銘柄抽出] 東洋美人 限定純米吟醸 醇道一途 直汲み生 (純米吟醸酒)
    ✨ [新規銘柄抽出] 東洋美人 限定純米吟醸 醇道一途 西都の雫 (純米吟醸酒)
    ✨ [新規銘柄抽出] 東洋美人 限定純米吟醸 醇道一途 酒未来 (純米吟醸酒)
    ✨ [新規銘柄抽出] 東洋美人 限定純米吟醸 醇道一途 雄町 (純米吟醸酒)
    ✨ [新規銘柄抽出] 東洋美人 限定純米吟醸 醇道一途 愛山 (純米吟醸酒)
    ✨ [新規銘柄抽出] 東洋美人 限定純米吟醸 醇道一途 羽州誉 (純米吟醸酒)
  👉 株式会社澄川酒造場: 12 件の新規製品を公式Webから自動抽出・登録完了
[48/110] ID 2169: 有限会社渡辺酒造店 (岐阜県) - URL: https://www.sake-hourai.co.jp/
    ✨ [新規銘柄抽出] 蓬莱　初しぼりから熟睡参百日　無濾過生原酒 (普通酒)
    ✨ [新規銘柄抽出] 蓬莱　純米大吟醸　色おとこ　✨レアラベル登場✨ (純米大吟醸酒)
    ✨ [新規銘柄抽出] 純米大吟醸 (純米大吟醸酒)
    ✨ [新規銘柄抽出] 蓬莱　純米酒　奥伝寒造り (純米酒)
    ✨ [新規銘柄抽出] 蓬莱　純米大吟醸　心白18 (純米大吟醸酒)
    ✨ [新規銘柄抽出] にごり酒 (普通酒)
    ✨ [新規銘柄抽出] 純米吟醸 (純米吟醸酒)
    ✨ [新規銘柄抽出] 特別本醸造 (特別本醸造酒)
    ✨ [新規銘柄抽出] ★新商品★蓬莱　純米吟醸#推しの酒 (純米吟醸酒)
    ✨ [新規銘柄抽出] 純米吟醸酒 (純米吟醸酒)
    ✨ [新規銘柄抽出] 蓬莱　純米大吟醸　飛騨テロワール40 (純米大吟醸酒)
    ✨ [新規銘柄抽出] 蓬莱　生々　純米大吟醸　色おとこ (純米大吟醸酒)
    ✨ [新規銘柄抽出] 蓬莱　吟醸伝統辛口 (吟醸酒)
    ✨ [新規銘柄抽出] 飛騨の厳しい寒さが、飲み口爽やかな吟醸酒を育てました。ほどよい辛口、飲み飽きしな... (吟醸酒)
    ✨ [新規銘柄抽出] 蓬莱　槽場直詰め　無濾過生原酒 (普通酒)
    ✨ [新規銘柄抽出] 北アルプス雪渓伏流水と地元産の酒米「飛騨ほまれ」を55％まで磨き上げた本醸造酒で... (本醸造酒)
    ✨ [新規銘柄抽出] 吟醸原酒 (吟醸酒)
    ✨ [新規銘柄抽出] 自然発酵蔵ひやおろし特別純米 (特別純米酒)
    ✨ [新規銘柄抽出] 特別純米酒 (特別純米酒)
    ✨ [新規銘柄抽出] 古典醸法の原点　 純米大吟醸 柿渋染め木綿搾り (純米大吟醸酒)
    ✨ [新規銘柄抽出] 初汲み35 純米吟醸生貯蔵酒 (純米吟醸酒)
    ✨ [新規銘柄抽出] 本年度初の純米吟醸を朝しぼると同時に素早くビン詰めして1回火入れで氷冷貯蔵、日本... (純米吟醸酒)
    ✨ [新規銘柄抽出] 超新鮮！ 蓬莱 新酒しぼりたて (普通酒)
    ✨ [新規銘柄抽出] ふな口から流れ出たお酒を鮮度そのままびん詰めした本物の純生原酒です。鮮烈な味わい... (普通酒)
    ✨ [新規銘柄抽出] 発酵完了直前のもろみをそのまま練りひいた蔵出し一番にごり酒。荒削りな中にもおおら... (普通酒)
    ✨ [新規銘柄抽出] 禁断の大吟醸コーヒー (大吟醸酒)
    ✨ [新規銘柄抽出] 禁断の大吟醸ケーキ (大吟醸酒)
  👉 有限会社渡辺酒造店: 27 件の新規製品を公式Webから自動抽出・登録完了
[49/110] ID 2170: 有限会社蒲酒造場 (岐阜県) - URL: https://www.yancha.com/
    ✨ [新規銘柄抽出] 🍃4月24日(金) 蔵出し！純米吟醸 飛騨の涼風 (純米吟醸酒)
    ✨ [新規銘柄抽出] 🌸3月19日(金) 蔵出し！春吟醸 (吟醸酒)
    ✨ [新規銘柄抽出] 🌾11/14（金）リニューアル蔵出し！飛騨乃しらまゆみ しぼりたて生原酒 (普通酒)
    ✨ [新規銘柄抽出] 🍁9/19(金) 蔵出し！ 山廃仕込純米酒　NEO CLASSIC (純米酒)
    ✨ [新規銘柄抽出] 夏の暑さに爽やかな旨さが心地よく広がる純米吟醸。 (純米吟醸酒)
    ✨ [新規銘柄抽出] 日本酒スパークリングの先駆け。シュワっと爽快なじゃんぱんで乾杯！お祝いや仲間とのパーティーに。 (普通酒)
    ✨ [新規銘柄抽出] 純米大吟醸 (純米大吟醸酒)
    ✨ [新規銘柄抽出] 純米吟醸 (純米吟醸酒)
    ✨ [新規銘柄抽出] にごり酒 (普通酒)
    ✨ [新規銘柄抽出] スパークリング清酒 (普通酒)
    ✨ [新規銘柄抽出] 和リキュール (リキュール)
    ✨ [新規銘柄抽出] 🍃4月25日(金) 蔵出し！純米吟醸 生 ひだほまれ 中取り (純米吟醸酒)
  👉 有限会社蒲酒造場: 12 件の新規製品を公式Webから自動抽出・登録完了
[50/110] ID 2249: 株式会社吉田酒造店 (石川県) - URL: https://tedorigawa.com/
    ✨ [新規銘柄抽出] 純米大吟醸 (純米大吟醸酒)
    ✨ [新規銘柄抽出] 手取川 大吟醸 (大吟醸酒)
    ✨ [新規銘柄抽出] 手取川 大吟醸生酒 (大吟醸酒)
    ✨ [新規銘柄抽出] 手取川 山廃仕込 (普通酒)
    ✨ [新規銘柄抽出] 手取川 純米酒 (純米酒)
  👉 株式会社吉田酒造店: 5 件の新規製品を公式Webから自動抽出・登録完了
[51/110] ID 2486: 神亀酒造株式会社 (埼玉県) - URL: http://shinkame.co.jp/
    ✨ [新規銘柄抽出] 純米大吟醸酒 / Junmai Daiginjo (純米大吟醸酒)
    ✨ [新規銘柄抽出] 純米吟醸酒 / Junmai Ginjo (純米吟醸酒)
    ✨ [新規銘柄抽出] 純米酒 / Junmaishu (純米酒)
    ✨ [新規銘柄抽出] 山廃純米酒 / Yamahai (純米酒)
    ✨ [新規銘柄抽出] 長期熟成純米酒 / Long-term Aging (純米酒)
  👉 神亀酒造株式会社: 5 件の新規製品を公式Webから自動抽出・登録完了
[52/110] ID 2500: 晴雲酒造株式会社 (埼玉県) - URL: https://seiun-sake.co.jp/
  👉 晴雲酒造株式会社: 0 件の新規製品を公式Webから自動抽出・登録完了
[53/110] ID 2684: 石鎚酒造株式会社 (愛媛県) - URL: https://ishizuchi.co.jp/
    ✨ [新規銘柄抽出] 純米酒、純米吟醸酒を中心に、3杯目から旨くなる酒を目指します。 (純米吟醸酒)
    ✨ [新規銘柄抽出] 特別販売商品   石鎚 限定大吟醸 『金賞受賞酒』 (大吟醸酒)
    ✨ [新規銘柄抽出] SAKE COMPETITION 2026 純米吟醸部門にてSILVERを受賞いたしました (純米吟醸酒)
    ✨ [新規銘柄抽出] 夏季限定商品「石鎚　特別純米　夏純米」 (特別純米酒)
    ✨ [新規銘柄抽出] 大吟醸・純米大吟醸 (純米大吟醸酒)
    ✨ [新規銘柄抽出] 純米吟醸 (純米吟醸酒)
    ✨ [新規銘柄抽出] 大吟醸 大雄峰 (大吟醸酒)
    ✨ [新規銘柄抽出] 2003年全国酒類コンクール吟醸・大吟醸部門　全国第1位　グランプリ受賞酒 (大吟醸酒)
    ✨ [新規銘柄抽出] 限定大吟醸 無濾過原酒 (大吟醸酒)
    ✨ [新規銘柄抽出] 限定大吟醸 (大吟醸酒)
    ✨ [新規銘柄抽出] 吟醸酒の頂点をめざす蔵元の意欲作。 (吟醸酒)
    ✨ [新規銘柄抽出] 吟醸味豊かな入魂の一滴です（毎年12月より発売） (吟醸酒)
    ✨ [新規銘柄抽出] 真精大吟醸 (大吟醸酒)
    ✨ [新規銘柄抽出] 袋吊りの雫酒を斗瓶で囲った別格大吟醸 (大吟醸酒)
    ✨ [新規銘柄抽出] 純米大吟醸 石鎚正宗 (純米大吟醸酒)
    ✨ [新規銘柄抽出] 純米大吟醸 (純米大吟醸酒)
    ✨ [新規銘柄抽出] 純米大吟醸 さくらひめ (純米大吟醸酒)
    ✨ [新規銘柄抽出] 華やかな香りが特徴の純米大吟醸酒です。 (純米大吟醸酒)
    ✨ [新規銘柄抽出] 純米吟醸 山田錦50 (純米吟醸酒)
    ✨ [新規銘柄抽出] 純米吟醸 備前雄町50 (純米吟醸酒)
    ✨ [新規銘柄抽出] 純米吟醸 プリンセスミチコ (純米吟醸酒)
    ✨ [新規銘柄抽出] 華やかな吟醸香と優しい口当たり (吟醸酒)
    ✨ [新規銘柄抽出] 純米吟醸 朝日米55 (純米吟醸酒)
    ✨ [新規銘柄抽出] 純米吟醸 愛山50 (純米吟醸酒)
    ✨ [新規銘柄抽出] 優雅な吟醸香が漂うなめらかな純米吟醸酒 (純米吟醸酒)
    ✨ [新規銘柄抽出] 純米吟醸 緑ラベル (純米吟醸酒)
    ✨ [新規銘柄抽出] 穏やかながら凛とした気品漂う食中純米吟醸 (純米吟醸酒)
    ✨ [新規銘柄抽出] 当蔵の吟醸技術を結集した辛口純米酒（毎年10月より発売） (吟醸酒)
    ✨ [新規銘柄抽出] 熊本酵母と備前雄町で仕込んだしなやかな純米酒（毎年10月より発売） (純米酒)
    ✨ [新規銘柄抽出] お米の旨味をそのままに、透明感のある芳香味豊かな純米酒 (純米酒)
    ✨ [新規銘柄抽出] 石鎚の新酒しぼりたて。 (普通酒)
    ✨ [新規銘柄抽出] 純米酒のBY第１号です（1月〜3月のみ発売） (純米酒)
    ✨ [新規銘柄抽出] 純米吟醸 春の酒 (純米吟醸酒)
    ✨ [新規銘柄抽出] 満開の桜をイメージした優雅な春の純米吟醸酒（3月〜4月のみ発売） (純米吟醸酒)
    ✨ [新規銘柄抽出] 吟醸酒 夏吟 (吟醸酒)
    ✨ [新規銘柄抽出] 夏季限定の香り高くシャープな吟醸酒（5月〜7月のみ発売） (吟醸酒)
    ✨ [新規銘柄抽出] 特別純米酒 夏純米 (特別純米酒)
    ✨ [新規銘柄抽出] 特別純米酒 (特別純米酒)
    ✨ [新規銘柄抽出] 日本の夏を食と彩る純米酒。 (純米酒)
    ✨ [新規銘柄抽出] 鰻に合う純米酒がコンセプト。 (純米酒)
    ✨ [新規銘柄抽出] 特別純米 ひやおろし (特別純米酒)
    ✨ [新規銘柄抽出] 特別純米 (特別純米酒)
    ✨ [新規銘柄抽出] ひやおろし (普通酒)
    ✨ [新規銘柄抽出] 秋定番の辛口食中純米酒（9月〜11月のみ発売） (純米酒)
    ✨ [新規銘柄抽出] 晩酌 本醸造 (本醸造酒)
    ✨ [新規銘柄抽出] 極み辛口 本醸造＋10 (本醸造酒)
    ✨ [新規銘柄抽出] 本醸造＋10 (本醸造酒)
    ✨ [新規銘柄抽出] 純米吟醸 粕取り焼酎 25° (純米吟醸酒)
    ✨ [新規銘柄抽出] 純米吟醸 粕取り焼酎 40° (純米吟醸酒)
  👉 石鎚酒造株式会社: 49 件の新規製品を公式Webから自動抽出・登録完了
[54/110] ID 2699: 千代の亀酒造株式会社 (愛媛県) - URL: https://chiyonokame.com/
  👉 千代の亀酒造株式会社: 0 件の新規製品を公式Webから自動抽出・登録完了
[55/110] ID 3200: 熊屋酒造 (岡山県) - URL: https://kumaya.jp/
  👉 熊屋酒造: 0 件の新規製品を公式Webから自動抽出・登録完了
[56/110] ID 3444: 桃川株式会社 (青森県) - URL: https://www.momokawa.co.jp/
    ✨ [新規銘柄抽出] にごり酒 (普通酒)
    ✨ [新規銘柄抽出] リキュール (リキュール)
    ✨ [新規銘柄抽出] 桃川の四大商品群　桃川・ねぶた・杉玉・にごり酒 (普通酒)
    ✨ [新規銘柄抽出] 甘口にごり酒 (普通酒)
    ✨ [新規銘柄抽出] 金賞受賞酒優等賞受賞酒「大吟醸雫酒720ml」本日蔵出し開始！ (大吟醸酒)
    ✨ [新規銘柄抽出] 季節限定商品特別純米酒ねぶた720ｍｌ蔵出し開始！　青森の夏を彩るおみやげやご贈答に！ (特別純米酒)
    ✨ [新規銘柄抽出] 2026吟醸純米杉玉生貯蔵バナー (吟醸酒)
    ✨ [新規銘柄抽出] 桃川　王松（大吟醸純米酒）720ml (大吟醸酒)
    ✨ [新規銘柄抽出] 桃川　王松（大吟醸純米酒）1800ml (大吟醸酒)
  👉 桃川株式会社: 9 件の新規製品を公式Webから自動抽出・登録完了
[57/110] ID 3446: 八戸酒造株式会社 (青森県) - URL: https://mutsu8000.com/
    ✨ [新規銘柄抽出] 特別純米（火入） (特別純米酒)
    ✨ [新規銘柄抽出] 吟醸（火入） (吟醸酒)
    ✨ [新規銘柄抽出] 純米吟醸（火入） (純米吟醸酒)
    ✨ [新規銘柄抽出] 大吟醸（火入） (大吟醸酒)
    ✨ [新規銘柄抽出] 純米大吟醸（火入） (純米大吟醸酒)
    ✨ [新規銘柄抽出] 特別純米 生原酒 (特別純米酒)
    ✨ [新規銘柄抽出] 純米大吟醸 生原酒 (純米大吟醸酒)
    ✨ [新規銘柄抽出] 裏男山　生原酒 (普通酒)
    ✨ [新規銘柄抽出] （純米活性にごり 生原酒） (純米酒)
    ✨ [新規銘柄抽出] 特別純米 (特別純米酒)
    ✨ [新規銘柄抽出] 純米吟醸 ひやおろし (純米吟醸酒)
    ✨ [新規銘柄抽出] 特別純米 直汲み生原酒 (特別純米酒)
    ✨ [新規銘柄抽出] 特別純米 おりがらみ 生原酒 (特別純米酒)
    ✨ [新規銘柄抽出] 吟醸 生原酒 (吟醸酒)
    ✨ [新規銘柄抽出] 純米 生原酒 (純米酒)
    ✨ [新規銘柄抽出] 純米吟醸 生原酒 (純米吟醸酒)
    ✨ [新規銘柄抽出] 純米大吟醸 (純米大吟醸酒)
    ✨ [新規銘柄抽出] リキュール (リキュール)
    ✨ [新規銘柄抽出] ボンサーブヨーグルトリキュール (リキュール)
    ✨ [新規銘柄抽出] 純米大吟醸（予約商品） (純米大吟醸酒)
  👉 八戸酒造株式会社: 20 件の新規製品を公式Webから自動抽出・登録完了
[58/110] ID 3447: 株式会社西田酒造店 (青森県) - URL: http://www.densyu.co.jp/
  👉 株式会社西田酒造店: 0 件の新規製品を公式Webから自動抽出・登録完了
[59/110] ID 3452: 六花酒造株式会社 (青森県) - URL: https://www.rokkashuzo.com/
    ✨ [新規銘柄抽出] 六花酒造株式会社（公式）ウェブサイト｜青森の地酒・日本酒・焼酎・リキュールの製造・販売 (リキュール)
  👉 六花酒造株式会社: 1 件の新規製品を公式Webから自動抽出・登録完了
[60/110] ID 3811: 清水清三郎商店株式会社 (三重県) - URL: https://seizaburo.imari.ne.jp/
  👉 清水清三郎商店株式会社: 0 件の新規製品を公式Webから自動抽出・登録完了
[61/110] ID 4108: 小澤酒造株式会社 (東京都) - URL: https://www.sawanoi-sake.com/
    ✨ [新規銘柄抽出] 純米大吟醸 (純米大吟醸酒)
    ✨ [新規銘柄抽出] 純米吟醸／吟醸 (純米吟醸酒)
    ✨ [新規銘柄抽出] 特別純米／純米 (特別純米酒)
    ✨ [新規銘柄抽出] リキュール／焼酎 (リキュール)
    ✨ [新規銘柄抽出] 大吟醸 凰（こう） (大吟醸酒)
    ✨ [新規銘柄抽出] 純米吟醸　蒼天（そうてん） (純米吟醸酒)
    ✨ [新規銘柄抽出] 特別純米 (特別純米酒)
    ✨ [新規銘柄抽出] 本醸造生酒 (本醸造酒)
    ✨ [新規銘柄抽出] 本醸造大辛口 (本醸造酒)
    ✨ [新規銘柄抽出] １月吟醸新しぼり (吟醸酒)
    ✨ [新規銘柄抽出] ３月蒼天無濾過生原酒 (普通酒)
    ✨ [新規銘柄抽出] ３月無濾過生原酒 (普通酒)
    ✨ [新規銘柄抽出] ５月梅酒にしたらおいしい原酒 (リキュール)
    ✨ [新規銘柄抽出] ６月純米生原酒 (純米酒)
    ✨ [新規銘柄抽出] ９月純米ひやおろし (純米酒)
    ✨ [新規銘柄抽出] 冬季しぼりたて (普通酒)
    ✨ [新規銘柄抽出] 10月純米生原酒しぼりたて (純米酒)
    ✨ [新規銘柄抽出] 11月辛口にごり酒 (普通酒)
    ✨ [新規銘柄抽出] 11月木桶仕込生原酒 (普通酒)
    ✨ [新規銘柄抽出] 蔵守　2001年醸造純米大吟醸 (純米大吟醸酒)
    ✨ [新規銘柄抽出] 蔵守　2017年醸造生酛純米吟醸 (純米吟醸酒)
  👉 小澤酒造株式会社: 21 件の新規製品を公式Webから自動抽出・登録完了
[62/110] ID 4311: 鍋店 (千葉県) - URL: https://www.nabedana.co.jp/
    ✨ [新規銘柄抽出] 不動・純米生原酒ふさこがね磨き80を出荷開始!!! (純米酒)
    ✨ [新規銘柄抽出] 不動・夏吟醸4アイテムを5月13日から出荷開始致します。 (吟醸酒)
    ✨ [新規銘柄抽出] 不動　純米吟醸生原酒 GREEN を発売します。 (純米吟醸酒)
    ✨ [新規銘柄抽出] 不動レインボーラベル山田錦純米大吟醸35%を3月11日(水)より出荷します。 (純米大吟醸酒)
    ✨ [新規銘柄抽出] 不動 滓がらみ純米吟醸生原酒 を出荷開始致します (純米吟醸酒)
    ✨ [新規銘柄抽出] 不動 夏吟醸 無濾過生 純米大吟醸 (純米大吟醸酒)
    ✨ [新規銘柄抽出] 不動 夏吟醸 無濾過生 純米吟醸 (純米吟醸酒)
    ✨ [新規銘柄抽出] 仁勇 純米吟醸 (純米吟醸酒)
    ✨ [新規銘柄抽出] 仁勇 純米酒 白麹仕込み (純米酒)
    ✨ [新規銘柄抽出] 仁勇 超特選大吟醸 大樹 (大吟醸酒)
    ✨ [新規銘柄抽出] 仁勇 純米大吟醸 (純米大吟醸酒)
    ✨ [新規銘柄抽出] 特別純米 粒すけ (特別純米酒)
    ✨ [新規銘柄抽出] 特別純米 八千代桜 (特別純米酒)
    ✨ [新規銘柄抽出] 純米大吟醸 やちよ桜 (純米大吟醸酒)
    ✨ [新規銘柄抽出] 特別純米 神崎蔵 (特別純米酒)
    ✨ [新規銘柄抽出] 仁勇 純米吟醸江戸の夢 ミニ枡付 (純米吟醸酒)
    ✨ [新規銘柄抽出] 仁勇 特選大吟醸 五年古酒 鍋屋源五右衛門 (大吟醸酒)
    ✨ [新規銘柄抽出] 仁勇 山廃純米 秋上がり (純米酒)
    ✨ [新規銘柄抽出] 仁勇 山廃純米 天恵 (純米酒)
    ✨ [新規銘柄抽出] 仁勇 純米酒 (純米酒)
    ✨ [新規銘柄抽出] 本醸造酒 (本醸造酒)
    ✨ [新規銘柄抽出] 仁勇 本醸造辛口 (本醸造酒)
    ✨ [新規銘柄抽出] 仁勇 本醸造樽酒 (本醸造酒)
    ✨ [新規銘柄抽出] 仁勇 純金箔入 本醸造寿ラベル (本醸造酒)
    ✨ [新規銘柄抽出] 定番酒・リキュール (リキュール)
    ✨ [新規銘柄抽出] 仁勇 にごり梅酒 (リキュール)
    ✨ [新規銘柄抽出] 仁勇 にごり酒 (普通酒)
    ✨ [新規銘柄抽出] 仁勇 こだわり梅酒 (リキュール)
    ✨ [新規銘柄抽出] 不動 吊るししぼり 山田錦３５％精米 純米大吟醸 (純米大吟醸酒)
    ✨ [新規銘柄抽出] 不動 吊るししぼり 無濾過 大吟醸生原酒 (大吟醸酒)
    ✨ [新規銘柄抽出] 不動 吊るししぼり 無濾過 純米大吟醸生原酒 (純米大吟醸酒)
    ✨ [新規銘柄抽出] 不動 吊るししぼり 無濾過 純米吟醸生原酒 (純米吟醸酒)
    ✨ [新規銘柄抽出] 不動 山田５０％精米 純米大吟醸 (純米大吟醸酒)
    ✨ [新規銘柄抽出] 不動 一度火入れ 純米吟醸 (純米吟醸酒)
    ✨ [新規銘柄抽出] 不動 一度火入れ 純米大吟醸 (純米大吟醸酒)
    ✨ [新規銘柄抽出] 不動 新酒しぼりたて 直汲み生原酒 純米大吟醸 (純米大吟醸酒)
    ✨ [新規銘柄抽出] 不動 新酒しぼりたて 直汲み生原酒 純米吟醸 (純米吟醸酒)
    ✨ [新規銘柄抽出] 不動 新酒しぼりたて 吟醸にごり (吟醸酒)
    ✨ [新規銘柄抽出] 不動 純米吟醸 無濾過生原酒 出羽燦々おりがらみ (純米吟醸酒)
    ✨ [新規銘柄抽出] 不動 彗星 無濾過 純米吟醸生原酒 (純米吟醸酒)
    ✨ [新規銘柄抽出] 不動 ひやおろし 生詰原酒 純米吟醸 (純米吟醸酒)
    ✨ [新規銘柄抽出] 不動 一度火入れ 山廃純米 (純米酒)
    ✨ [新規銘柄抽出] 不動 一度火入れ 特別純米 (特別純米酒)
    ✨ [新規銘柄抽出] 不動 水酛 純米生原酒 (純米酒)
    ✨ [新規銘柄抽出] 不動 ふさこがね磨き８０ 純米生原酒 (純米酒)
    ✨ [新規銘柄抽出] 本醸造酒・定番酒・リキュール (本醸造酒)
  👉 鍋店: 46 件の新規製品を公式Webから自動抽出・登録完了
[63/110] ID 4699: 佐浦 (宮城県) - URL: https://www.uragasumi.com/
  👉 佐浦: 0 件の新規製品を公式Webから自動抽出・登録完了
[64/110] ID 4701: 一ノ蔵 (宮城県) - URL: https://ichinokura.co.jp/
    ✨ [新規銘柄抽出] 特別純米酒シリーズ (特別純米酒)
    ✨ [新規銘柄抽出] 一ノ蔵無鑑査本醸造 (本醸造酒)
    ✨ [新規銘柄抽出] 新商品『一ノ蔵 特別純米酒超辛口 ひやおろし』2026年秋新発売！ (特別純米酒)
    ✨ [新規銘柄抽出] ・一ノ蔵 無鑑査本醸造辛口720ml×1本 (本醸造酒)
    ✨ [新規銘柄抽出] 「一ノ蔵 純米大吟醸 笙鼓(しょうこ) 」 (純米大吟醸酒)
    ✨ [新規銘柄抽出] グラスに注いだ瞬間から立ちのぼる華やかな吟醸香が、特別なひとときの訪れを告げてくれます。 (吟醸酒)
    ✨ [新規銘柄抽出] 「一ノ蔵 純米大吟醸 松山天(しょうざんてん)」 (純米大吟醸酒)
    ✨ [新規銘柄抽出] 「一ノ蔵 大吟醸」 (大吟醸酒)
    ✨ [新規銘柄抽出] 宮城県限定品「一ノ蔵 ササニシキ純米大吟醸」 (純米大吟醸酒)
    ✨ [新規銘柄抽出] 宮城県限定品「一ノ蔵 特別純米酒 大和伝」 (特別純米酒)
    ✨ [新規銘柄抽出] 新商品『一ノ蔵 特別純米酒超辛口... (特別純米酒)
    ✨ [新規銘柄抽出] 従来の一ノ蔵のひやおろし(※)のイメージを覆す「超辛口ひやおろし」が2026年秋に新発売！ (普通酒)
    ✨ [新規銘柄抽出] 秋の豊かな味覚の数々と共に進化した「一ノ蔵 特別純米酒超辛口ひやおろし」をどうぞお楽しみください。 (特別純米酒)
    ✨ [新規銘柄抽出] ○商品名：一ノ蔵 特別純米酒超辛口ひやおろし (特別純米酒)
    ✨ [新規銘柄抽出] 純米吟醸酒・吟醸酒 (純米吟醸酒)
    ✨ [新規銘柄抽出] 特別純米酒・純米酒 (特別純米酒)
    ✨ [新規銘柄抽出] 本醸造酒 (本醸造酒)
    ✨ [新規銘柄抽出] スパークリング清酒 (普通酒)
    ✨ [新規銘柄抽出] 新伝統酒・スパークリング清酒 (普通酒)
  👉 一ノ蔵: 19 件の新規製品を公式Webから自動抽出・登録完了
[65/110] ID 4702: 新澤醸造店 (宮城県) - URL: https://niizawa-brewery.co.jp/
    ✨ [新規銘柄抽出] ◇季節限定商品◇「あたごのまつ 純米大吟醸 白鶴錦」 (純米大吟醸酒)
    ✨ [新規銘柄抽出] リキュール (リキュール)
    ✨ [新規銘柄抽出] 特別純米 (特別純米酒)
    ✨ [新規銘柄抽出] 純米吟醸 (純米吟醸酒)
    ✨ [新規銘柄抽出] 純米大吟醸 (純米大吟醸酒)
    ✨ [新規銘柄抽出] 純米大吟醸 ひかり (純米大吟醸酒)
    ✨ [新規銘柄抽出] 特別純米 冷卸 (特別純米酒)
    ✨ [新規銘柄抽出] 純米吟醸 冷卸 (純米吟醸酒)
    ✨ [新規銘柄抽出] 純米吟醸 雄町 (純米吟醸酒)
    ✨ [新規銘柄抽出] 純米大吟醸 雪華 (純米大吟醸酒)
    ✨ [新規銘柄抽出] 純米大吟醸 金箔酒 (純米大吟醸酒)
    ✨ [新規銘柄抽出] 純米吟醸 ささら (純米吟醸酒)
    ✨ [新規銘柄抽出] 別仕込本醸造 (本醸造酒)
    ✨ [新規銘柄抽出] はるこい 純米吟醸 (純米吟醸酒)
    ✨ [新規銘柄抽出] 純米大吟醸 白鶴錦 (純米大吟醸酒)
    ✨ [新規銘柄抽出] 大吟醸 出品酒 (大吟醸酒)
    ✨ [新規銘柄抽出] 佐藤農場の梅酒 (リキュール)
    ✨ [新規銘柄抽出] 岸浪園の梅酒 (リキュール)
    ✨ [新規銘柄抽出] 芳醇ゆず酒 (リキュール)
    ✨ [新規銘柄抽出] スパークリング (普通酒)
  👉 新澤醸造店: 20 件の新規製品を公式Webから自動抽出・登録完了
[66/110] ID 4714: 男山本店 (宮城県) - URL: https://www.kesennuma.co.jp/
    ✨ [新規銘柄抽出] 数量限定『蒼天伝 純米吟醸 金山貯蔵酒』発売 (純米吟醸酒)
  👉 男山本店: 1 件の新規製品を公式Webから自動抽出・登録完了
[67/110] ID 4718: 蔵王酒造 (宮城県) - URL: https://www.zao-sake.com/
    ✨ [新規銘柄抽出] 吟醸王国・山形を生んだ、数多の酒蔵。 (吟醸酒)
  👉 蔵王酒造: 1 件の新規製品を公式Webから自動抽出・登録完了
[68/110] ID 5246: 黒龍酒造株式会社 (福井県) - URL: https://www.kokuryu.co.jp/
  👉 黒龍酒造株式会社: 0 件の新規製品を公式Webから自動抽出・登録完了
[69/110] ID 5263: 合資会社加藤吉平商店 (福井県) - URL: https://www.born.jp/
  👉 合資会社加藤吉平商店: 0 件の新規製品を公式Webから自動抽出・登録完了
[70/110] ID 5570: 赤武酒造株式会社 (岩手県) - URL: https://akabu1.com/
  👉 赤武酒造株式会社: 0 件の新規製品を公式Webから自動抽出・登録完了
[71/110] ID 5588: 株式会社南部美人 (岩手県) - URL: https://www.nanbubijin.co.jp/
    ✨ [新規銘柄抽出] リキュール (リキュール)
    ✨ [新規銘柄抽出] 糖類無添加リキュール (リキュール)
    ✨ [新規銘柄抽出] 純米大吟醸 / SAKE COMPETITION 2018 純米大吟醸部門１位 獲得！ (純米大吟醸酒)
    ✨ [新規銘柄抽出] 純米吟醸 (純米吟醸酒)
    ✨ [新規銘柄抽出] 南部美人 特別純米酒 ( IWC 2017 Champion Sake 受賞) (特別純米酒)
    ✨ [新規銘柄抽出] 雄三スペシャル 純米酒 (純米酒)
    ✨ [新規銘柄抽出] 本醸造　辛口 (本醸造酒)
    ✨ [新規銘柄抽出] 糖類無添加「梅酒」 (リキュール)
    ✨ [新規銘柄抽出] スーパーフローズン 瞬間冷凍 純米大吟醸 生原酒 (純米大吟醸酒)
    ✨ [新規銘柄抽出] スパークリング日本酒 (普通酒)
    ✨ [新規銘柄抽出] あわさけスパークリング (普通酒)
    ✨ [新規銘柄抽出] 雄三スペシャル(純米酒) (純米酒)
    ✨ [新規銘柄抽出] 純米大吟醸 (純米大吟醸酒)
    ✨ [新規銘柄抽出] 特別純米酒 (特別純米酒)
    ✨ [新規銘柄抽出] 南部美人 黒ラベルスパークリング 720ml (普通酒)
    ✨ [新規銘柄抽出] 南部美人 黒ラベルスパークリング 360ml (普通酒)
    ✨ [新規銘柄抽出] 南部美人 缶カップ飲み比べセット（特別純米酒＆吟醸酒・各180ml） (特別純米酒)
    ✨ [新規銘柄抽出] 南部美人「特別純米酒/吟醸酒」飲み比べセット (特別純米酒)
    ✨ [新規銘柄抽出] 「南部美人」糖類無添加 梅酒・ゆずレモン酒 720ml 2本セット (リキュール)
    ✨ [新規銘柄抽出] [糖類無添加リキュール] (リキュール)
    ✨ [新規銘柄抽出] 雄三スペシャル　2本セット（番外×純米吟醸） (純米吟醸酒)
    ✨ [新規銘柄抽出] [雄三スペシャル(純米酒)] (純米酒)
    ✨ [新規銘柄抽出] 南部美人 純米大吟醸 720ml 最高峰の日本酒 (純米大吟醸酒)
    ✨ [新規銘柄抽出] [純米大吟醸] (純米大吟醸酒)
    ✨ [新規銘柄抽出] 純米大吟醸　結の香 720ml(箱有) [SAKE COMPETITION受賞] (純米大吟醸酒)
    ✨ [新規銘柄抽出] 大吟醸　熟成十年古酒（化粧箱入り）数量限定 (大吟醸酒)
    ✨ [新規銘柄抽出] [大吟醸] (大吟醸酒)
    ✨ [新規銘柄抽出] 林杜氏醸造 純米酒数量限定 (純米酒)
    ✨ [新規銘柄抽出] [純米酒] (純米酒)
    ✨ [新規銘柄抽出] 特別純米酒 1800ml [IWC Champion Sake 受賞！] (特別純米酒)
  👉 株式会社南部美人: 30 件の新規製品を公式Webから自動抽出・登録完了
[72/110] ID 5779: 株式会社 今西清兵衛商店 (奈良県) - URL: https://www.harushika.com/
    ✨ [新規銘柄抽出] 純米大吟醸 (純米大吟醸酒)
    ✨ [新規銘柄抽出] 純米吟醸　しぼりたて生酒　しぼりばな (純米吟醸酒)
  👉 株式会社 今西清兵衛商店: 2 件の新規製品を公式Webから自動抽出・登録完了
[73/110] ID 5798: 今西酒造 株式会社 (奈良県) - URL: https://mimizuku.co.jp/
  👉 今西酒造 株式会社: 0 件の新規製品を公式Webから自動抽出・登録完了
[74/110] ID 6076: 株式会社桝田酒造店 (富山県) - URL: https://masuizumi.co.jp/
    ✨ [新規銘柄抽出] 純米大吟醸「寿」 プラチナラベル (純米大吟醸酒)
    ✨ [新規銘柄抽出] 大吟醸「寿」 ゴールドラベル (大吟醸酒)
    ✨ [新規銘柄抽出] 純米大吟醸 (純米大吟醸酒)
    ✨ [新規銘柄抽出] 古い吟醸造りの王道のようなお酒で、硬い麹をつくり、古い酵母で、低温でゆっくり醸します。 (吟醸酒)
    ✨ [新規銘柄抽出] Bo 純米大吟醸 (純米大吟醸酒)
    ✨ [新規銘柄抽出] 土遊野 純米大吟醸 (純米大吟醸酒)
    ✨ [新規銘柄抽出] ふなはし　純米大吟醸 (純米大吟醸酒)
    ✨ [新規銘柄抽出] 雄町純米吟醸 Limited Edition (純米吟醸酒)
    ✨ [新規銘柄抽出] 山田錦純米吟醸 Limited Edition (純米吟醸酒)
    ✨ [新規銘柄抽出] 何本か仕込む純米吟醸の中で透明感のある醪を選びました。 (純米吟醸酒)
    ✨ [新規銘柄抽出] 県産山田錦純米吟醸 (純米吟醸酒)
    ✨ [新規銘柄抽出] 純米吟醸 (純米吟醸酒)
    ✨ [新規銘柄抽出] 生純米吟醸 (純米吟醸酒)
    ✨ [新規銘柄抽出] 限定大吟醸 (大吟醸酒)
    ✨ [新規銘柄抽出] 特選大吟醸 (大吟醸酒)
    ✨ [新規銘柄抽出] サラッとすいすい飲める吟醸酒です。 (吟醸酒)
    ✨ [新規銘柄抽出] 純米大吟醸 SUPECIAL (純米大吟醸酒)
    ✨ [新規銘柄抽出] しぼりたて新酒 (普通酒)
  👉 株式会社桝田酒造店: 18 件の新規製品を公式Webから自動抽出・登録完了
[75/110] ID 6082: 有限会社清都酒造場 (富山県) - URL: https://www.saketime.com/breweries/1154/
  👉 有限会社清都酒造場: 0 件の新規製品を公式Webから自動抽出・登録完了
[76/110] ID 6164: 山梨銘醸株式会社 (山梨県) - URL: https://www.shichiken.co.jp/
  👉 山梨銘醸株式会社: 0 件の新規製品を公式Webから自動抽出・登録完了
[77/110] ID 6172: 濵田酒造株式会社 (鹿児島県) - URL: https://www.hamadasyuzou.co.jp/
    ✨ [新規銘柄抽出] 厳選した大麦を白麹で仕込み、減圧蒸留、樽で貯蔵熟成した琥珀色の本格麦焼酎。 (本格焼酎)
    ✨ [新規銘柄抽出] 本格焼酎の最高を求めて、進化しつづける焼酎蔵「美味しい」を、一人でも多くの人に届けるために (本格焼酎)
    ✨ [新規銘柄抽出] 鹿児島でただひとつの坑洞内本格焼酎蔵と本格焼酎進化のために生まれた清酒蔵 (本格焼酎)
  👉 濵田酒造株式会社: 3 件の新規製品を公式Webから自動抽出・登録完了
[78/110] ID 6542: 永井酒造株式会社 (群馬県) - URL: https://www.nagai-sake.co.jp/
  👉 永井酒造株式会社: 0 件の新規製品を公式Webから自動抽出・登録完了
[79/110] ID 6558: 小林酒造株式会社 (北海道) - URL: http://www.kitanonishiki.com/
    ✨ [新規銘柄抽出] 北斗随想「無濾過生原酒」発売日変更のお知らせ (普通酒)
  👉 小林酒造株式会社: 1 件の新規製品を公式Webから自動抽出・登録完了
[80/110] ID 6562: 男山株式会社 (北海道) - URL: https://www.otokoyama.com/
    ✨ [新規銘柄抽出] 北海道産酒米「きたしずく」で仕込んだ純米酒、ぜひお楽しみください！ (純米酒)
  👉 男山株式会社: 1 件の新規製品を公式Webから自動抽出・登録完了
[81/110] ID 6749: 土佐酒造 (高知県) - URL: https://www.keigetsu.co.jp/
    ✨ [新規銘柄抽出] 桂月 吟之夢 純米大吟醸 40 (純米大吟醸酒)
    ✨ [新規銘柄抽出] 桂月 吟之夢 純米大吟醸 45 (純米大吟醸酒)
    ✨ [新規銘柄抽出] 桂月 吟之夢 純米大吟醸 50 (純米大吟醸酒)
    ✨ [新規銘柄抽出] 桂月 CEL24®純米大吟醸 50 (純米大吟醸酒)
    ✨ [新規銘柄抽出] 桂月 にごり 純米大吟醸 50 (純米大吟醸酒)
    ✨ [新規銘柄抽出] 桂月 吟之夢 純米吟醸酒 55 (純米吟醸酒)
    ✨ [新規銘柄抽出] 桂月 超辛口 特別純米酒 60 (特別純米酒)
    ✨ [新規銘柄抽出] 桂月 吟之夢 特別本醸造 60 (特別本醸造酒)
    ✨ [新規銘柄抽出] 桂月 スパークリング酒　好 (Hao) (普通酒)
    ✨ [新規銘柄抽出] 桂月 スパークリング酒　匠 (John) (普通酒)
    ✨ [新規銘柄抽出] 桂月 冬季限定 生原酒 (普通酒)
    ✨ [新規銘柄抽出] 桂月 相川譽 山廃純米酒58 (純米酒)
    ✨ [新規銘柄抽出] 高知県土佐町相川の棚田米を、山廃造りで純米酒にしました (純米酒)
    ✨ [新規銘柄抽出] 高知新聞掲載高知から世界へ ― 桂月 にごり 純米大吟醸 50 (純米大吟醸酒)
    ✨ [新規銘柄抽出] 「桂月」 しぼりたて生酒 2025 好評販売中 (普通酒)
    ✨ [新規銘柄抽出] スパークリング酒　好 (Hao) (普通酒)
    ✨ [新規銘柄抽出] スパークリング酒　匠 (John) (普通酒)
    ✨ [新規銘柄抽出] 特別栽培 棚田米 × 生酛仕込 (普通酒)
    ✨ [新規銘柄抽出] 桂月 吟之夢 純米大吟醸40 (純米大吟醸酒)
    ✨ [新規銘柄抽出] IWC 2023,2024 Sake 純米大吟醸の部 シルバーメダル受賞 (純米大吟醸酒)
    ✨ [新規銘柄抽出] 桂月 吟之夢 純米大吟醸45 (純米大吟醸酒)
    ✨ [新規銘柄抽出] 桂月 吟之夢 純米大吟醸50 (純米大吟醸酒)
    ✨ [新規銘柄抽出] Kura Master 2017, 2018, 2022 純米大吟醸酒部門 金賞受賞 (純米大吟醸酒)
    ✨ [新規銘柄抽出] 桂月 にごり 純米大吟醸50 (純米大吟醸酒)
    ✨ [新規銘柄抽出] にごり酒の新基準 フルーティ＆ジューシー (普通酒)
    ✨ [新規銘柄抽出] 桂月 CEL24 ® 純米大吟醸50 (純米大吟醸酒)
    ✨ [新規銘柄抽出] IWC 2023,2024,2026 Sake 純米大吟醸の部 シルバーメダル受賞 (純米大吟醸酒)
    ✨ [新規銘柄抽出] 桂月 吟之夢 純米吟醸酒55 (純米吟醸酒)
    ✨ [新規銘柄抽出] IWC 2023,2026 Sake 純米吟醸酒の部 シルバーメダル受賞 (純米吟醸酒)
    ✨ [新規銘柄抽出] 棚田米 × 山廃仕込 (普通酒)
    ✨ [新規銘柄抽出] Kura Master 2022 純米酒部門 金賞受賞 (純米酒)
    ✨ [新規銘柄抽出] 桂月 超辛口 特別純米酒60 (特別純米酒)
    ✨ [新規銘柄抽出] IWC 2023 Sake 純米酒の部 シルバーメダル受賞 (純米酒)
    ✨ [新規銘柄抽出] 桂月 吟之夢 特別本醸造60 (特別本醸造酒)
    ✨ [新規銘柄抽出] IWC 2022 Sake 本醸造の部 ゴールドメダル受賞 (本醸造酒)
    ✨ [新規銘柄抽出] IWC 2023,2024,2026 Sake 本醸造の部 シルバーメダル受賞 (本醸造酒)
    ✨ [新規銘柄抽出] 冬季限定 生原酒 (普通酒)
  👉 土佐酒造: 37 件の新規製品を公式Webから自動抽出・登録完了
[82/110] ID 6750: 酔鯨酒造有限会社 (高知県) - URL: https://suigei.co.jp/
    ✨ [新規銘柄抽出] 『横浜DeNAベイスターズ 酔鯨 純米吟醸 WHALE STAR』新発売のお知らせ (純米吟醸酒)
    ✨ [新規銘柄抽出] 酔鯨最高級酒「純米大吟醸DAITO2025」 (純米大吟醸酒)
    ✨ [新規銘柄抽出] 10周年の節目は「純米大吟醸 DAITO」の原点に立ち返る意味を込めて「ORIGIN」 (純米大吟醸酒)
    ✨ [新規銘柄抽出] 「横浜DeNAベイスターズ 酔鯨 純米吟醸 WHALE STAR」買えるお店＆フォトコンテスト開催 (純米吟醸酒)
    ✨ [新規銘柄抽出] 純米大吟醸 (純米大吟醸酒)
    ✨ [新規銘柄抽出] 純米大吟醸酒・純米吟醸酒 (純米大吟醸酒)
    ✨ [新規銘柄抽出] しぼりたて (普通酒)
    ✨ [新規銘柄抽出] 純米吟醸 (純米吟醸酒)
    ✨ [新規銘柄抽出] 横浜DeNAベイスターズ 酔鯨 純米吟醸 WHALE STAR (純米吟醸酒)
    ✨ [新規銘柄抽出] 吟麗しぼりたて (普通酒)
    ✨ [新規銘柄抽出] 純米酒・本醸造酒 (本醸造酒)
    ✨ [新規銘柄抽出] 特別純米酒 (特別純米酒)
    ✨ [新規銘柄抽出] しぼりたて 生酒 (普通酒)
    ✨ [新規銘柄抽出] 特別本醸造 (特別本醸造酒)
    ✨ [新規銘柄抽出] リキュール (リキュール)
    ✨ [新規銘柄抽出] 熟成梅酒6 (リキュール)
    ✨ [新規銘柄抽出] 苺"あまおう®"SAKEスパークリング (普通酒)
    ✨ [新規銘柄抽出] 高知特産"ゆず" SAKEスパークリング (リキュール)
    ✨ [新規銘柄抽出] 「キラキラな酔い心地」の夏酒、リッチな風味の期間限定・純米大吟醸 (純米大吟醸酒)
    ✨ [新規銘柄抽出] 吟麗シリーズの夏限定商品、夏にピッタリのさらりさらりと杯がすすむ純米吟醸酒 (純米吟醸酒)
    ✨ [新規銘柄抽出] 酸味が高く、キレの良い味わいは夏にもピッタリ。さらりさらりと杯がすすむ純米吟醸酒です。 (純米吟醸酒)
    ✨ [新規銘柄抽出] 夏のお料理の味を引き立てる、ドライな味わいの純米酒 (純米酒)
    ✨ [新規銘柄抽出] 技術の粋を集めて醸すプレミアム純米大吟醸酒 (純米大吟醸酒)
    ✨ [新規銘柄抽出] 質の高い吟醸香とキレの良い (吟醸酒)
    ✨ [新規銘柄抽出] 素材の旨味を最大限に引き出した純米酒、 (純米酒)
    ✨ [新規銘柄抽出] すっきりとした味わいの本醸造酒 (本醸造酒)
    ✨ [新規銘柄抽出] 焼酎・リキュール (リキュール)
    ✨ [新規銘柄抽出] 酔鯨 純米大吟醸 寅 (純米大吟醸酒)
    ✨ [新規銘柄抽出] 「酔鯨 純米大吟醸 DAITO 2025」がGOLDメダルを受賞 (純米大吟醸酒)
  👉 酔鯨酒造有限会社: 29 件の新規製品を公式Webから自動抽出・登録完了
[83/110] ID 6754: 司牡丹酒造 (高知県) - URL: https://www.tsukasabotan.co.jp/
    ✨ [新規銘柄抽出] 純米大吟醸・大吟醸 (純米大吟醸酒)
    ✨ [新規銘柄抽出] 純米吟醸・吟醸 (純米吟醸酒)
    ✨ [新規銘柄抽出] 本醸造・普通酒 (本醸造酒)
    ✨ [新規銘柄抽出] 本格焼酎 (本格焼酎)
    ✨ [新規銘柄抽出] リキュール (リキュール)
    ✨ [新規銘柄抽出] 「花と恋して」（純米吟醸酒） (純米吟醸酒)
    ✨ [新規銘柄抽出] 「Kura Master 2026」大吟醸酒部門においてプラチナ賞受賞！ (大吟醸酒)
    ✨ [新規銘柄抽出] 純米吟醸酒「一蕾」が飲めるお店のご紹介 (純米吟醸酒)
  👉 司牡丹酒造: 8 件の新規製品を公式Webから自動抽出・登録完了
[84/110] ID 6871: 株式会社黒木本店 (宮崎県) - URL: https://www.kurokihonten.co.jp/
  👉 株式会社黒木本店: 0 件の新規製品を公式Webから自動抽出・登録完了
[85/110] ID 7114: 四ツ谷酒造 (大分県) - URL: https://www.kanpachi.jp/
  👉 四ツ谷酒造: 0 件の新規製品を公式Webから自動抽出・登録完了
[86/110] ID 7132: 三和酒類株式会社 (大分県) - URL: https://www.sanwa-shurui.co.jp/
    ✨ [新規銘柄抽出] 大分麦焼酎®「西の星」新TVCM放映のお知らせ (本格焼酎)
    ✨ [新規銘柄抽出] IWSC 2026にて本格麦焼酎『iichiko彩天』が通算3度目の最高金賞受賞 (本格焼酎)
    ✨ [新規銘柄抽出] 糖質・プリン体ともにゼロの本格焼酎。 (本格焼酎)
  👉 三和酒類株式会社: 3 件の新規製品を公式Webから自動抽出・登録完了
[87/110] ID 7139: 二階堂酒造 (大分県) - URL: https://www.nikaido-shuzo.co.jp/
  👉 二階堂酒造: 0 件の新規製品を公式Webから自動抽出・登録完了
[88/110] ID 7218: 富久千代酒造有限会社 (佐賀県) - URL: https://nabeshima.biz/
    ✨ [新規銘柄抽出] 大吟醸酒、吟醸酒、純米酒など、 (大吟醸酒)
  👉 富久千代酒造有限会社: 1 件の新規製品を公式Webから自動抽出・登録完了
[89/110] ID 7360: 惣誉酒造 (栃木県) - URL: https://sohomare.co.jp/
  👉 惣誉酒造: 0 件の新規製品を公式Webから自動抽出・登録完了
[90/110] ID 7403: 千代むすび酒造株式会社 (鳥取県) - URL: https://www.chiyomusubi.co.jp/
    ✨ [新規銘柄抽出] 有機純米酒シリーズ (純米酒)
    ✨ [新規銘柄抽出] 九月乃酒米焼酎原酒、梅酒原酒 (リキュール)
    ✨ [新規銘柄抽出] 十月乃酒麦焼酎原酒、芋焼酎原酒 (本格焼酎)
    ✨ [新規銘柄抽出] 「超吟醸祭2026」千代むすびブース出展のお知らせ (吟醸酒)
    ✨ [新規銘柄抽出] 超吟醸祭 (吟醸酒)
    ✨ [新規銘柄抽出] 千代むすび 純米大吟醸 強力30 (純米大吟醸酒)
    ✨ [新規銘柄抽出] 千代むすび 純米大吟醸 山田錦15 中取り「GAINA」 (純米大吟醸酒)
    ✨ [新規銘柄抽出] 純米大吟醸 山田錦 15 中取り 「GAINA」 720ml | 千代むすび酒造オンラインストア (純米大吟醸酒)
    ✨ [新規銘柄抽出] 純米大吟醸 山田錦15 中取り GAINA、お中元時期に限定リリースです☆彡 (純米大吟醸酒)
    ✨ [新規銘柄抽出] 純米大吟醸 山田錦15 静寂の輪舞、こちらも限定にて公開です！ (純米大吟醸酒)
    ✨ [新規銘柄抽出] 千代むすび 　純米大吟醸 山田錦 40　『舞う白鳥』 (純米大吟醸酒)
    ✨ [新規銘柄抽出] 千代むすび 純米大吟醸 山田錦 15 「静寂の輪舞」 (純米大吟醸酒)
    ✨ [新規銘柄抽出] 千代むすび 純米大吟醸 山田錦15 中取り 「GAINA」 (純米大吟醸酒)
    ✨ [新規銘柄抽出] 2026年度 リキュールコンクール 受賞酒発表 - Kura Master (リキュール)
    ✨ [新規銘柄抽出] 「優等賞」獲得の、千代むすび大吟醸 袋取りしずく酒はコチラ (大吟醸酒)
    ✨ [新規銘柄抽出] 千代むすび　大吟醸袋取りしずく 720ml(桐箱入り) | 千代むすび酒造オンラインストア (大吟醸酒)
    ✨ [新規銘柄抽出] ◆純米大吟醸 強力50 無濾過原酒生 (純米大吟醸酒)
    ✨ [新規銘柄抽出] ◆純米吟醸 強力60 無濾過原酒生 (純米吟醸酒)
    ✨ [新規銘柄抽出] 純米大吟醸 活性にごり酒 (純米大吟醸酒)
    ✨ [新規銘柄抽出] 特別純米生、１月２０日（火）出荷開始！ (特別純米酒)
    ✨ [新規銘柄抽出] 特別純米 無濾過原酒生 (特別純米酒)
    ✨ [新規銘柄抽出] ◆千代むすび純米大吟醸 トリュフチョコ (純米大吟醸酒)
    ✨ [新規銘柄抽出] こちらの柚子果汁は、ULTRA YUZUリキュールに使用させていただきます。 (リキュール)
    ✨ [新規銘柄抽出] ULTRA YUZU リキュール 720ml(果汁25%) | 千代むすび酒造オンラインストア (リキュール)
    ✨ [新規銘柄抽出] 純米大吟醸 山田錦15 中取り「GAINA」ご予約開始☆彡 (純米大吟醸酒)
    ✨ [新規銘柄抽出] JAS認証有機純米酒シリーズ、10/8（水）発売開始 (純米酒)
    ✨ [新規銘柄抽出] 2025年10月8日（水）、有機純米酒シリーズ発売開始。 (純米酒)
    ✨ [新規銘柄抽出] 有機純米酒 | 千代むすび酒造株式会社 (純米酒)
    ✨ [新規銘柄抽出] 是非、有機純米酒シリーズをお試しください。 (純米酒)
    ✨ [新規銘柄抽出] 純米大吟醸 山田錦15 「静寂の輪舞（せいじゃくのろんど）」 (純米大吟醸酒)
    ✨ [新規銘柄抽出] 第一位は・・・「純米大吟醸 強力 春爛漫（はるらんまん）」（４月乃酒） (純米大吟醸酒)
    ✨ [新規銘柄抽出] 「千代むすび 純米大吟醸 強力３０」が、最高賞のGOLDを受賞しました！！ (純米大吟醸酒)
    ✨ [新規銘柄抽出] ■「千代むすび 純米大吟醸 強力３０」は、千代むすびオンラインストアでもお買い求めいただけます。 (純米大吟醸酒)
    ✨ [新規銘柄抽出] ■千代むすび純米大吟醸 山田錦３０ ～天女の羽衣～ (純米大吟醸酒)
    ✨ [新規銘柄抽出] 純米大吟醸 山田錦 30　「天女の羽衣」　720ml(桐箱入り) | 千代むすび酒造オンラインストア (純米大吟醸酒)
    ✨ [新規銘柄抽出] 純米大吟醸 強力３０ (純米大吟醸酒)
    ✨ [新規銘柄抽出] 大吟醸 袋取りしずく酒 (大吟醸酒)
    ✨ [新規銘柄抽出] 純米大吟醸 強力４０ (純米大吟醸酒)
    ✨ [新規銘柄抽出] 純米大吟醸 強力５０、純米吟醸 強力６０ (純米大吟醸酒)
    ✨ [新規銘柄抽出] 純米酒 無濾過原酒生、純米大吟醸 強力５０ 無濾過原酒生 (純米大吟醸酒)
    ✨ [新規銘柄抽出] 純米酒、微発泡純米吟醸 しゅわっと空生 (純米吟醸酒)
    ✨ [新規銘柄抽出] 香ばしい香り！焼き芋焼酎リリース☆彡 (本格焼酎)
    ✨ [新規銘柄抽出] 自社での焼き芋を行い、焦げ目を付けて、香ばしい香りの芋焼酎開発を実現しました☆彡 (本格焼酎)
    ✨ [新規銘柄抽出] ◆メイン部門・・・千代むすび純米酒、「最高金賞」 (純米酒)
    ✨ [新規銘柄抽出] ◆プレミアム大吟醸部門・・・千代むすび山田錦30 天女の羽衣、「金賞」 (大吟醸酒)
    ✨ [新規銘柄抽出] ◆スパークリングSAKE部門・・・しゅわっと空、「金賞」 (普通酒)
    ✨ [新規銘柄抽出] 千代むすび 純米大吟醸 強力50が、石破総理の訪米時の政府専用機に搭載されました！！ (純米大吟醸酒)
    ✨ [新規銘柄抽出] 機内でもお楽しみいただいた「千代むすび 純米大吟醸 強力50」は、コチラから↓↓ (純米大吟醸酒)
    ✨ [新規銘柄抽出] ■純米吟醸 強力50　→　純米大吟醸 強力50 (純米大吟醸酒)
    ✨ [新規銘柄抽出] ■純米 強力60　→　純米吟醸 強力60 (純米吟醸酒)
    ✨ [新規銘柄抽出] 今季の「初しぼり 純米吟醸」大好評！ (純米吟醸酒)
    ✨ [新規銘柄抽出] 焼き芋焼酎へのチャレンジ！ (本格焼酎)
    ✨ [新規銘柄抽出] R6BYでは、新たに「焼き芋焼酎」にチャレンジをしています！ (本格焼酎)
    ✨ [新規銘柄抽出] ・純米大吟醸 山田錦30 斗瓶から直汲み (純米大吟醸酒)
    ✨ [新規銘柄抽出] ・初披露! JAS認証のオーガニック純米吟醸 (純米吟醸酒)
    ✨ [新規銘柄抽出] 「４月のお酒　強力 生酛（きもと）春爛漫」です！！ (普通酒)
    ✨ [新規銘柄抽出] 「千代むすび 大吟醸 袋取りしずく酒」が見事、金賞を受賞いたしました! (大吟醸酒)
    ✨ [新規銘柄抽出] 「千代むすび 純米大吟醸 山田錦40 ～舞う白鳥～」が、見事金賞を受賞いたしました!! (純米大吟醸酒)
    ✨ [新規銘柄抽出] 今回は、メイン部門にて、「千代むすび純米酒」が最高金賞を受賞いたしました。 (純米酒)
    ✨ [新規銘柄抽出] ※「千代むすび純米酒 生」のお求めは、下記リンクからです。 (純米酒)
    ✨ [新規銘柄抽出] 速報！！千代むすび純米酒が最高金賞！！ (純米酒)
    ✨ [新規銘柄抽出] ◆千代むすび純米酒「生酒」はオンラインストアからお求めいただけます。 (純米酒)
    ✨ [新規銘柄抽出] ◆同スパークリングSAKE部門では、千代むすびしゅわっと空が「金賞」に選出されました。 (普通酒)
    ✨ [新規銘柄抽出] 千代むすび特別頒布会2024純米大吟醸 無濾過原酒 (純米大吟醸酒)
    ✨ [新規銘柄抽出] 新しいタイプの発泡性スパークリング清酒 (普通酒)
    ✨ [新規銘柄抽出] 千代むすび 大吟醸 (大吟醸酒)
    ✨ [新規銘柄抽出] 千代むすび 純米大吟醸 (純米大吟醸酒)
  👉 千代むすび酒造株式会社: 67 件の新規製品を公式Webから自動抽出・登録完了
[91/110] ID 7918: 賀茂鶴酒造株式会社 (広島県) - URL: https://www.kamotsuru.jp/
    ✨ [新規銘柄抽出] 大吟醸＆純米大吟醸 (純米大吟醸酒)
    ✨ [新規銘柄抽出] 吟醸＆純米吟醸 (純米吟醸酒)
    ✨ [新規銘柄抽出] スパークリング日本酒とは (普通酒)
    ✨ [新規銘柄抽出] 季節限定酒　ひやおろし (普通酒)
    ✨ [新規銘柄抽出] 季節限定酒　しぼりたて (普通酒)
    ✨ [新規銘柄抽出] 「初めての一杯は大吟醸で」大吟醸酒一杯無料 (大吟醸酒)
    ✨ [新規銘柄抽出] 記念撮影用の特設スポット・大吟醸無料試飲サービス (大吟醸酒)
    ✨ [新規銘柄抽出] 大吟醸・吟醸 (大吟醸酒)
    ✨ [新規銘柄抽出] 特別本醸造・本醸造酒 (特別本醸造酒)
    ✨ [新規銘柄抽出] 純米大吟醸・純米吟醸 (純米大吟醸酒)
    ✨ [新規銘柄抽出] にごり酒 (普通酒)
    ✨ [新規銘柄抽出] 大吟醸　賀茂鶴天凛 (大吟醸酒)
    ✨ [新規銘柄抽出] 大吟醸　吟凛雅 (大吟醸酒)
    ✨ [新規銘柄抽出] スパークリング清酒　賀茂鶴光壽 (普通酒)
    ✨ [新規銘柄抽出] 純米大吟醸　瑞兆賀茂鶴 (純米大吟醸酒)
    ✨ [新規銘柄抽出] 大吟醸　吉祥賀茂鶴 (大吟醸酒)
    ✨ [新規銘柄抽出] 大吟醸　双鶴賀茂鶴 (大吟醸酒)
    ✨ [新規銘柄抽出] 大吟醸　特製ゴールド賀茂鶴 (大吟醸酒)
    ✨ [新規銘柄抽出] 吟醸辛口 (吟醸酒)
    ✨ [新規銘柄抽出] 特別本醸造　超特撰特等酒 (特別本醸造酒)
    ✨ [新規銘柄抽出] 本醸造　上等酒 (本醸造酒)
    ✨ [新規銘柄抽出] 本醸造からくち (本醸造酒)
    ✨ [新規銘柄抽出] 純米大吟醸　広島錦 (純米大吟醸酒)
    ✨ [新規銘柄抽出] 純米大吟醸　大吟峰 (純米大吟醸酒)
    ✨ [新規銘柄抽出] 純米吟醸酒 (純米吟醸酒)
    ✨ [新規銘柄抽出] 純米吟醸　一滴入魂 (純米吟醸酒)
    ✨ [新規銘柄抽出] 純米酒仕込 梅酒 (純米酒)
    ✨ [新規銘柄抽出] 純米吟醸古酒仕込　梅酒 (純米吟醸酒)
    ✨ [新規銘柄抽出] 大吟醸 吉祥 賀茂鶴 720ml 化粧箱入 (大吟醸酒)
    ✨ [新規銘柄抽出] 大吟醸 賀茂鶴 双鶴1.8L（SK-A1)化粧箱入 (大吟醸酒)
    ✨ [新規銘柄抽出] 大吟醸 賀茂鶴 双鶴720ml（SK-B2)2本木箱入 (大吟醸酒)
    ✨ [新規銘柄抽出] 大吟醸 賀茂鶴 双鶴720ml(SK-B1) 化粧箱入 (大吟醸酒)
    ✨ [新規銘柄抽出] 大吟醸 天凜 720ml 木箱入 (大吟醸酒)
    ✨ [新規銘柄抽出] 純米酒 1.8L ６本　ダンボール輸送箱入 (純米酒)
    ✨ [新規銘柄抽出] 大吟醸 特製ゴールド賀茂鶴720ml（GK-B1）化粧箱入 (大吟醸酒)
    ✨ [新規銘柄抽出] 純米大吟醸 大吟峰720ml(DK-B1) 木箱入 (純米大吟醸酒)
    ✨ [新規銘柄抽出] 賀茂鶴 鶴寿セット 純米大吟醸・大吟醸　（SKJ-50） (純米大吟醸酒)
    ✨ [新規銘柄抽出] 賀茂鶴 鶴寿セット 純米吟醸・吟醸 （SKJ-30） (純米吟醸酒)
    ✨ [新規銘柄抽出] 蔵元限定酒純米大吟醸 広島錦 精米歩合38% 超辛口 720ml〈共通化粧箱入〉 (純米大吟醸酒)
    ✨ [新規銘柄抽出] オリジナルラベル純米大吟醸 大吟峰720ml (DK-B1) 木箱入 (純米大吟醸酒)
    ✨ [新規銘柄抽出] 龍が如く日本酒 純米大吟醸春日一番 生誕記念セットオリジナルおちょこ(盃)付き (純米大吟醸酒)
    ✨ [新規銘柄抽出] 大吟醸 吟凛雅 900ml 化粧箱入 (大吟醸酒)
    ✨ [新規銘柄抽出] 純米大吟醸 瑞兆賀茂鶴 720ml 化粧箱入 (純米大吟醸酒)
    ✨ [新規銘柄抽出] スパークリング日本酒 賀茂鶴光壽 750ml 化粧箱入 (普通酒)
    ✨ [新規銘柄抽出] 純米大吟醸 広島錦 720ml(HK-B1) 化粧箱入 (純米大吟醸酒)
    ✨ [新規銘柄抽出] 純米大吟醸 大吟峰1.8L (DK-A1) 木箱入 (純米大吟醸酒)
    ✨ [新規銘柄抽出] 大吟醸 特製ゴールド賀茂鶴 720ml (GK-B2)　2本化粧箱入 (大吟醸酒)
    ✨ [新規銘柄抽出] 純米大吟醸　広系酒33号 720ml賀茂鶴メンバーズ限定 (純米大吟醸酒)
    ✨ [新規銘柄抽出] 純米吟醸 一滴入魂1.8L （IN-A1) 化粧箱入 (純米吟醸酒)
    ✨ [新規銘柄抽出] 特別本醸造 超特撰特等酒 1.8L (特別本醸造酒)
    ✨ [新規銘柄抽出] 純米吟醸古酒仕込 梅酒 720ml 化粧箱入 (純米吟醸酒)
    ✨ [新規銘柄抽出] 取扱い店限定酒酒中在心 鶯 純米大吟醸　山田錦 720ml〈共通化粧箱入〉 (純米大吟醸酒)
    ✨ [新規銘柄抽出] 取扱い店限定酒酒中在心 橙 純米吟醸 生もと 八反35号 1.8L (純米吟醸酒)
    ✨ [新規銘柄抽出] 取扱い店限定酒酒中在心 藍 特別純米酒 生もと 雄町 1.8L (特別純米酒)
    ✨ [新規銘柄抽出] 取扱い店限定酒酒中在心 茜 純米酒　広島錦1.8L (純米酒)
    ✨ [新規銘柄抽出] 取扱い店限定酒酒中在心 茜 純米酒　広島錦720ＭL〈共通化粧箱入〉 (純米酒)
    ✨ [新規銘柄抽出] 龍が如く日本酒 純米大吟醸 春日一番 720ML公式コラボ銘酒 (純米大吟醸酒)
    ✨ [新規銘柄抽出] 龍が如く銘酒 純米大吟醸 嶋野の狂犬 (純米大吟醸酒)
    ✨ [新規銘柄抽出] 再販龍が如く銘酒 大吟醸 堂島の龍 (大吟醸酒)
  👉 賀茂鶴酒造株式会社: 59 件の新規製品を公式Webから自動抽出・登録完了
[92/110] ID 7923: 賀茂泉酒造株式会社 (広島県) - URL: https://www.kamoizumi.co.jp/
    ✨ [新規銘柄抽出] 東広島市　西条　こだわりの純米酒　賀茂泉酒造 (純米酒)
  👉 賀茂泉酒造株式会社: 1 件の新規製品を公式Webから自動抽出・登録完了
[93/110] ID 7936: 相原酒造株式会社 (広島県) - URL: http://www.ugonotsuki.com/
    ✨ [新規銘柄抽出] 平成24年 純米大吟醸部門 第２位「雨後の月 純米大吟醸 愛山」 (純米大吟醸酒)
    ✨ [新規銘柄抽出] 平成25年 純米酒部門 第１位「雨後の月 山田錦 特別純米」 (特別純米酒)
    ✨ [新規銘柄抽出] 平成26年 FreeStyleUnder5000部門 第２位「雨後の月 大吟醸 月光」 (大吟醸酒)
    ✨ [新規銘柄抽出] 平成29年 純米酒部門 第３位「雨後の月 特別純米 呉未希米」 (特別純米酒)
    ✨ [新規銘柄抽出] 令和5年 純米吟醸酒部門 第１位「雨後の月 純米吟醸 山田錦」 (純米吟醸酒)
    ✨ [新規銘柄抽出] 純米大吟醸部門 第２位「雨後の月 純米大吟醸 愛山」 (純米大吟醸酒)
    ✨ [新規銘柄抽出] 令和6年 純米吟醸酒部門 第２位「雨後の月 純米吟醸 山田錦」 (純米吟醸酒)
    ✨ [新規銘柄抽出] 平成30年 純米吟醸酒部門 プラチナ賞「雨後の月 特別純米 十三夜」 (純米吟醸酒)
    ✨ [新規銘柄抽出] 純米大吟醸酒部門 金賞「雨後の月 純米大吟醸 愛山」 (純米大吟醸酒)
    ✨ [新規銘柄抽出] 令和1年 純米大吟醸酒部門 プラチナ賞「雨後の月 純米大吟醸 白鶴錦」 (純米大吟醸酒)
    ✨ [新規銘柄抽出] 令和2年 純米大吟醸酒部門 プラチナ賞「雨後の月 純米大吟醸」 (純米大吟醸酒)
    ✨ [新規銘柄抽出] 山田錦部門 金賞「雨後の月 特別純米 十三夜」 (特別純米酒)
    ✨ [新規銘柄抽出] 令和3年 純米酒部門 金賞「うごのつき 純米吟醸」 (純米吟醸酒)
    ✨ [新規銘柄抽出] 令和4年 純米酒部門 プラチナ賞「雨後の月 純米吟醸 山田錦」 (純米吟醸酒)
    ✨ [新規銘柄抽出] 令和7年 純米大吟醸部門(36-50%) 金賞「雨後の月 純米大吟醸 山田錦」 (純米大吟醸酒)
    ✨ [新規銘柄抽出] 平成30年 SAKE・純米吟醸部門 GOLDメダル「雨後の月 純米吟醸 八反」 (純米吟醸酒)
    ✨ [新規銘柄抽出] 令和4年 SAKE・純米酒部門 GOLDメダル「雨後の月 特別純米 十三夜」 (特別純米酒)
    ✨ [新規銘柄抽出] 令和6年 SAKE・純米大吟醸部門 GOLD・トロフィー「雨後の月 純米大吟醸 䨩 RAY」 (純米大吟醸酒)
    ✨ [新規銘柄抽出] GOLDメダル「雨後の月 純米大吟醸 愛山」 (純米大吟醸酒)
    ✨ [新規銘柄抽出] GOLDメダル「雨後の月 純米吟醸 山田錦」 (純米吟醸酒)
  👉 相原酒造株式会社: 20 件の新規製品を公式Webから自動抽出・登録完了
[94/110] ID 8823: 平和酒造株式会社 (和歌山県) - URL: https://www.heiwashuzo.co.jp/
  👉 平和酒造株式会社: 0 件の新規製品を公式Webから自動抽出・登録完了
[95/110] ID 8827: 株式会社名手酒造店 (和歌山県) - URL: http://kuroushi.com/
  👉 株式会社名手酒造店: 0 件の新規製品を公式Webから自動抽出・登録完了
[96/110] ID 33102: 稲とアガベ株式会社 (秋田県) - URL: https://inetoagabe.com/
  👉 稲とアガベ株式会社: 0 件の新規製品を公式Webから自動抽出・登録完了
[97/110] ID 57748: 国分酒造株式会社 (鹿児島県) - URL: https://kokubu-imo.com/
  👉 国分酒造株式会社: 0 件の新規製品を公式Webから自動抽出・登録完了
[98/110] ID 57784: 有限会社森伊蔵酒造 (鹿児島県) - URL: https://www.moriizou.com/
  👉 有限会社森伊蔵酒造: 0 件の新規製品を公式Webから自動抽出・登録完了
[99/110] ID 57814: 村尾酒造合資会社 (鹿児島県) - URL: https://www.saketime.com/breweries/4556/
  👉 村尾酒造合資会社: 0 件の新規製品を公式Webから自動抽出・登録完了
[100/110] ID 57815: 株式会社甲斐商店 (鹿児島県) - URL: https://www.saketime.com/breweries/4537/
  👉 株式会社甲斐商店: 0 件の新規製品を公式Webから自動抽出・登録完了
[101/110] ID 57832: 白玉醸造株式会社 (鹿児島県) - URL: https://www.saketime.com/breweries/4541/
  👉 白玉醸造株式会社: 0 件の新規製品を公式Webから自動抽出・登録完了
[102/110] ID 57887: 株式会社鳥飼酒造 (熊本県) - URL: https://torikai.co.jp/
  👉 株式会社鳥飼酒造: 0 件の新規製品を公式Webから自動抽出・登録完了
[103/110] ID 57896: 有限会社比嘉酒造 (沖縄県) - URL: https://zanpa.co.jp/
  👉 有限会社比嘉酒造: 0 件の新規製品を公式Webから自動抽出・登録完了
[104/110] ID 57905: 菊之露酒造株式会社 (沖縄県) - URL: https://www.kikunotsuyu.co.jp/
    ✨ [新規銘柄抽出] 公式琉球泡盛 菊之露酒造 (泡盛)
    ✨ [新規銘柄抽出] 菊之露の泡盛について (泡盛)
    ✨ [新規銘柄抽出] 常に泡盛の「ど真ん中のおいしさ」を追求し続ける私たちの、 (泡盛)
    ✨ [新規銘柄抽出] 新発売琉球泡盛 古酒 洋々 2007年蒸留 (泡盛)
    ✨ [新規銘柄抽出] 商品一覧 | 菊之露酒造｜琉球泡盛 (泡盛)
    ✨ [新規銘柄抽出] 琉球泡盛の定番一般酒 (泡盛)
  👉 菊之露酒造株式会社: 6 件の新規製品を公式Webから自動抽出・登録完了
[105/110] ID 57932: 有限会社八重泉酒造 (沖縄県) - URL: https://yaesen.com/
    ✨ [新規銘柄抽出] 八重泉酒造公式サイト - 石垣島の泡盛 (泡盛)
    ✨ [新規銘柄抽出] リキュール・他 (リキュール)
    ✨ [新規銘柄抽出] 甘味のある柔らかな味わいの、八重泉の泡盛 (泡盛)
    ✨ [新規銘柄抽出] 泡盛を全て見る (泡盛)
    ✨ [新規銘柄抽出] 琉球泡盛 八重泉 (泡盛)
    ✨ [新規銘柄抽出] 琉球泡盛 島うらら (泡盛)
    ✨ [新規銘柄抽出] 樽香と泡盛香が渾然一体に溶け合った圧倒的ボリュームの香り立ち (泡盛)
    ✨ [新規銘柄抽出] 熟成した泡盛の豊潤さ、そして野生の勢いを瓶とラベルに凝縮 (泡盛)
    ✨ [新規銘柄抽出] リキュール他 (リキュール)
    ✨ [新規銘柄抽出] ハーブリキュールやフルーツのリキュール、黒麹酢など (リキュール)
    ✨ [新規銘柄抽出] リキュール他を全て見る (リキュール)
    ✨ [新規銘柄抽出] 泡盛の愉しみ方と、 (泡盛)
    ✨ [新規銘柄抽出] 創業1955年。⽯垣島の泡盛メーカーです。 (泡盛)
    ✨ [新規銘柄抽出] 石垣島の泡盛 八重泉酒造 (泡盛)
    ✨ [新規銘柄抽出] ｜八重泉酒造公式サイト - 石垣島の泡盛 (泡盛)
    ✨ [新規銘柄抽出] 泡盛の商品を全て見る (泡盛)
    ✨ [新規銘柄抽出] リキュール・その他 (リキュール)
    ✨ [新規銘柄抽出] リキュール・その他の商品を全て見る (リキュール)
  👉 有限会社八重泉酒造: 18 件の新規製品を公式Webから自動抽出・登録完了
[106/110] ID 57936: 瑞泉酒造株式会社 (沖縄県) - URL: https://www.zuisen.co.jp/
  👉 瑞泉酒造株式会社: 0 件の新規製品を公式Webから自動抽出・登録完了
[107/110] ID 62596: 株式会社haccoba (福島県) - URL: https://haccoba.com/
    ✨ [新規銘柄抽出] haccoba -Craft Sake Brewery-｜ハッコウバ クラフトサケブルワリー (クラフトサケ)
    ✨ [新規銘柄抽出] # 「一歩己」豊国酒造と、清酒とクラフトサケの“境界”をテーマにした共同醸造 (クラフトサケ)
  👉 株式会社haccoba: 2 件の新規製品を公式Webから自動抽出・登録完了
[108/110] ID 62604: 株式会社WAKAZE (東京都) - URL: https://www.wakaze-sake.com/
  👉 株式会社WAKAZE: 0 件の新規製品を公式Webから自動抽出・登録完了
[109/110] ID 70753: 有限会社濱川商店 (高知県) - URL: https://bijofu.jp/
    ✨ [新規銘柄抽出] スパークリング・リキュール (リキュール)
    ✨ [新規銘柄抽出] 純米大吟醸　濱川 (純米大吟醸酒)
    ✨ [新規銘柄抽出] 美丈夫 特別純米 (特別純米酒)
    ✨ [新規銘柄抽出] 美丈夫 特別本醸造 (特別本醸造酒)
    ✨ [新規銘柄抽出] 純米吟醸山田錦 (純米吟醸酒)
    ✨ [新規銘柄抽出] 美丈夫 純米吟醸 CEL-24 (純米吟醸酒)
    ✨ [新規銘柄抽出] 美丈夫 純米吟醸 夏酒 (純米吟醸酒)
    ✨ [新規銘柄抽出] 美丈夫 特別純米 夏酒 (特別純米酒)
    ✨ [新規銘柄抽出] 美丈夫 純米吟醸 秋酒 (純米吟醸酒)
    ✨ [新規銘柄抽出] 美丈夫 吟醸 秋酒 (吟醸酒)
  👉 有限会社濱川商店: 10 件の新規製品を公式Webから自動抽出・登録完了
[110/110] ID 70754: LIBROM Craft Sake Brewery (福岡県) - URL: https://librom.jp/
    ✨ [新規銘柄抽出] 福岡の街中で造るクラフトサケ (クラフトサケ)
  👉 LIBROM Craft Sake Brewery: 1 件の新規製品を公式Webから自動抽出・登録完了

=== 全110酒蔵 公式Webサイト巡回 完了: 2026-08-16T14:09:21.047267 ===
新規登録総数: 851 件
