=== 新規4大コンペ受賞 21酒蔵 公式Webサイト巡回ログ 開始: 2026-08-16T15:23:49.479684 ===

[1/21] ID 4: 宮坂醸造株式会社 (長野県) - URL: https://www.masumi.jp/
  👉 宮坂醸造株式会社: 0 件の新規製品を公式Webから自動抽出・登録完了
[2/21] ID 121: 株式会社 廣木酒造本店 (福島県) - URL: https://www.saketime.com/breweries/657/
  👉 株式会社 廣木酒造本店: 0 件の新規製品を公式Webから自動抽出・登録完了
[3/21] ID 868: 高木酒造株式会社 (山形県) - URL: https://www.saketime.com/breweries/601/
  👉 高木酒造株式会社: 0 件の新規製品を公式Webから自動抽出・登録完了
[4/21] ID 895: 出羽桜酒造株式会社 (山形県) - URL: https://www.dewazakura.co.jp/
  👉 出羽桜酒造株式会社: 0 件の新規製品を公式Webから自動抽出・登録完了
[5/21] ID 1921: 旭酒造株式会社 (山口県) - URL: https://www.dassai.co.jp/
  👉 旭酒造株式会社: 0 件の新規製品を公式Webから自動抽出・登録完了
[6/21] ID 1930: 株式会社澄川酒造場 (山口県) - URL: https://toyobijin.jp/
    ✨ [新規銘柄抽出] JALのファーストクラスの提供酒として、「東洋美人 純米大吟醸 一天」がラインナップ。 (純米大吟醸酒)
  👉 株式会社澄川酒造場: 1 件の新規製品を公式Webから自動抽出・登録完了
[7/21] ID 2169: 有限会社渡辺酒造店 (岐阜県) - URL: https://www.sake-hourai.co.jp/
    ✨ [新規銘柄抽出] 飛騨の厳しい寒さが、飲み口爽やかな吟醸酒を育てました。ほどよい辛口、飲み飽きしな... (吟醸酒)
    ✨ [新規銘柄抽出] 北アルプス雪渓伏流水と地元産の酒米「飛騨ほまれ」を55％まで磨き上げた本醸造酒で... (本醸造酒)
    ✨ [新規銘柄抽出] 本年度初の純米吟醸を朝しぼると同時に素早くビン詰めして1回火入れで氷冷貯蔵、日本... (純米吟醸酒)
    ✨ [新規銘柄抽出] ふな口から流れ出たお酒を鮮度そのままびん詰めした本物の純生原酒です。鮮烈な味わい... (普通酒)
    ✨ [新規銘柄抽出] 発酵完了直前のもろみをそのまま練りひいた蔵出し一番にごり酒。荒削りな中にもおおら... (普通酒)
  👉 有限会社渡辺酒造店: 5 件の新規製品を公式Webから自動抽出・登録完了
[8/21] ID 3446: 八戸酒造株式会社 (青森県) - URL: https://mutsu8000.com/
  👉 八戸酒造株式会社: 0 件の新規製品を公式Webから自動抽出・登録完了
[9/21] ID 3447: 株式会社西田酒造店 (青森県) - URL: http://www.densyu.co.jp/
  👉 株式会社西田酒造店: 0 件の新規製品を公式Webから自動抽出・登録完了
[10/21] ID 3811: 清水清三郎商店株式会社 (三重県) - URL: https://www.zaku.co.jp/
  👉 清水清三郎商店株式会社: 0 件の新規製品を公式Webから自動抽出・登録完了
[11/21] ID 4702: 新澤醸造店 (宮城県) - URL: https://niizawa-brewery.co.jp/
  👉 新澤醸造店: 0 件の新規製品を公式Webから自動抽出・登録完了
[12/21] ID 5246: 黒龍酒造株式会社 (福井県) - URL: https://www.kokuryu.co.jp/
  👉 黒龍酒造株式会社: 0 件の新規製品を公式Webから自動抽出・登録完了
[13/21] ID 5263: 合資会社加藤吉平商店 (福井県) - URL: https://www.born.jp/
  👉 合資会社加藤吉平商店: 0 件の新規製品を公式Webから自動抽出・登録完了
[14/21] ID 5798: 今西酒造 株式会社 (奈良県) - URL: https://mimizuku.co.jp/
  👉 今西酒造 株式会社: 0 件の新規製品を公式Webから自動抽出・登録完了
[15/21] ID 6164: 山梨銘醸株式会社 (山梨県) - URL: https://www.shichiken.co.jp/
  👉 山梨銘醸株式会社: 0 件の新規製品を公式Webから自動抽出・登録完了
[16/21] ID 6172: 濵田酒造株式会社 (鹿児島県) - URL: https://www.hamadasyuzou.co.jp/
    ✨ [新規銘柄抽出] 本格焼酎の最高を求めて、進化しつづける焼酎蔵「美味しい」を、一人でも多くの人に届けるために (本格焼酎)
  👉 濵田酒造株式会社: 1 件の新規製品を公式Webから自動抽出・登録完了
[17/21] ID 6542: 永井酒造株式会社 (群馬県) - URL: https://www.nagai-sake.co.jp/
  👉 永井酒造株式会社: 0 件の新規製品を公式Webから自動抽出・登録完了
[18/21] ID 7218: 富久千代酒造有限会社 (佐賀県) - URL: https://nabeshima.biz/
  👉 富久千代酒造有限会社: 0 件の新規製品を公式Webから自動抽出・登録完了
[19/21] ID 7359: 小林酒造 (栃木県) - URL: https://hououbiden.jp/
    ✨ [新規銘柄抽出] 吟醸酒 鳳凰美田 (吟醸酒)
    ✨ [新規銘柄抽出] 鳳凰美田は、みずみずしくフルーティーな吟醸香が特徴的な、華やかで上質な日本酒です。 (吟醸酒)
  👉 小林酒造: 2 件の新規製品を公式Webから自動抽出・登録完了
[20/21] ID 8823: 平和酒造株式会社 (和歌山県) - URL: https://www.heiwashuzo.co.jp/
  👉 平和酒造株式会社: 0 件の新規製品を公式Webから自動抽出・登録完了
[21/21] ID 57748: 国分酒造株式会社 (鹿児島県) - URL: https://kokubu-imo.com/
  👉 国分酒造株式会社: 0 件の新規製品を公式Webから自動抽出・登録完了

=== 21酒蔵 公式Webサイト巡回 完了: 2026-08-16T15:27:27.441102 ===
新規登録総数: 9 件
