=== 国税局鑑評会受賞酒蔵 公式Webサイト巡回ログ 開始: 2026-08-16T17:44:52.251020 ===

[1/24] ID 4: 宮坂醸造株式会社 (長野県) - URL: https://www.masumi.jp/
  👉 宮坂醸造株式会社: 0 件の新規製品を公式Webから自動抽出・登録完了
[2/24] ID 121: 株式会社 廣木酒造本店 (福島県) - URL: https://www.saketime.com/breweries/657/
  👉 株式会社 廣木酒造本店: 0 件の新規製品を公式Webから自動抽出・登録完了
[3/24] ID 219: 合名会社渡辺酒造店 (新潟県) - URL: http://www.nechiotokoyama.jp/
    ✨ [新規銘柄抽出] 純米吟醸 (純米吟醸酒)
    ✨ [新規銘柄抽出] 純米大吟醸 (純米大吟醸酒)
    ✨ [新規銘柄抽出] 山廃仕込 2021 (普通酒)
  👉 合名会社渡辺酒造店: 3 件の新規製品を公式Webから自動抽出・登録完了
[4/24] ID 249: 石本酒造株式会社 (新潟県) - URL: https://koshinokanbai.co.jp/
  👉 石本酒造株式会社: 0 件の新規製品を公式Webから自動抽出・登録完了
[5/24] ID 618: 剣菱酒造株式会社 (兵庫県) - URL: http://www.kenbishi.co.jp/
  👉 剣菱酒造株式会社: 0 件の新規製品を公式Webから自動抽出・登録完了
[6/24] ID 895: 出羽桜酒造株式会社 (山形県) - URL: https://www.dewazakura.co.jp/
  👉 出羽桜酒造株式会社: 0 件の新規製品を公式Webから自動抽出・登録完了
[7/24] ID 1141: 月桂冠株式会社 (京都府) - URL: https://www.gekkeikan.co.jp/
    ✨ [新規銘柄抽出] 蔵出し原酒シリーズに待望の「京山水特別純米」が登場！裏ラベルにシリアルナンバー入り (特別純米酒)
  👉 月桂冠株式会社: 1 件の新規製品を公式Webから自動抽出・登録完了
[8/24] ID 1150: 平和酒造合資会社 (京都府) - URL: None
[9/24] ID 1409: 関谷醸造株式会社 (愛知県) - URL: https://www.houraisen.co.jp/
  👉 関谷醸造株式会社: 0 件の新規製品を公式Webから自動抽出・登録完了
[10/24] ID 1843: 磯自慢酒造株式会社 (静岡県) - URL: https://www.isojiman-sake.jp/
  👉 磯自慢酒造株式会社: 0 件の新規製品を公式Webから自動抽出・登録完了
[11/24] ID 1930: 株式会社澄川酒造場 (山口県) - URL: https://toyobijin.jp/
    ✨ [新規銘柄抽出] JALのファーストクラスの提供酒として、「東洋美人 純米大吟醸 一天」がラインナップ。 (純米大吟醸酒)
  👉 株式会社澄川酒造場: 1 件の新規製品を公式Webから自動抽出・登録完了
[12/24] ID 3446: 八戸酒造株式会社 (青森県) - URL: https://mutsu8000.com/
  👉 八戸酒造株式会社: 0 件の新規製品を公式Webから自動抽出・登録完了
[13/24] ID 3811: 清水清三郎商店株式会社 (三重県) - URL: https://www.zaku.co.jp/
  👉 清水清三郎商店株式会社: 0 件の新規製品を公式Webから自動抽出・登録完了
[14/24] ID 4702: 新澤醸造店 (宮城県) - URL: https://niizawa-brewery.co.jp/
  👉 新澤醸造店: 0 件の新規製品を公式Webから自動抽出・登録完了
[15/24] ID 5798: 今西酒造 株式会社 (奈良県) - URL: https://mimizuku.co.jp/
  👉 今西酒造 株式会社: 0 件の新規製品を公式Webから自動抽出・登録完了
[16/24] ID 6172: 濵田酒造株式会社 (鹿児島県) - URL: https://www.hamadasyuzou.co.jp/
    ✨ [新規銘柄抽出] 本格焼酎の最高を求めて、進化しつづける焼酎蔵「美味しい」を、一人でも多くの人に届けるために (本格焼酎)
  👉 濵田酒造株式会社: 1 件の新規製品を公式Webから自動抽出・登録完了
[17/24] ID 6542: 永井酒造株式会社 (群馬県) - URL: https://www.nagai-sake.co.jp/
  👉 永井酒造株式会社: 0 件の新規製品を公式Webから自動抽出・登録完了
[18/24] ID 7114: 四ツ谷酒造 (大分県) - URL: https://www.kanpachi.jp/
  👉 四ツ谷酒造: 0 件の新規製品を公式Webから自動抽出・登録完了
[19/24] ID 7130: 旭酒造 (大分県) - URL: https://www.dassai.co.jp/
  👉 旭酒造: 0 件の新規製品を公式Webから自動抽出・登録完了
[20/24] ID 7218: 富久千代酒造有限会社 (佐賀県) - URL: https://nabeshima.biz/
  👉 富久千代酒造有限会社: 0 件の新規製品を公式Webから自動抽出・登録完了
[21/24] ID 7359: 小林酒造 (栃木県) - URL: https://hououbiden.jp/
    ✨ [新規銘柄抽出] 鳳凰美田は、みずみずしくフルーティーな吟醸香が特徴的な、華やかで上質な日本酒です。 (吟醸酒)
  👉 小林酒造: 1 件の新規製品を公式Webから自動抽出・登録完了
[22/24] ID 7403: 千代むすび酒造株式会社 (鳥取県) - URL: https://www.chiyomusubi.co.jp/
    ✨ [新規銘柄抽出] 千代むすび　大吟醸袋取りしずく 720ml(桐箱入り) | 千代むすび酒造オンラインストア (大吟醸酒)
    ✨ [新規銘柄抽出] 千代むすび 純米大吟醸 強力50が、石破総理の訪米時の政府専用機に搭載されました！！ (純米大吟醸酒)
    ✨ [新規銘柄抽出] 「千代むすび 純米大吟醸 山田錦40 ～舞う白鳥～」が、見事金賞を受賞いたしました!! (純米大吟醸酒)
    ✨ [新規銘柄抽出] ◆同スパークリングSAKE部門では、千代むすびしゅわっと空が「金賞」に選出されました。 (普通酒)
    ✨ [新規銘柄抽出] 有機純米酒 (純米酒)
    ✨ [新規銘柄抽出] リキュール (リキュール)
    ✨ [新規銘柄抽出] スパークリング (普通酒)
    ✨ [新規銘柄抽出] 千代むすび純米大吟醸 トリュフチョコ (純米大吟醸酒)
    ✨ [新規銘柄抽出] 純米大吟醸 山田錦 15 中取り 「GAINA」 720ml (純米大吟醸酒)
    ✨ [新規銘柄抽出] JAS認証千代むすび有機純米吟醸 エコ・ライス新潟60 (純米吟醸酒)
    ✨ [新規銘柄抽出] 純米大吟醸 強力 おおにごり　720ml (純米大吟醸酒)
    ✨ [新規銘柄抽出] 千代むすび 純米吟醸 強力60 720ml（化粧箱入り） (純米吟醸酒)
    ✨ [新規銘柄抽出] 純米大吟醸 強力50無濾過原酒生 1.8L (純米大吟醸酒)
    ✨ [新規銘柄抽出] 千代むすび純米大吟醸 強力50 720ml（化粧箱入り） (純米大吟醸酒)
    ✨ [新規銘柄抽出] JAS認証千代むすび純米吟醸オーガニック NATURE 720ml（箱入り） (純米吟醸酒)
    ✨ [新規銘柄抽出] 純米大吟醸 山田錦 40　「舞う白鳥」　720ml　(化粧箱入り) (純米大吟醸酒)
    ✨ [新規銘柄抽出] ULTRA YUZU リキュール 720ml(果汁25%) (リキュール)
    ✨ [新規銘柄抽出] 季節限定純米吟醸 夏酒 720ml (純米吟醸酒)
    ✨ [新規銘柄抽出] 純米大吟醸 (純米大吟醸酒)
    ✨ [新規銘柄抽出] 純米吟醸 (純米吟醸酒)
    ✨ [新規銘柄抽出] 有機純米酒 兵庫県セット (純米酒)
    ✨ [新規銘柄抽出] 有機純米酒 スタンダードセット (純米酒)
    ✨ [新規銘柄抽出] 千代むすび 純米大吟醸 強力40 720ml(化粧箱入り) (純米大吟醸酒)
    ✨ [新規銘柄抽出] 千代むすび 純米大吟醸強力40 1.8L (ギフト箱入り) (純米大吟醸酒)
    ✨ [新規銘柄抽出] 千代むすび　本格焼酎セット(箱入り) (本格焼酎)
    ✨ [新規銘柄抽出] 千代むすび 大吟醸 720ml(箱入り) (大吟醸酒)
  👉 千代むすび酒造株式会社: 26 件の新規製品を公式Webから自動抽出・登録完了
[23/24] ID 7918: 賀茂鶴酒造株式会社 (広島県) - URL: https://www.kamotsuru.jp/
  👉 賀茂鶴酒造株式会社: 0 件の新規製品を公式Webから自動抽出・登録完了
[24/24] ID 57887: 株式会社鳥飼酒造 (熊本県) - URL: https://torikai.co.jp/
  👉 株式会社鳥飼酒造: 0 件の新規製品を公式Webから自動抽出・登録完了

=== 国税局鑑評会受賞酒蔵 公式Webサイト巡回 完了: 2026-08-16T17:48:22.429595 ===
新規登録総数: 33 件
