=== 最新検証済364蔵 深層クローリング実行ログ (2026-08-16T21:47:47.406515) ===

[1/461] 🏭 ID 1: 麗人酒造株式会社 (長野県) - https://reijin.biz/
[2/461] 🏭 ID 3: 伊東酒造株式会社 (長野県) - https://www.yokobue.co.jp/
[3/461] 🏭 ID 8: 戸田酒造株式会社 (長野県) - http://www.shopdaiya.jp/
[4/461] 🏭 ID 10: 株式会社丸世酒造店 (長野県) - https://marusesyuzouten.co.jp/
[5/461] 🏭 ID 16: 志賀泉酒造株式会社 (長野県) - http://shigaizumi.jp/
[6/461] 🏭 ID 19: 北安醸造株式会社 (長野県) - https://hokuan.co.jp/
[7/461] 🏭 ID 20: 大雪渓酒造株式会社 (長野県) - https://www.jizake.co.jp/
[8/461] 🏭 ID 21: 福源酒造株式会社 (長野県) - https://www.sake-fukugen.com/
[9/461] 🏭 ID 25: 株式会社酒千蔵野 (長野県) - https://shusen.jp/
[10/461] 🏭 ID 27: 株式会社西飯田酒造店 (長野県) - http://w2.avis.ne.jp/~nishiida/
[11/461] 🏭 ID 28: 株式会社尾澤酒造場 (長野県) - http://www.misuzunishiki.co.jp/
[12/461] 🏭 ID 30: 株式会社松葉屋本店 (長野県) - http://matsubaya-honten.co.jp/
[13/461] 🏭 ID 31: 高沢酒造株式会社 (長野県) - http://members.stvnet.home.ne.jp/yonekawa/
[14/461] 🏭 ID 33: 坂井銘醸株式会社 (長野県) - http://www.sakagura.co.jp/
[15/461] 🏭 ID 35: 天法酒造株式会社 (長野県) - https://www.dewazi.or.jp/motosakaya/html/sake-12.html
[16/461] 🏭 ID 37: 大塚酒造株式会社 (長野県) - https://www.asamadake.com/
    ✨ [新規SKU抽出] 純吟無濾過原酒.png [普通酒] (米: 国産米, 精米: 非公開)
    ✨ [新規SKU抽出] 献寿生原酒720ml.png [普通酒] (米: 国産米, 精米: 非公開)
    ✨ [新規SKU抽出] 無濾過生原酒.png [普通酒] (米: 国産米, 精米: 非公開)
    ✨ [新規SKU抽出] 大吟醸720_RGB2-復元.png [大吟醸酒] (米: 国産米, 精米: 非公開)
  👉 大塚酒造株式会社: 4 件の新規SKUを追加登録

[17/461] 🏭 ID 39: 戸塚酒造株式会社 (長野県) - https://www.kanchiku.com/
[18/461] 🏭 ID 40: 株式会社古屋酒造店 (長野県) - https://furuya-shuzou.com/
[19/461] 🏭 ID 44: 芙蓉酒造株式会社 (長野県) - http://www.fuyou.org/
[20/461] 🏭 ID 48: 佐久の花酒造株式会社 (長野県) - https://www.sakunohana.jp/
[21/461] 🏭 ID 50: 芙蓉酒造協同組合 (長野県) - http://www.fuyou.org/
[22/461] 🏭 ID 59: 美寿々酒造株式会社 (長野県) - http://www.appale.ne.jp/~misuzu/
[23/461] 🏭 ID 64: 合資会社宮島酒店 (長野県) - https://www.miyajima.net/
[24/461] 🏭 ID 67: 米澤酒造株式会社 (長野県) - https://www.imanisiki.co.jp/
[25/461] 🏭 ID 68: 株式会社湯川酒造店 (長野県) - https://www.yukawabrewery.com/
    ✨ [新規SKU抽出] そして、【木曽路 純米大吟醸 金紋錦】は [純米大吟醸酒] (米: 金紋錦, 精米: 非公開)
  👉 株式会社湯川酒造店: 1 件の新規SKUを追加登録

[26/461] 🏭 ID 70: 株式会社中善酒造店 (長野県) - https://nakanorisan.com/
[27/461] 🏭 ID 74: 若林醸造株式会社 (長野県) - https://www.tsukiyoshino.com/
    ✨ [新規SKU抽出] つきよしの 蛍 無濾過生原酒 [普通酒] (米: 国産米, 精米: 非公開)
    ✨ [新規SKU抽出] つきよしの 紫 無濾過生原酒 [普通酒] (米: 国産米, 精米: 非公開)
    ✨ [新規SKU抽出] つきよしの 華 無濾過生原酒 [普通酒] (米: 国産米, 精米: 非公開)
    ✨ [新規SKU抽出] つきよしの 萌黄 無濾過生原酒 [普通酒] (米: 国産米, 精米: 非公開)
  👉 若林醸造株式会社: 4 件の新規SKUを追加登録

[28/461] 🏭 ID 80: 鶴乃江酒造 株式会社 (福島県) - https://www.tsurunoe.com/
    ✨ [新規SKU抽出] 会津中将 純米大吟醸 特醸酒 [純米大吟醸酒] (米: 国産米, 精米: 非公開)
    ✨ [新規SKU抽出] 純米大吟醸 特醸酒 [純米大吟醸酒] (米: 国産米, 精米: 非公開)
    ✨ [新規SKU抽出] 会津中将 純米酒 [純米酒] (米: 国産米, 精米: 非公開)
    ✨ [新規SKU抽出] 大吟醸 ゆり 山田錦 [大吟醸酒] (米: 山田錦, 精米: 非公開)
    ✨ [新規SKU抽出] 大吟醸 ゆり [大吟醸酒] (米: 国産米, 精米: 非公開)
    ✨ [新規SKU抽出] 会津中将 特別純米 うすにごり [特別純米酒] (米: 国産米, 精米: 非公開)
    ✨ [新規SKU抽出] 会津中将 純米吟醸 ひやおろし [純米吟醸酒] (米: 国産米, 精米: 非公開)
    ✨ [新規SKU抽出] 純米吟醸​ [純米吟醸酒] (米: 国産米, 精米: 非公開)
    ✨ [新規SKU抽出] 会津中将 純米吟醸 夢の香 [純米吟醸酒] (米: 夢の香, 精米: 非公開)
    ✨ [新規SKU抽出] 純米大吟醸 ゆり [純米大吟醸酒] (米: 国産米, 精米: 非公開)
    ✨ [新規SKU抽出] 純米吟醸 ゆり [純米吟醸酒] (米: 国産米, 精米: 非公開)
    ✨ [新規SKU抽出] 会津中将 夏限定 吟醸酒 [吟醸酒] (米: 国産米, 精米: 非公開)
    ✨ [新規SKU抽出] 夏限定 ​吟醸酒 [吟醸酒] (米: 国産米, 精米: 非公開)
    ✨ [新規SKU抽出] 会津中将 特別純米 ひやおろし [特別純米酒] (米: 国産米, 精米: 非公開)
  👉 鶴乃江酒造 株式会社: 14 件の新規SKUを追加登録

[29/461] 🏭 ID 83: 合資会社 辰泉酒造 (福島県) - https://www.tatsuizumi.co.jp/
    ✨ [新規SKU抽出] 純米大吟醸京の華雫1800_2020_1596769338744 のコピー.jpg [純米大吟醸酒] (米: 国産米, 精米: 非公開)
    ✨ [新規SKU抽出] 純米大吟醸京の華 [純米大吟醸酒] (米: 国産米, 精米: 非公開)
    ✨ [新規SKU抽出] 純米吟醸鶴ヶ城720_1596690574296_400.jpg [純米吟醸酒] (米: 国産米, 精米: 非公開)
    ✨ [新規SKU抽出] にごり原酒春の雪1800_2020_1596781458048_400.jpg [普通酒] (米: 国産米, 精米: 非公開)
    ✨ [新規SKU抽出] 濃醇な味わいの原酒にごり等、バラエティを求める方へ。 [普通酒] (米: 国産米, 精米: 非公開)
    ✨ [新規SKU抽出] 砂肝とピーマンのピリ辛ポン酢炒め（純米吟醸 辰泉 Sec 超辛口）_edited.jpg [純米吟醸酒] (米: 国産米, 精米: 非公開)
    ✨ [新規SKU抽出] 純米吟醸 辰泉 Sec 超辛口に合う料理 [純米吟醸酒] (米: 国産米, 精米: 非公開)
    ✨ [新規SKU抽出] 純米大吟醸 京の華に合う料理 [純米大吟醸酒] (米: 国産米, 精米: 非公開)
  👉 合資会社 辰泉酒造: 8 件の新規SKUを追加登録

[30/461] 🏭 ID 84: 合名会社 大谷忠吉本店 (福島県) - https://www.hakuyou.co.jp/
[31/461] 🏭 ID 85: 有限会社 金水晶酒造店 (福島県) - https://www.kinsuisho.com/
[32/461] 🏭 ID 86: 奥の松酒造 株式会社 (福島県) - https://www.okunomatsu.co.jp/
    ✨ [新規SKU抽出] 純米大吟醸・純米吟醸_カテゴリー [純米大吟醸酒] (米: 国産米, 精米: 非公開)
    ✨ [新規SKU抽出] 吟醸・大吟醸_カテゴリー [大吟醸酒] (米: 国産米, 精米: 非公開)
    ✨ [新規SKU抽出] 果実のリキュール_カテゴリー [リキュール] (米: 国産米, 精米: 非公開)
    ✨ [新規SKU抽出] 「あだたら吟醸」が世界一の称号を獲得。 [吟醸酒] (米: 国産米, 精米: 非公開)
    ✨ [新規SKU抽出] 特撰純米大吟醸 [純米大吟醸酒] (米: 国産米, 精米: 非公開)
    ✨ [新規SKU抽出] あだたら吟醸 [吟醸酒] (米: 国産米, 精米: 非公開)
  👉 奥の松酒造 株式会社: 6 件の新規SKUを追加登録

[33/461] 🏭 ID 90: 有限会社 渡辺酒造本店 (福島県) - http://www.yukikomachi.co.jp
[34/461] 🏭 ID 92: 若関酒造 株式会社 (福島県) - http://www.sake-koriyama.com/wakazeki.html
[35/461] 🏭 ID 93: 夢心酒造 株式会社 (福島県) - https://www.yumegokoro.com/
[36/461] 🏭 ID 99: 合資会社 稲川酒造店 (福島県) - https://sake-inagawa.jimdoweb.com/
[37/461] 🏭 ID 100: 太平桜酒造 合資会社 (福島県) - http://www.sake-iwaki.com
[38/461] 🏭 ID 102: 山口 合名会社 (福島県) - http://blog.goo.ne.jp/kaisyuichi
[39/461] 🏭 ID 105: 有限会社 峰の雪酒造場 (福島県) - https://minenoyuki.com/
[40/461] 🏭 ID 106: 有賀醸造 合資会社 (福島県) - https://arinokawa.net/
[41/461] 🏭 ID 116: 株式会社 髙橋庄作酒造店 (福島県) - https://aizumusume.co.jp/
[42/461] 🏭 ID 117: 末廣酒造 株式会社 嘉永蔵 (福島県) - https://www.suehiro-sake.jp/
[43/461] 🏭 ID 128: 宮泉銘醸 株式会社 (福島県) - https://miyaizumi.co.jp/
    ✨ [新規SKU抽出] 會津宮泉 純米酒 [純米酒] (米: 国産米, 精米: 非公開)
    ✨ [新規SKU抽出] 會津宮泉 吟醸 [吟醸酒] (米: 国産米, 精米: 非公開)
    ✨ [新規SKU抽出] 會津宮泉 純米酒 初しぼり 生酒 [純米酒] (米: 国産米, 精米: 非公開)
    ✨ [新規SKU抽出] 會津宮泉 純米吟醸 美山錦 生酒 [純米吟醸酒] (米: 美山錦, 精米: 非公開)
    ✨ [新規SKU抽出] 會津宮泉 純米酒 無濾過生 [純米酒] (米: 国産米, 精米: 非公開)
    ✨ [新規SKU抽出] 會津宮泉 純米吟醸 山酒4号うすにごり [純米吟醸酒] (米: 国産米, 精米: 非公開)
    ✨ [新規SKU抽出] 會津宮泉 純米吟醸 福乃香 生酒 [純米吟醸酒] (米: 国産米, 精米: 非公開)
    ✨ [新規SKU抽出] 會津宮泉 純米酒 雄山錦 [純米酒] (米: 国産米, 精米: 非公開)
    ✨ [新規SKU抽出] 會津宮泉 純米吟醸 渡船2号 [純米吟醸酒] (米: 国産米, 精米: 非公開)
    ✨ [新規SKU抽出] 會津宮泉 純米吟醸 渡船弐号 [純米吟醸酒] (米: 国産米, 精米: 非公開)
    ✨ [新規SKU抽出] 會津宮泉 純米吟醸 福乃香 [純米吟醸酒] (米: 国産米, 精米: 非公開)
    ✨ [新規SKU抽出] 會津宮泉 純米吟醸 山田穂 [純米吟醸酒] (米: 国産米, 精米: 非公開)
    ✨ [新規SKU抽出] 會津宮泉 純米吟醸 秋あがり [純米吟醸酒] (米: 国産米, 精米: 非公開)
    ✨ [新規SKU抽出] 會津宮泉 熟成純米吟醸 秋あがり [純米吟醸酒] (米: 国産米, 精米: 非公開)
    ✨ [新規SKU抽出] 會津宮泉 純米大吟醸 夢の香四十 [純米大吟醸酒] (米: 夢の香, 精米: 非公開)
  👉 宮泉銘醸 株式会社: 15 件の新規SKUを追加登録

[44/461] 🏭 ID 130: 笹正宗酒造 株式会社 (福島県) - http://www.sasamasamune.com
[45/461] 🏭 ID 217: 株式会社武蔵野酒造 (新潟県) - https://www.musashino-shuzo.com/
[46/461] 🏭 ID 218: 越後桜酒造株式会社 (新潟県) - https://echigozakura.co.jp/
[47/461] 🏭 ID 226: 株式会社新潟一粒酒造 (新潟県) - https://niigataichiryu.co.jp/
[48/461] 🏭 ID 230: 宮尾酒造株式会社 (新潟県) - https://www.shimeharitsuru.co.jp/
[49/461] 🏭 ID 232: 関原酒造株式会社 (新潟県) - https://www.harashuzo.com/
[50/461] 🏭 ID 235: 久須美酒造株式会社 (新潟県) - https://www.facebook.com/profile.php?id=100057280607069
[51/461] 🏭 ID 237: 阿部酒造株式会社 (新潟県) - https://www.abeshuzo.com:443/
[52/461] 🏭 ID 239: LAGOON BREWERY合同会社(ラグーンブリュワリー) (新潟県) - https://www.lagoon-brewery.com/
[53/461] 🏭 ID 240: 田原酒造株式会社 (新潟県) - https://www.harashuzo.com/
[54/461] 🏭 ID 247: 髙千代酒造株式会社 (新潟県) - http://www.takachiyo.co.jp
[55/461] 🏭 ID 248: 塩川酒造株式会社 (新潟県) - https://www.shiokawa.biz
[56/461] 🏭 ID 250: 株式会社サケアイ | SAKENOVA BREWERY (新潟県) - https://sakeai.co.jp/
[57/461] 🏭 ID 254: 峰乃白梅酒造株式会社 (新潟県) - http://www.minenohakubai.co.jp/
[58/461] 🏭 ID 256: 葵酒造株式会社 (新潟県) - https://aoi-brewery.jp/
[59/461] 🏭 ID 263: 魚沼酒造株式会社 (新潟県) - https://www.tenjinkk.com/
    ✨ [新規SKU抽出] 生酒・にごり酒 [普通酒] (米: 国産米, 精米: 非公開)
  👉 魚沼酒造株式会社: 1 件の新規SKUを追加登録

[60/461] 🏭 ID 268: 弥彦酒造株式会社 (新潟県) - http://www.yahiko-shuzo.jp         http://www.yahikonosake.com
[61/461] 🏭 ID 270: 猪又酒造株式会社 (新潟県) - http://www.tsukimizunoike.com/
[62/461] 🏭 ID 271: 雪と里山醸造所 (新潟県) - https://www.instagram.com/snow_satoyama/
[63/461] 🏭 ID 279: 住乃井酒造株式会社 (新潟県) - http://www.suminoi.com
[64/461] 🏭 ID 282: 妙高酒造株式会社 (新潟県) - https://myokoshuzo.co.jp/
[65/461] 🏭 ID 283: 麒麟山酒造株式会社 (新潟県) - https://kirinzan.co.jp/
[66/461] 🏭 ID 288: 株式会社丸山酒造場 (新潟県) - https://maruyama-shuzojo.jp
[67/461] 🏭 ID 289: 白龍酒造株式会社 (新潟県) - https://hakuryu-sake.com/
    ✨ [新規SKU抽出] 「雪室貯蔵 吟醸にごり酒」 [吟醸酒] (米: 国産米, 精米: 非公開)
    ✨ [新規SKU抽出] いただけるように醸した吟醸にごり酒を [吟醸酒] (米: 国産米, 精米: 非公開)
    ✨ [新規SKU抽出] 「雪室貯蔵 吟醸にごり酒」販売ページ [吟醸酒] (米: 国産米, 精米: 非公開)
    ✨ [新規SKU抽出] 「白龍 夏吟醸」発売！ [吟醸酒] (米: 国産米, 精米: 非公開)
    ✨ [新規SKU抽出] 「白龍 夏吟醸」販売ページ [吟醸酒] (米: 国産米, 精米: 非公開)
    ✨ [新規SKU抽出] 「白龍 大吟醸涼原酒」 [大吟醸酒] (米: 国産米, 精米: 非公開)
    ✨ [新規SKU抽出] 「白龍 大吟醸涼原酒」販売ページ [大吟醸酒] (米: 国産米, 精米: 非公開)
    ✨ [新規SKU抽出] ヨーグルトリキュール [リキュール] (米: 国産米, 精米: 非公開)
    ✨ [新規SKU抽出] 「ヨーグルトリキュール モウモウ」 [リキュール] (米: 国産米, 精米: 非公開)
    ✨ [新規SKU抽出] 特撰純米大吟醸 茂左衛門 [純米大吟醸酒] (米: 国産米, 精米: 非公開)
    ✨ [新規SKU抽出] 特撰純米大吟醸酒ができました！ [純米大吟醸酒] (米: 国産米, 精米: 非公開)
    ✨ [新規SKU抽出] 特撰純米大吟醸 茂左衛門はこちら [純米大吟醸酒] (米: 国産米, 精米: 非公開)
    ✨ [新規SKU抽出] 「特撰大吟醸 笹屋茂左衛門」が [大吟醸酒] (米: 国産米, 精米: 非公開)
    ✨ [新規SKU抽出] 「大吟醸 白龍」と「純米大吟醸 白龍」が [純米大吟醸酒] (米: 国産米, 精米: 非公開)
    ✨ [新規SKU抽出] 「特撰大吟醸 笹屋茂左衛門」販売ページ [大吟醸酒] (米: 国産米, 精米: 非公開)
    ✨ [新規SKU抽出] 「大吟醸 白龍」販売ページ [大吟醸酒] (米: 国産米, 精米: 非公開)
    ✨ [新規SKU抽出] 「純米大吟醸 白龍」販売ページ [純米大吟醸酒] (米: 国産米, 精米: 非公開)
    ✨ [新規SKU抽出] 越の梅酒 [リキュール] (米: 国産米, 精米: 非公開)
    ✨ [新規SKU抽出] 純米酒仕込みの香り高い梅酒 [純米酒] (米: 国産米, 精米: 非公開)
    ✨ [新規SKU抽出] 白龍 純米吟醸・吟醸セット [純米吟醸酒] (米: 国産米, 精米: 非公開)
    ✨ [新規SKU抽出] 白龍 純米吟醸・吟醸 [純米吟醸酒] (米: 国産米, 精米: 非公開)
    ✨ [新規SKU抽出] 白龍 吟醸・本醸造セット [吟醸酒] (米: 国産米, 精米: 非公開)
    ✨ [新規SKU抽出] 白龍 吟醸・本醸造 [吟醸酒] (米: 国産米, 精米: 非公開)
    ✨ [新規SKU抽出] 白龍 純米・本醸造セット [本醸造酒] (米: 国産米, 精米: 非公開)
    ✨ [新規SKU抽出] 白龍 純米・本醸造 [本醸造酒] (米: 国産米, 精米: 非公開)
    ✨ [新規SKU抽出] 白龍 大吟醸銘酒セット [大吟醸酒] (米: 国産米, 精米: 非公開)
    ✨ [新規SKU抽出] 白龍 大吟醸銘酒 [大吟醸酒] (米: 国産米, 精米: 非公開)
    ✨ [新規SKU抽出] 白龍 純米吟醸・吟醸・本醸造セット [純米吟醸酒] (米: 国産米, 精米: 非公開)
    ✨ [新規SKU抽出] ・本醸造セット [本醸造酒] (米: 国産米, 精米: 非公開)
    ✨ [新規SKU抽出] 特撰大吟醸 笹屋茂左衛門 [大吟醸酒] (米: 国産米, 精米: 非公開)
    ✨ [新規SKU抽出] 大吟醸 白龍 [大吟醸酒] (米: 国産米, 精米: 非公開)
    ✨ [新規SKU抽出] 純米大吟醸 白龍 [純米大吟醸酒] (米: 国産米, 精米: 非公開)
    ✨ [新規SKU抽出] 白龍 ワイン酵母仕込み純米大吟醸 [純米大吟醸酒] (米: 国産米, 精米: 非公開)
    ✨ [新規SKU抽出] 白龍 純米大吟醸K-1801 [純米大吟醸酒] (米: 国産米, 精米: 非公開)
    ✨ [新規SKU抽出] 契約栽培米五百万石吟醸 白龍 [吟醸酒] (米: 五百万石, 精米: 非公開)
    ✨ [新規SKU抽出] 契約栽培米純米吟醸 白龍 [純米吟醸酒] (米: 国産米, 精米: 非公開)
    ✨ [新規SKU抽出] 特別純米酒 越後府 [特別純米酒] (米: 国産米, 精米: 非公開)
    ✨ [新規SKU抽出] 純米大吟醸 生酒 白龍 [純米大吟醸酒] (米: 国産米, 精米: 非公開)
    ✨ [新規SKU抽出] 純米大吟醸 生 [純米大吟醸酒] (米: 国産米, 精米: 非公開)
    ✨ [新規SKU抽出] ヨーグルトリキュール モウモウ [リキュール] (米: 国産米, 精米: 非公開)
    ✨ [新規SKU抽出] 白龍 吟醸 しぼりたて生缶 [吟醸酒] (米: 国産米, 精米: 非公開)
    ✨ [新規SKU抽出] 白龍 夏吟醸 [吟醸酒] (米: 国産米, 精米: 非公開)
    ✨ [新規SKU抽出] 雪室貯蔵 吟醸にごり酒 [吟醸酒] (米: 国産米, 精米: 非公開)
    ✨ [新規SKU抽出] 白龍 大吟醸涼原酒 [大吟醸酒] (米: 国産米, 精米: 非公開)
    ✨ [新規SKU抽出] 新米新酒生原酒吟醸しぼりたて [吟醸酒] (米: 国産米, 精米: 非公開)
    ✨ [新規SKU抽出] 新米新酒 吟醸にごり酒 [吟醸酒] (米: 国産米, 精米: 非公開)
    ✨ [新規SKU抽出] 純米吟醸しぼりたて無濾過 [純米吟醸酒] (米: 国産米, 精米: 非公開)
    ✨ [新規SKU抽出] 純米吟醸 ひやおろし [純米吟醸酒] (米: 国産米, 精米: 非公開)
    ✨ [新規SKU抽出] 大吟醸生原酒 あらばしり [大吟醸酒] (米: 国産米, 精米: 非公開)
    ✨ [新規SKU抽出] 吟醸生原酒 賀正ラベル [吟醸酒] (米: 国産米, 精米: 非公開)
    ✨ [新規SKU抽出] 父の日特別仕様の酒 大吟醸 [大吟醸酒] (米: 国産米, 精米: 非公開)
    ✨ [新規SKU抽出] 白龍 純米吟醸・ [純米吟醸酒] (米: 国産米, 精米: 非公開)
    ✨ [新規SKU抽出] 吟醸・本醸造セット [吟醸酒] (米: 国産米, 精米: 非公開)
  👉 白龍酒造株式会社: 53 件の新規SKUを追加登録

[68/461] 🏭 ID 293: ふじの井酒造株式会社 (新潟県) - http://www.cribusinesssystems.com/
[69/461] 🏭 ID 295: 新潟第一酒造株式会社 (新潟県) - https://www.hakuchosake.com/
[70/461] 🏭 ID 299: 株式会社越後鶴亀 (新潟県) - https://www.echigotsurukame.com/
[71/461] 🏭 ID 301: 原酒造株式会社 (新潟県) - https://www.harashuzo.com/
[72/461] 🏭 ID 528: 株式会社 齋彌酒造店 (秋田県) - https://www.yukinobousha.jp/
[73/461] 🏭 ID 529: 株式会社 飛良泉本舗 (秋田県) - https://www.hiraizumi.co.jp/
[74/461] 🏭 ID 544: 合名会社 栗林酒造店 (秋田県) - https://harukasumi.com
[75/461] 🏭 ID 546: 両関酒造株式会社 (秋田県) - https://www.ryozeki.co.jp/
[76/461] 🏭 ID 552: 合名会社 鈴木酒造店 (秋田県) - https://hideyoshi.co.jp/
[77/461] 🏭 ID 553: 喜久水酒造合資会社 (秋田県) - http://kikusuisyuzo.com/
[78/461] 🏭 ID 615: 富久娘酒造株式会社 (兵庫県) - http://www.oenon.jp/product/sake/sake-brewery/fukumusume.html
[79/461] 🏭 ID 618: 剣菱酒造株式会社 (兵庫県) - https://www.kenbishi.co.jp/
[80/461] 🏭 ID 622: 株式会社安福又四郎商店 (兵庫県) - http://daikoku-m.com/
[81/461] 🏭 ID 623: 髙嶋酒類食品株式会社 (兵庫県) - https://www.konanzuke.co.jp/
[82/461] 🏭 ID 630: 木谷酒造株式会社 (兵庫県) - https://kiichi-osake.jp/
[83/461] 🏭 ID 636: 北山酒造株式会社 (兵庫県) - http://bijinclub-shimabijin.co.jp
[84/461] 🏭 ID 637: 万代大澤醸造株式会社 (兵庫県) - https://tokuwaka.storeinfo.jp/
[85/461] 🏭 ID 647: 銀海酒造有限会社 (兵庫県) - http://ginkai-syuzo.com/
[86/461] 🏭 ID 652: 株式会社本田商店 (兵庫県) - https://www.tatsuriki.com/
[87/461] 🏭 ID 665: 黄桜株式会社 丹波工場 (兵庫県) - http://www.kizakura.co.jp/
[88/461] 🏭 ID 666: 神結酒造株式会社 (兵庫県) - https://www.kamimusubi.co.jp/
[89/461] 🏭 ID 669: 明石酒類醸造株式会社 (兵庫県) - https://www.akashi-tai.com/
[90/461] 🏭 ID 670: 江井ヶ嶋酒造株式会社 (兵庫県) - https://www.ei-sake.jp/
    ✨ [新規SKU抽出] 神鷹大吟醸３５ [大吟醸酒] (米: 国産米, 精米: 非公開)
    ✨ [新規SKU抽出] 純米大吟醸神鷹 [純米大吟醸酒] (米: 国産米, 精米: 非公開)
    ✨ [新規SKU抽出] 神鷹純米吟醸 山田錦 中取り [純米吟醸酒] (米: 山田錦, 精米: 非公開)
    ✨ [新規SKU抽出] 神鷹純米酒 [純米酒] (米: 国産米, 精米: 非公開)
    ✨ [新規SKU抽出] 神鷹 純米酒 水もと仕込み 辛口 [純米酒] (米: 国産米, 精米: 非公開)
  👉 江井ヶ嶋酒造株式会社: 5 件の新規SKUを追加登録

[91/461] 🏭 ID 679: 伊丹老松酒造株式会社 (兵庫県) - https://oimatsu.biz/
[92/461] 🏭 ID 680: 川辺酒造有限会社 (兵庫県) - http://www.hanagoromo.co.jp/
[93/461] 🏭 ID 855: 寿虎屋酒造株式会社 (山形県) - http://kotobukitoraya.co.jp/
[94/461] 🏭 ID 885: 加藤嘉八郎酒造株式会社 (山形県) - https://www.oyamasake.co.jp/
[95/461] 🏭 ID 896: 東北銘醸株式会社 (山形県) - https://hatsumago.co.jp/
[96/461] 🏭 ID 932: 旭松酒造 株式会社 (福岡県) - http://www.asahimatsusyuzou.co.jp/
[97/461] 🏭 ID 936: 株式会社 伊豆本店 (福岡県) - https://www.kubara.jp/izuhonten
    ✨ [新規SKU抽出] 宗像 特別純米 山田錦 [特別純米酒] (米: 山田錦, 精米: 非公開)
    ✨ [新規SKU抽出] 宗像 特別純米 寿限無720ml｜伊豆本店｜久原本家通販サイト（公式） [特別純米酒] (米: 国産米, 精米: 非公開)
    ✨ [新規SKU抽出] 宗像 特別純米 寿限無720ml [特別純米酒] (米: 国産米, 精米: 非公開)
  👉 株式会社 伊豆本店: 3 件の新規SKUを追加登録

[98/461] 🏭 ID 941: 翁酒造 株式会社 (福岡県) - http://okinashuzou.jp/
[99/461] 🏭 ID 942: 片岡酒造場 (福岡県) - http://www.k4.dion.ne.jp/~kataoka/
[100/461] 🏭 ID 949: 有限会社 白糸酒造 (福岡県) - http://www.shiraito.com/
[101/461] 🏭 ID 954: 玉水酒造 合資会社 (福岡県) - https://tamamizushuzo.com
[102/461] 🏭 ID 955: 筑紫の誉酒造 株式会社 (福岡県) - http://c-homare.com/
    ✨ [新規SKU抽出] 大吟醸 極醸酒（限定品） 720ml [大吟醸酒] (米: 国産米, 精米: 非公開)
    ✨ [新規SKU抽出] 大吟醸酒 1.8L [大吟醸酒] (米: 国産米, 精米: 非公開)
    ✨ [新規SKU抽出] 大吟醸酒 720ml [大吟醸酒] (米: 国産米, 精米: 非公開)
    ✨ [新規SKU抽出] 特別純米酒 １．８L [特別純米酒] (米: 国産米, 精米: 非公開)
    ✨ [新規SKU抽出] 特別純米酒 720ml [特別純米酒] (米: 国産米, 精米: 非公開)
    ✨ [新規SKU抽出] 樋ノ口原酒（にごり酒）720ml [普通酒] (米: 国産米, 精米: 非公開)
    ✨ [新規SKU抽出] しぼりたての豊醇な味のある原酒 にごり酒 [普通酒] (米: 国産米, 精米: 非公開)
    ✨ [新規SKU抽出] 生貯蔵原酒『初蔵だより』720ml [普通酒] (米: 国産米, 精米: 非公開)
  👉 筑紫の誉酒造 株式会社: 8 件の新規SKUを追加登録

[103/461] 🏭 ID 956: 株式会社 千歳乃松 (福岡県) - http://www.chitosenomatu.jp
[104/461] 🏭 ID 957: 豊村酒造 有限会社 (福岡県) - https://www.toyomurashuzou.jp/
[105/461] 🏭 ID 963: 浜地酒造 株式会社 (福岡県) - https://suginoya.co.jp/
[106/461] 🏭 ID 967: 飛龍酒造 株式会社 (福岡県) - https://hiryu.site/
[107/461] 🏭 ID 971: 七曜酒造 株式会社 (福岡県) - https://shichiyosyuzo.jp/
[108/461] 🏭 ID 976: 柳川酒造 株式会社 (福岡県) - http://www.kuninokotobuki.co.jp
[109/461] 🏭 ID 1118: 白杉酒造株式会社 (京都府) - https://facebook.com/shirasugisyuzou
[110/461] 🏭 ID 1120: 竹野酒造有限会社 (京都府) - https://yasakaturu.co.jp
[111/461] 🏭 ID 1124: 向井酒造株式会社 (京都府) - https://www.facebook.com/mukaisyuzou/
[112/461] 🏭 ID 1136: 黄桜株式会社 (京都府) - https://kizakura.co.jp
[113/461] 🏭 ID 1142: 株式会社小山本家酒造京都伏見工場 (京都府) - https://www.koyamahonke.co.jp/
    ✨ [新規SKU抽出] 金紋世界鷹純米吟醸 [純米吟醸酒] (米: 国産米, 精米: 非公開)
    ✨ [新規SKU抽出] 純米大吟醸酒・純米吟醸酒 [純米大吟醸酒] (米: 国産米, 精米: 非公開)
    ✨ [新規SKU抽出] おいしい大吟醸 [大吟醸酒] (米: 国産米, 精米: 非公開)
    ✨ [新規SKU抽出] 大吟醸酒・吟醸酒 [大吟醸酒] (米: 国産米, 精米: 非公開)
    ✨ [新規SKU抽出] ｢おいしい大吟醸｣ブランドサイト [大吟醸酒] (米: 国産米, 精米: 非公開)
    ✨ [新規SKU抽出] おいしい大吟醸 | 小山本家酒造 [大吟醸酒] (米: 国産米, 精米: 非公開)
    ✨ [新規SKU抽出] 金紋世界鷹純米吟醸 | 小山本家酒造 [純米吟醸酒] (米: 国産米, 精米: 非公開)
    ✨ [新規SKU抽出] 金紋世界鷹吟醸50 [吟醸酒] (米: 国産米, 精米: 非公開)
    ✨ [新規SKU抽出] 世かい鷹 純米大吟醸 [純米大吟醸酒] (米: 国産米, 精米: 非公開)
  👉 株式会社小山本家酒造京都伏見工場: 9 件の新規SKUを追加登録

[114/461] 🏭 ID 1143: 齊藤酒造株式会社 (京都府) - https://www.eikun.com/
[115/461] 🏭 ID 1148: 東山酒造有限会社 (京都府) - https://higashiyamasake.com/
[116/461] 🏭 ID 1151: 株式会社増田德兵衞商店 (京都府) - https://tsukinokatsura.co.jp/
[117/461] 🏭 ID 1152: 松本酒造株式会社 (京都府) - https://matsumotoshuzo.com/
    ✨ [新規SKU抽出] 中川原酒店 [普通酒] (米: 国産米, 精米: 非公開)
  👉 松本酒造株式会社: 1 件の新規SKUを追加登録

[118/461] 🏭 ID 1154: 都鶴酒造株式会社 (京都府) - https://miyakotsuru.co.jp/
[119/461] 🏭 ID 1378: 株式会社萬乗醸造 (愛知県) - https://kuheiji.co.jp/
[120/461] 🏭 ID 1379: 山星酒造株式会社 (愛知県) - http://www.hoshizakari.co.jp/
[121/461] 🏭 ID 1393: 盛田金しゃち酒造株式会社 (愛知県) - https://www.kinshachi.co.jp/
    ✨ [新規SKU抽出] K-810 金鯱 純米吟醸仕込みの梅酒 [純米吟醸酒] (米: 国産米, 精米: 非公開)
  👉 盛田金しゃち酒造株式会社: 1 件の新規SKUを追加登録

[122/461] 🏭 ID 1400: 神杉酒造株式会社 (愛知県) - http://www.kamisugi.co.jp/
[123/461] 🏭 ID 1402: 山﨑合資会社 (愛知県) - https://www.sonnoh.co.jp/
[124/461] 🏭 ID 1405: 豊田酒造株式会社 (愛知県) - https://toyota-shuzo.co.jp/
[125/461] 🏭 ID 1407: 中垣酒造株式会社 (愛知県) - https://r.goope.jp/nakagaki-syuzo/
[126/461] 🏭 ID 1843: 磯自慢酒造株式会社 (静岡県) - https://www.isojiman-sake.jp/
[127/461] 🏭 ID 1844: 株式会社神沢川酒造場 (静岡県) - http://www.kanzawagawa.co.jp/
    ✨ [新規SKU抽出] 大吟醸斗瓶取 [大吟醸酒] (米: 国産米, 精米: 非公開)
    ✨ [新規SKU抽出] 純米大吟醸備前雄町 [純米大吟醸酒] (米: 雄町, 精米: 非公開)
    ✨ [新規SKU抽出] 純米大吟醸備前雄町を、ルリ色の小瓶に詰めました。 [純米大吟醸酒] (米: 雄町, 精米: 非公開)
    ✨ [新規SKU抽出] 純米吟醸吟ぎんが [純米吟醸酒] (米: 国産米, 精米: 非公開)
    ✨ [新規SKU抽出] 爽やかな味と香りが際立った純米吟醸吟ぎんがを、クロ色の小瓶に詰めました。 [純米吟醸酒] (米: 国産米, 精米: 非公開)
  👉 株式会社神沢川酒造場: 5 件の新規SKUを追加登録

[128/461] 🏭 ID 1853: 株式会社土井酒造場 (静岡県) - https://kaiun-sake.com/
[129/461] 🏭 ID 1858: 牧野酒造合資会社 (静岡県) - http://makino-shuzo.com/
[130/461] 🏭 ID 1862: 萩錦酒造株式会社 (静岡県) - https://www.instagram.com/haginishiki/
[131/461] 🏭 ID 1863: 森本酒造合資会社 (静岡県) - http://sayogoromo.jimdo.com/
[132/461] 🏭 ID 1864: 千寿酒造株式会社 (静岡県) - https://www.e-senju.co.jp/
[133/461] 🏭 ID 1920: 大嶺酒造株式会社 (山口県) - https://www.ohmine.jp/
[134/461] 🏭 ID 1921: 旭酒造株式会社 (山口県) - https://www.dassai.co.jp/
[135/461] 🏭 ID 1926: 村重酒造株式会社 (山口県) - https://www.murashige-sake.co.jp/
[136/461] 🏭 ID 1929: 酒井酒造株式会社 (山口県) - https://gokyo-sake.co.jp/
    ✨ [新規SKU抽出] 「2025年度全米日本酒歓評会」大吟醸 B（精米歩合50%以下）において「五橋… [大吟醸酒] (米: 国産米, 精米: 50%)
    ✨ [新規SKU抽出] 当商品は山口県オリジナル酒米（西都の雫）を主原料に醸す純米吟醸の搾りたて生原酒… [純米吟醸酒] (米: 国産米, 精米: 非公開)
  👉 酒井酒造株式会社: 2 件の新規SKUを追加登録

[137/461] 🏭 ID 1930: 株式会社澄川酒造場 (山口県) - https://toyobijin.jp/
[138/461] 🏭 ID 2129: 菊川株式会社 (岐阜県) - http://www.sake-kikukawa.co.jp/index.php
[139/461] 🏭 ID 2133: 武内合資会社 (岐阜県) - http://www.takeuchi-shuzo.jp/
[140/461] 🏭 ID 2134: 渡辺酒造醸 (岐阜県) - http://www.minonishiki.com/
[141/461] 🏭 ID 2137: 所酒造合資会社 (岐阜県) - http://www.ibi.or.jp/~bojimaya/
[142/461] 🏭 ID 2143: 平和錦酒造株式会社 (岐阜県) - http://www.kinsen.pu.shopserve.jp
[143/461] 🏭 ID 2145: 花盛酒造株式会社 (岐阜県) - http://www.hanazakari.co.jp/
[144/461] 🏭 ID 2147: 原酒造場 (岐阜県) - http://genbun.sakura.ne.jp
[145/461] 🏭 ID 2150: 千古乃岩酒造株式会社 (岐阜県) - http://www.chigonoiwa.com/
[146/461] 🏭 ID 2159: 恵那醸造株式会社福岡工場 (岐阜県) - https://www.kujiranami.jp/
[147/461] 🏭 ID 2161: 二木酒造株式会社 (岐阜県) - http://www.niki-sake.com/
[148/461] 🏭 ID 2162: 有限会社平瀬酒造店 (岐阜県) - http://www.kusudama.co.jp/
[149/461] 🏭 ID 2165: 株式会社平田酒造場 (岐阜県) - http://hidanohana.com
[150/461] 🏭 ID 2255: 松浦酒造有限会社 (石川県) - https://shishinosato.com/
    ✨ [新規SKU抽出] 【純米大吟醸】山田錦40％精米／愛山50％精米 [純米大吟醸酒] (米: 山田錦, 精米: 非公開)
    ✨ [新規SKU抽出] 【純米吟醸】旬／鮮／酒を食べてゐる [純米吟醸酒] (米: 国産米, 精米: 非公開)
    ✨ [新規SKU抽出] 【純米酒】超辛純米／獅子の里 [純米酒] (米: 国産米, 精米: 非公開)
  👉 松浦酒造有限会社: 3 件の新規SKUを追加登録

[151/461] 🏭 ID 2262: 宗玄酒造株式会社 (石川県) - http://www.sougen-shuzou.com
[152/461] 🏭 ID 2263: 松波酒造株式会社 (石川県) - https://www.o-eyama.com:443/
[153/461] 🏭 ID 2266: 株式会社鶴野酒造店 (石川県) - http:www.taniizumi.jp
[154/461] 🏭 ID 2485: 南陽醸造株式会社 (埼玉県) - http://www.nanyo-jozo.com/
[155/461] 🏭 ID 2488: 株式会社タイセー秩父菊水酒造所 (埼玉県) - https://www.chichibu-kikusui.com/
[156/461] 🏭 ID 2491: 寒梅酒造株式会社 (埼玉県) - https://www.kanbai.co.jp/
[157/461] 🏭 ID 2496: 石井酒造株式会社 (埼玉県) - https://www.ishii-syuzo.jp/home.html
[158/461] 🏭 ID 2498: 大瀧酒造株式会社 (埼玉県) - https://otakisake.com/
[159/461] 🏭 ID 2499: 清龍酒造株式会社 (埼玉県) - https://seiryu-syuzou.co.jp/
[160/461] 🏭 ID 2500: 晴雲酒造株式会社 (埼玉県) - https://seiun-sake.co.jp/
[161/461] 🏭 ID 2503: 五十嵐酒造株式会社 (埼玉県) - https://www.snw.co.jp/~iga_s/
[162/461] 🏭 ID 2695: かち鶴酒造株式会社 (愛媛県) - http://www.kachizuru.com/
[163/461] 🏭 ID 2699: 千代の亀酒造株式会社 (愛媛県) - https://www.chiyonokame.com/
[164/461] 🏭 ID 2705: 最進酒造合名会社 (愛媛県) - https://www.uwaikedaya.com/
    ✨ [新規SKU抽出] 玉川 純米吟醸Tamagawa [純米吟醸酒] (米: 国産米, 精米: 非公開)
    ✨ [新規SKU抽出] 玉川 原酒 Tamagawa Gensyu [普通酒] (米: 国産米, 精米: 非公開)
  👉 最進酒造合名会社: 2 件の新規SKUを追加登録

[165/461] 🏭 ID 3189: 萬歳酒造 (岡山県) - http://homepage2.nifty.com/manzai-syuzo/
[166/461] 🏭 ID 3200: 熊屋酒造 (岡山県) - https://kumaya.jp/
[167/461] 🏭 ID 3204: ヨイキゲン (岡山県) - http://www.yoikigen.co.jp
[168/461] 🏭 ID 3207: 神露酒造 (岡山県) - http://www.sinro.co.jp
[169/461] 🏭 ID 3208: 平喜酒造 (岡山県) - https://hirakishuzo.co.jp/
    ✨ [新規SKU抽出] 超特撰 喜平 純米大吟醸 [純米大吟醸酒] (米: 国産米, 精米: 非公開)
    ✨ [新規SKU抽出] 喜平 純米大吟醸 [純米大吟醸酒] (米: 国産米, 精米: 非公開)
    ✨ [新規SKU抽出] 喜平 大吟醸 原酒 雄華 [大吟醸酒] (米: 国産米, 精米: 非公開)
    ✨ [新規SKU抽出] 喜平 吟醸 [吟醸酒] (米: 国産米, 精米: 非公開)
    ✨ [新規SKU抽出] 喜平 純米吟醸 木桶仕込 [純米吟醸酒] (米: 国産米, 精米: 非公開)
    ✨ [新規SKU抽出] 喜平 純米吟醸 生貯蔵酒 [純米吟醸酒] (米: 国産米, 精米: 非公開)
    ✨ [新規SKU抽出] 本醸造 喜平 ひやおろし [本醸造酒] (米: 国産米, 精米: 非公開)
    ✨ [新規SKU抽出] 喜平 純米酒 しぼりたて [純米酒] (米: 国産米, 精米: 非公開)
    ✨ [新規SKU抽出] 大吟醸・純米大吟醸 [純米大吟醸酒] (米: 国産米, 精米: 非公開)
    ✨ [新規SKU抽出] 喜平 純米大吟醸 雄町の雫 [純米大吟醸酒] (米: 雄町, 精米: 非公開)
    ✨ [新規SKU抽出] 吟醸・純米吟醸 [純米吟醸酒] (米: 国産米, 精米: 非公開)
    ✨ [新規SKU抽出] 喜平 純米吟醸 曙乃郷 [純米吟醸酒] (米: 国産米, 精米: 非公開)
  👉 平喜酒造: 12 件の新規SKUを追加登録

[170/461] 🏭 ID 3209: 丸本酒造 (岡山県) - http://kamomidori.co.jp/
[171/461] 🏭 ID 3211: 妹尾酒造本店 (岡山県) - http://岡山白桃ワイン.jp
[172/461] 🏭 ID 3221: 辻本店 (岡山県) - https://www.gozenshu.co.jp/
[173/461] 🏭 ID 3230: 清鶴酒造株式会社 (大阪府) - http://www.kiyotsuru.jp
[174/461] 🏭 ID 3231: 山野酒造株式会社 (大阪府) - https://www.katanosakura.com
[175/461] 🏭 ID 3234: 西條合資会社 (大阪府) - https://www.amanosake.com/
    ✨ [新規SKU抽出] 柔らかな香りの味吟醸 [吟醸酒] (米: 国産米, 精米: 非公開)
    ✨ [新規SKU抽出] 吟醸 原酒 [吟醸酒] (米: 国産米, 精米: 非公開)
    ✨ [新規SKU抽出] 切れ味なめらか辛口吟醸 [吟醸酒] (米: 国産米, 精米: 非公開)
    ✨ [新規SKU抽出] テーブルサイズで呑みやすい吟醸酒 [吟醸酒] (米: 国産米, 精米: 非公開)
    ✨ [新規SKU抽出] しなやかな香りとスッキリした味の吟醸酒を300mlボトルに詰めました。 [吟醸酒] (米: 国産米, 精米: 非公開)
    ✨ [新規SKU抽出] 純米大吟醸 りょく [純米大吟醸酒] (米: 国産米, 精米: 非公開)
    ✨ [新規SKU抽出] まろみと吟醸香のバランスよい大吟醸 [大吟醸酒] (米: 国産米, 精米: 非公開)
    ✨ [新規SKU抽出] 純米大吟醸 天游 [純米大吟醸酒] (米: 国産米, 精米: 非公開)
    ✨ [新規SKU抽出] ゆったりとした気分になるそんな純米酒。 [純米酒] (米: 国産米, 精米: 非公開)
    ✨ [新規SKU抽出] 花紋原酒 [普通酒] (米: 国産米, 精米: 非公開)
    ✨ [新規SKU抽出] クールな辛口、本醸造タイプの爽やかな夏酒 [本醸造酒] (米: 国産米, 精米: 非公開)
    ✨ [新規SKU抽出] 秋までしっかり熟成した純米吟醸生原  酒 [純米吟醸酒] (米: 国産米, 精米: 非公開)
    ✨ [新規SKU抽出] 吟醸原酒 あまの [吟醸酒] (米: 国産米, 精米: 非公開)
    ✨ [新規SKU抽出] 天野酒から天野様へ真心を込めた吟醸原酒です [吟醸酒] (米: 国産米, 精米: 非公開)
    ✨ [新規SKU抽出] 濃酵梅酒 [リキュール] (米: 国産米, 精米: 非公開)
  👉 西條合資会社: 15 件の新規SKUを追加登録

[176/461] 🏭 ID 3235: 寺田酒造有限会社 (大阪府) - http://www.gancho.net
[177/461] 🏭 ID 3240: 有限会社利休蔵 (大阪府) - https://sennorikyu-nihonshu.jp/
[178/461] 🏭 ID 3445: 八戸酒類株式会社八鶴工場 (青森県) - https://hachinohe-syurui.com/
    ✨ [新規SKU抽出] 如空 特別純米金ラベル [特別純米酒] (米: 国産米, 精米: 非公開)
    ✨ [新規SKU抽出] 八鶴 大吟醸 [大吟醸酒] (米: 国産米, 精米: 非公開)
    ✨ [新規SKU抽出] 如空 純米大吟醸 華想い [純米大吟醸酒] (米: 国産米, 精米: 非公開)
    ✨ [新規SKU抽出] 八鶴 濃醇超辛純米酒 剛酒 [純米酒] (米: 国産米, 精米: 非公開)
    ✨ [新規SKU抽出] 八鶴 純米吟醸 [純米吟醸酒] (米: 国産米, 精米: 非公開)
    ✨ [新規SKU抽出] 八鶴 純米吟醸無ろ過生 [純米吟醸酒] (米: 国産米, 精米: 非公開)
    ✨ [新規SKU抽出] 八鶴 華想い 純米大吟醸 [純米大吟醸酒] (米: 国産米, 精米: 非公開)
    ✨ [新規SKU抽出] 八鶴 純米酒 [純米酒] (米: 国産米, 精米: 非公開)
    ✨ [新規SKU抽出] 八鶴 超辛純米酒 剛酒 [純米酒] (米: 国産米, 精米: 非公開)
    ✨ [新規SKU抽出] 八鶴 本醸造 [本醸造酒] (米: 国産米, 精米: 非公開)
    ✨ [新規SKU抽出] 八鶴 ひやおろし 特別純米酒 [特別純米酒] (米: 国産米, 精米: 非公開)
    ✨ [新規SKU抽出] 三戸のどんべり 純米にごり酒 [純米酒] (米: 国産米, 精米: 非公開)
    ✨ [新規SKU抽出] 八鶴 あらばしり 特別純米生酒 [特別純米酒] (米: 国産米, 精米: 非公開)
    ✨ [新規SKU抽出] TSURUラベル純米吟醸 華吹雪 [純米吟醸酒] (米: 華吹雪, 精米: 非公開)
    ✨ [新規SKU抽出] TSURUラベル純米吟醸華想い [純米吟醸酒] (米: 国産米, 精米: 非公開)
    ✨ [新規SKU抽出] TSURUラベル純米吟醸 吟烏帽子 [純米吟醸酒] (米: 国産米, 精米: 非公開)
    ✨ [新規SKU抽出] TSURUラベル純米吟醸 雄町 [純米吟醸酒] (米: 雄町, 精米: 非公開)
    ✨ [新規SKU抽出] 八鶴 んめー梅酒 リキュール [リキュール] (米: 国産米, 精米: 非公開)
    ✨ [新規SKU抽出] 一酔百招福 華想い純米大吟醸 [純米大吟醸酒] (米: 国産米, 精米: 非公開)
    ✨ [新規SKU抽出] 一酔百招福 純米酒 [純米酒] (米: 国産米, 精米: 非公開)
  👉 八戸酒類株式会社八鶴工場: 20 件の新規SKUを追加登録

[179/461] 🏭 ID 3454: 白神酒造株式会社 (青森県) - https://www.sirakami-sake.co.jp/
[180/461] 🏭 ID 3798: 寒紅梅酒造株式会社 (三重県) - http://www.kankoubai.com
[181/461] 🏭 ID 3801: 細川酒造株式会社 (三重県) - http://www.ji-beer.co.jp/
[182/461] 🏭 ID 3802: 神楽酒造株式会社 (三重県) - https://kagura1858.com/
[183/461] 🏭 ID 3806: 合資会社早川酒造部 (三重県) - http://www.sam.hi-ho.ne.jp/hayakawakeisuke/
[184/461] 🏭 ID 3811: 清水清三郎商店株式会社 (三重県) - https://www.zaku.co.jp/
[185/461] 🏭 ID 3814: 河武醸造株式会社 (三重県) - http://www.hokosugi.com
[186/461] 🏭 ID 3815: 元坂酒造株式会社 (三重県) - https://www.gensaka.com/
[187/461] 🏭 ID 3817: 旭酒造株式会社 (三重県) - http://www.asahisyuzou.jp/
[188/461] 🏭 ID 4108: 小澤酒造株式会社 (東京都) - https://www.sawanoi-sake.com/
[189/461] 🏭 ID 4110: 田村酒造場 (東京都) - https://www.tamurashuzojo.com/
[190/461] 🏭 ID 4115: 合名会社野口酒造店 (東京都) - https://www.noguchi-brewery.co.jp/
[191/461] 🏭 ID 4117: 東京八王子酒造 (東京都) - https://www.tokyo-hachioji-shuzo.jp/
[192/461] 🏭 ID 4282: 流山キッコーマン株式会社 (千葉県) - https://www.kikkoman.com/jp/nkc/
[193/461] 🏭 ID 4283: ニッカウヰスキー株式会社 (千葉県) - https://www.nikka.com/
[194/461] 🏭 ID 4288: 森酒造店 (千葉県) - https://www7b.biglobe.ne.jp/~tobitsuru/
[195/461] 🏭 ID 4291: 和蔵酒造竹岡蔵 (千葉県) - https://wakura-sake.jp/
    ✨ [新規SKU抽出] 栗原酒販 [普通酒] (米: 国産米, 精米: 非公開)
    ✨ [新規SKU抽出] 鹿野山純米大吟醸古酒720ml [純米大吟醸酒] (米: 国産米, 精米: 非公開)
    ✨ [新規SKU抽出] 貞元蔵の中で二十年の時を経た純米大吟醸。低温熟成と常温熟成を併用した熟成古酒。 [純米大吟醸酒] (米: 国産米, 精米: 非公開)
    ✨ [新規SKU抽出] St.spring13純米吟醸原酒720ml [純米吟醸酒] (米: 国産米, 精米: 非公開)
    ✨ [新規SKU抽出] 聖泉純米無濾過生原酒 720ml [純米酒] (米: 国産米, 精米: 非公開)
    ✨ [新規SKU抽出] 酒蔵で搾ったばかりの純米酒を瓶に詰めました。 [純米酒] (米: 国産米, 精米: 非公開)
    ✨ [新規SKU抽出] 和蔵の「ゆず酒」720ml [リキュール] (米: 国産米, 精米: 非公開)
  👉 和蔵酒造竹岡蔵: 7 件の新規SKUを追加登録

[196/461] 🏭 ID 4295: 吉野酒造 (千葉県) - https://www.koshigoi.com/
    ✨ [新規SKU抽出] ・純米無濾過生原酒 [純米酒] (米: 国産米, 精米: 非公開)
    ✨ [新規SKU抽出] ・純米大吟醸仕込み梅酒 [純米大吟醸酒] (米: 国産米, 精米: 非公開)
    ✨ [新規SKU抽出] ・吟醸仕込み梅酒 [吟醸酒] (米: 国産米, 精米: 非公開)
    ✨ [新規SKU抽出] ・大吟醸 [大吟醸酒] (米: 国産米, 精米: 非公開)
    ✨ [新規SKU抽出] ・純米大吟醸 [純米大吟醸酒] (米: 国産米, 精米: 非公開)
    ✨ [新規SKU抽出] 春から夏を越えた新酒は秋を迎え旨味を伴いまろやかな風味となり『ひやおろし』が出来ました。 [普通酒] (米: 国産米, 精米: 非公開)
    ✨ [新規SKU抽出] 酒米の五百万石と食用米コシヒカリで醸した純米酒。 [純米酒] (米: 五百万石, 精米: 非公開)
    ✨ [新規SKU抽出] 新酒の大吟醸ができました [大吟醸酒] (米: 国産米, 精米: 非公開)
    ✨ [新規SKU抽出] 純米大吟醸 仕込梅酒 [純米大吟醸酒] (米: 国産米, 精米: 非公開)
    ✨ [新規SKU抽出] 濃厚で贅沢な大吟醸の梅酒。 [大吟醸酒] (米: 国産米, 精米: 非公開)
    ✨ [新規SKU抽出] 透明感とフルーティな吟醸香が [吟醸酒] (米: 国産米, 精米: 非公開)
    ✨ [新規SKU抽出] 軽快な飲み口の純米大吟醸。 [純米大吟醸酒] (米: 国産米, 精米: 非公開)
    ✨ [新規SKU抽出] 純米無濾過生原酒 [純米酒] (米: 国産米, 精米: 非公開)
    ✨ [新規SKU抽出] 口の中に広がる無濾過原酒の濃厚な旨み。 [普通酒] (米: 国産米, 精米: 非公開)
    ✨ [新規SKU抽出] 純米大吟醸無濾過生原酒 初しぼり [純米大吟醸酒] (米: 国産米, 精米: 非公開)
    ✨ [新規SKU抽出] 純米ひやおろし（生詰め） [純米酒] (米: 国産米, 精米: 非公開)
    ✨ [新規SKU抽出] 初春に出来上がった純米酒を [純米酒] (米: 国産米, 精米: 非公開)
    ✨ [新規SKU抽出] 純米大吟醸仕込梅酒 [純米大吟醸酒] (米: 国産米, 精米: 非公開)
    ✨ [新規SKU抽出] Sweet & Bitter な柑橘系リキュール。 [リキュール] (米: 国産米, 精米: 非公開)
    ✨ [新規SKU抽出] 吟醸仕込梅酒 [吟醸酒] (米: 国産米, 精米: 非公開)
    ✨ [新規SKU抽出] 吟醸辛口原酒と千葉県産の [吟醸酒] (米: 国産米, 精米: 非公開)
    ✨ [新規SKU抽出] 上質な梅の実で仕込んだ梅酒。 [リキュール] (米: 国産米, 精米: 非公開)
    ✨ [新規SKU抽出] まるでしぼりたてのような [普通酒] (米: 国産米, 精米: 非公開)
    ✨ [新規SKU抽出] 腰古井 大吟醸・純米大吟醸セット [純米大吟醸酒] (米: 国産米, 精米: 非公開)
    ✨ [新規SKU抽出] 腰古井 大吟醸・吟の舞セット [大吟醸酒] (米: 国産米, 精米: 非公開)
    ✨ [新規SKU抽出] 大吟醸を詰め合わせたセット。 [大吟醸酒] (米: 国産米, 精米: 非公開)
    ✨ [新規SKU抽出] 火入れ酒｜吟醸・純米吟醸 [純米吟醸酒] (米: 国産米, 精米: 非公開)
    ✨ [新規SKU抽出] 腰古井純米吟醸 こしひかり [純米吟醸酒] (米: 国産米, 精米: 非公開)
    ✨ [新規SKU抽出] くせがなくスムーズな喉越しにクオリティーを感じる純米吟醸酒。 [純米吟醸酒] (米: 国産米, 精米: 非公開)
    ✨ [新規SKU抽出] 純米吟醸こしひかり [純米吟醸酒] (米: 国産米, 精米: 非公開)
    ✨ [新規SKU抽出] 腰古井純米大吟醸 [純米大吟醸酒] (米: 国産米, 精米: 非公開)
    ✨ [新規SKU抽出] 山田錦を100％使用した純米の大吟醸。 [大吟醸酒] (米: 山田錦, 精米: 非公開)
    ✨ [新規SKU抽出] 原材料 夏みかん、吟醸酒、氷砂糖 [吟醸酒] (米: 国産米, 精米: 非公開)
    ✨ [新規SKU抽出] 純米大吟醸仕込み梅酒​ [純米大吟醸酒] (米: 国産米, 精米: 非公開)
    ✨ [新規SKU抽出] 純米大吟醸仕込み梅酒 [純米大吟醸酒] (米: 国産米, 精米: 非公開)
    ✨ [新規SKU抽出] 原材料 純米大吟醸、梅の実、氷砂糖 [純米大吟醸酒] (米: 国産米, 精米: 非公開)
    ✨ [新規SKU抽出] 火入れ酒｜本醸造 [本醸造酒] (米: 国産米, 精米: 非公開)
    ✨ [新規SKU抽出] 特別純米酒 ふさこがね [特別純米酒] (米: 国産米, 精米: 非公開)
    ✨ [新規SKU抽出] 贅沢な造りの吟醸仕込み。 [吟醸酒] (米: 国産米, 精米: 非公開)
    ✨ [新規SKU抽出] 純米酒吟醸ひとめぼれ [吟醸酒] (米: 国産米, 精米: 非公開)
    ✨ [新規SKU抽出] 火入れ酒｜純米・純米吟醸 [純米吟醸酒] (米: 国産米, 精米: 非公開)
    ✨ [新規SKU抽出] 原料米 純米大吟醸、梅の実、氷砂糖 [純米大吟醸酒] (米: 国産米, 精米: 非公開)
  👉 吉野酒造: 42 件の新規SKUを追加登録

[197/461] 🏭 ID 4297: 豊乃鶴酒造 (千葉県) - https://www.toyonotsuru.jp/
[198/461] 🏭 ID 4308: 東薫酒造 (千葉県) - https://www.tokun.co.jp/
    ✨ [新規SKU抽出] 大吟醸 叶 [大吟醸酒] (米: 国産米, 精米: 非公開)
    ✨ [新規SKU抽出] 大吟醸 夢とまぼろしの物語 [大吟醸酒] (米: 国産米, 精米: 非公開)
    ✨ [新規SKU抽出] 若い方々、そして女性が飲みやすいワインタイプのすっきりとした吟醸酒。 [吟醸酒] (米: 国産米, 精米: 非公開)
  👉 東薫酒造: 3 件の新規SKUを追加登録

[199/461] 🏭 ID 4695: 仙台伊澤家 勝山酒造 (宮城県) - https://www.katsu-yama.com/
[200/461] 🏭 ID 4699: 佐浦 (宮城県) - https://www.uragasumi.com/
[201/461] 🏭 ID 4700: 阿部勘酒造 (宮城県) - https://www.abekan.com:443/
[202/461] 🏭 ID 4705: 山和酒造店 (宮城県) - https://www.yamawa-syuzouten.co.jp/
[203/461] 🏭 ID 4714: 男山本店 (宮城県) - https://www.kesennuma.co.jp/
[204/461] 🏭 ID 4715: 平孝酒造 (宮城県) - https://www.hirakoushuzou.jp/
[205/461] 🏭 ID 4718: 蔵王酒造 (宮城県) - https://www.zao-sake.com/
[206/461] 🏭 ID 5246: 黒龍酒造株式会社 (福井県) - https://www.kokuryu.co.jp/ja
[207/461] 🏭 ID 5247: 田辺酒造有限会社 (福井県) - https://echizenmisaki.com/
[208/461] 🏭 ID 5251: 力泉酒造有限会社 (福井県) - https://rikisen.com/
[209/461] 🏭 ID 5253: 久保田酒造合資会社 (福井県) - https://www.fukukoma.co.jp/
    ✨ [新規SKU抽出] ​リキュール [リキュール] (米: 国産米, 精米: 非公開)
    ✨ [新規SKU抽出] 造ったリキュールはデザートのように甘く、 [リキュール] (米: 国産米, 精米: 非公開)
  👉 久保田酒造合資会社: 2 件の新規SKUを追加登録

[210/461] 🏭 ID 5255: 真名鶴酒造合資会社 (福井県) - http://www.manaturu.com/
[211/461] 🏭 ID 5258: 源平酒造株式会社 (福井県) - https://www.genpeishuzo.com/
[212/461] 🏭 ID 5260: 片山酒造株式会社 (福井県) - https://sake-kansai.com/
[213/461] 🏭 ID 5263: 合資会社加藤吉平商店 (福井県) - https://www.born.jp/
[214/461] 🏭 ID 5264: 豊酒造株式会社 (福井県) - https://www.yutaka-shuzou.com/
[215/461] 🏭 ID 5507: 萩原酒造株式会社 (茨城県) - http://www.tokumasamune.com/hp_kuramotosyoukai.htm
[216/461] 🏭 ID 5510: 野村醸造株式会社 (茨城県) - http://www.tsumugibijin.co.jp
[217/461] 🏭 ID 5516: 廣瀬酒造株式会社 (茨城県) - http://www.shiragiku-shuzou.co.jp
[218/461] 🏭 ID 5523: 吉久保酒造株式会社 (茨城県) - http://www.ippin.co.jp/
[219/461] 🏭 ID 5528: 株式会社剛烈酒造 (茨城県) - https://www.gouretsu.jp/
    ✨ [新規SKU抽出] 純米吟醸 剛烈 [純米吟醸酒] (米: 国産米, 精米: 非公開)
    ✨ [新規SKU抽出] 本醸造 原酒 [本醸造酒] (米: 国産米, 精米: 非公開)
    ✨ [新規SKU抽出] ／白麹仕込み本醸造（25%） [本醸造酒] (米: 国産米, 精米: 25%)
    ✨ [新規SKU抽出] 純米酒スパークリング 泡ほのか [純米酒] (米: 国産米, 精米: 非公開)
    ✨ [新規SKU抽出] 純米吟醸ピュア茨城（生） [純米吟醸酒] (米: 国産米, 精米: 非公開)
  👉 株式会社剛烈酒造: 5 件の新規SKUを追加登録

[220/461] 🏭 ID 5529: 檜山酒造株式会社 (茨城県) - http://www.hiyama.co.jp
[221/461] 🏭 ID 5530: 株式会社家久長本店 (茨城県) - https://www.kakuchoh.co.jp/
    ✨ [新規SKU抽出] 奥久慈清流セット（純米&本醸造） [本醸造酒] (米: 国産米, 精米: 非公開)
    ✨ [新規SKU抽出] 【大吟醸】 [大吟醸酒] (米: 国産米, 精米: 非公開)
    ✨ [新規SKU抽出] 【本醸造】 [本醸造酒] (米: 国産米, 精米: 非公開)
    ✨ [新規SKU抽出] 家久長（原酒）720ml [普通酒] (米: 国産米, 精米: 非公開)
  👉 株式会社家久長本店: 4 件の新規SKUを追加登録

[222/461] 🏭 ID 5535: 菊乃香酒造株式会社 (茨城県) - http://www.kshuzo.com/
[223/461] 🏭 ID 5570: 赤武酒造株式会社 (岩手県) - https://www.akabu1.com/
[224/461] 🏭 ID 5571: 菊の司酒造株式会社 (岩手県) - http://kikunotsukasa.jp/
[225/461] 🏭 ID 5573: 有限会社月の輪酒造店 (岩手県) - https://www.tsukinowa-iwate.com/
[226/461] 🏭 ID 5574: 株式会社紫波酒造店 (岩手県) - http://hiroki.xm.shopserve.jp/
[227/461] 🏭 ID 5577: 喜久盛酒造株式会社 (岩手県) - http://kikuzakari.jp/
[228/461] 🏭 ID 5578: 合資会社川村酒造店 (岩手県) - https://www.meimonshu.jp/modules/sakemap3/index.php?page=detail&lid=2050
[229/461] 🏭 ID 5581: 磐乃井酒造株式会社 (岩手県) - https://www.iwanoi.co.jp/
    ✨ [新規SKU抽出] 田むらの梅酒2024 [リキュール] (米: 国産米, 精米: 非公開)
    ✨ [新規SKU抽出] 田むらの梅酒2023 [リキュール] (米: 国産米, 精米: 非公開)
    ✨ [新規SKU抽出] 田むらの梅酒2022 [リキュール] (米: 国産米, 精米: 非公開)
    ✨ [新規SKU抽出] 純米大吟醸 真心 紫ラベル [純米大吟醸酒] (米: 国産米, 精米: 非公開)
    ✨ [新規SKU抽出] 純米大吟醸磐乃井 [純米大吟醸酒] (米: 国産米, 精米: 非公開)
    ✨ [新規SKU抽出] 純米大吟醸 真心 紺ラベル [純米大吟醸酒] (米: 国産米, 精米: 非公開)
    ✨ [新規SKU抽出] 純米大吟醸 アチャラパ天国 [純米大吟醸酒] (米: 国産米, 精米: 非公開)
    ✨ [新規SKU抽出] 純米吟醸 真心 緑ラベル [純米吟醸酒] (米: 国産米, 精米: 非公開)
    ✨ [新規SKU抽出] 純米吟醸 IWANOI [純米吟醸酒] (米: 国産米, 精米: 非公開)
    ✨ [新規SKU抽出] 特別純米酒 カルイワノイ [特別純米酒] (米: 国産米, 精米: 非公開)
    ✨ [新規SKU抽出] 辛口 純米酒 磐乃井 [純米酒] (米: 国産米, 精米: 非公開)
    ✨ [新規SKU抽出] 磐乃井 純米酒 そば湯ラベル [純米酒] (米: 国産米, 精米: 非公開)
    ✨ [新規SKU抽出] 磐乃井 本醸造 流郷 花泉 [本醸造酒] (米: 国産米, 精米: 非公開)
    ✨ [新規SKU抽出] 磐乃井 本醸造 雅の舞 金箔入り [本醸造酒] (米: 国産米, 精米: 非公開)
    ✨ [新規SKU抽出] 磐乃井 純米生酒 しぼりたて [純米酒] (米: 国産米, 精米: 非公開)
    ✨ [新規SKU抽出] 純米酒（普通・特別・吟醸） [吟醸酒] (米: 国産米, 精米: 非公開)
    ✨ [新規SKU抽出] 磐乃井 純米大吟醸 真心 紺ラベル [純米大吟醸酒] (米: 国産米, 精米: 非公開)
    ✨ [新規SKU抽出] 磐乃井 純米酒 真心 白ラベル [純米酒] (米: 国産米, 精米: 非公開)
    ✨ [新規SKU抽出] 磐乃井 純米大吟醸 真心 紫ラベル [純米大吟醸酒] (米: 国産米, 精米: 非公開)
    ✨ [新規SKU抽出] 磐乃井 純米吟醸 真心 緑ラベル [純米吟醸酒] (米: 国産米, 精米: 非公開)
    ✨ [新規SKU抽出] [アルコール度] 13度(原酒) [普通酒] (米: 国産米, 精米: 非公開)
    ✨ [新規SKU抽出] いわのいの本醸造 [本醸造酒] (米: 国産米, 精米: 非公開)
    ✨ [新規SKU抽出] 磐乃井 本醸造 雅の舞（みやびのまい） [本醸造酒] (米: 国産米, 精米: 非公開)
    ✨ [新規SKU抽出] 磐乃井 しぼりたて [普通酒] (米: 国産米, 精米: 非公開)
    ✨ [新規SKU抽出] セット商品_純米生貯蔵酒、本醸造生貯蔵酒.jpg [本醸造酒] (米: 国産米, 精米: 非公開)
    ✨ [新規SKU抽出] 純米大吟醸真心紫ラベル＆純米大吟醸真心紺ラベルセット（各720ml） [純米大吟醸酒] (米: 国産米, 精米: 非公開)
    ✨ [新規SKU抽出] 純米大吟醸真心紺ラベル×純米酒真心白ラベルセット（各720ml） [純米大吟醸酒] (米: 国産米, 精米: 非公開)
    ✨ [新規SKU抽出] 純米酒真心白ラベル×本醸造流郷花泉セット（各720ml） [本醸造酒] (米: 国産米, 精米: 非公開)
    ✨ [新規SKU抽出] 「吟醸酒」「純米酒」「本醸造」は、それぞれどこが違うの？ [吟醸酒] (米: 国産米, 精米: 非公開)
    ✨ [新規SKU抽出] ​吟醸酒 [吟醸酒] (米: 国産米, 精米: 非公開)
    ✨ [新規SKU抽出] ​本醸造 [本醸造酒] (米: 国産米, 精米: 非公開)
  👉 磐乃井酒造株式会社: 31 件の新規SKUを追加登録

[230/461] 🏭 ID 5582: 酔仙酒造株式会社 (岩手県) - https://suisenshuzo.jp/
[231/461] 🏭 ID 5587: 株式会社福来 (岩手県) - http://www.maroon.dti.ne.jp/fukurai/
[232/461] 🏭 ID 5589: 小豆島酒造株式会社 (香川県) - https://www.morikuni.jp/
[233/461] 🏭 ID 5788: 河合酒造 株式会社 (奈良県) - https://www.facebook.com/syusseotoko/
[234/461] 🏭 ID 5792: 長龍酒造 株式会社 (奈良県) - http://www.choryo.jp
    ✨ [新規SKU抽出] 特別純米酒シリーズ [特別純米酒] (米: 国産米, 精米: 非公開)
  👉 長龍酒造 株式会社: 1 件の新規SKUを追加登録

[235/461] 🏭 ID 5793: 油長酒造 株式会社 (奈良県) - http://www.yucho-sake.jp
[236/461] 🏭 ID 5795: 千代酒造 株式会社 (奈良県) - https://chiyoshuzo.co.jp
    ✨ [新規SKU抽出] 松原酒店 [普通酒] (米: 国産米, 精米: 非公開)
  👉 千代酒造 株式会社: 1 件の新規SKUを追加登録

[237/461] 🏭 ID 5796: 株式会社 山本本家 (奈良県) - https://matsunotomo.com
[238/461] 🏭 ID 5798: 今西酒造 株式会社 (奈良県) - https://mimizuku.co.jp/
[239/461] 🏭 ID 5800: 芳村酒造 株式会社 (奈良県) - https://www.begin.or.jp/~inadoya/
[240/461] 🏭 ID 5802: 北村酒造 株式会社 (奈良県) - https://www.kitamurasyuzou.co.jp
    ✨ [新規SKU抽出] 純米大吟醸(5) [純米大吟醸酒] (米: 国産米, 精米: 非公開)
    ✨ [新規SKU抽出] 大吟醸(1) [大吟醸酒] (米: 国産米, 精米: 非公開)
    ✨ [新規SKU抽出] 純米吟醸(5) [純米吟醸酒] (米: 国産米, 精米: 非公開)
    ✨ [新規SKU抽出] ●大吟醸 [大吟醸酒] (米: 国産米, 精米: 非公開)
    ✨ [新規SKU抽出] 五年古酒 純米大吟醸 宗四郎 [純米大吟醸酒] (米: 国産米, 精米: 非公開)
    ✨ [新規SKU抽出] ●純米大吟醸 [純米大吟醸酒] (米: 国産米, 精米: 非公開)
    ✨ [新規SKU抽出] 純米大吟醸 猩々 [純米大吟醸酒] (米: 国産米, 精米: 非公開)
    ✨ [新規SKU抽出] 純米大吟醸 無濾過生原酒 小角（をづぬ） [純米大吟醸酒] (米: 国産米, 精米: 非公開)
    ✨ [新規SKU抽出] ●純米大吟醸 生原酒 [純米大吟醸酒] (米: 国産米, 精米: 非公開)
    ✨ [新規SKU抽出] 純米大吟醸 無濾過生原酒 前鬼（ぜんき） [純米大吟醸酒] (米: 国産米, 精米: 非公開)
    ✨ [新規SKU抽出] 純米大吟醸 無濾過生原酒 後鬼（ごき） [純米大吟醸酒] (米: 国産米, 精米: 非公開)
    ✨ [新規SKU抽出] 純米吟醸 生酒 澄酒 [純米吟醸酒] (米: 国産米, 精米: 非公開)
    ✨ [新規SKU抽出] ●純米吟醸 生酒 [純米吟醸酒] (米: 国産米, 精米: 非公開)
    ✨ [新規SKU抽出] 純米吟醸 原酒 吟のさと [純米吟醸酒] (米: 国産米, 精米: 非公開)
    ✨ [新規SKU抽出] ●純米吟醸 [純米吟醸酒] (米: 国産米, 精米: 非公開)
    ✨ [新規SKU抽出] 純米吟醸 猩々 [純米吟醸酒] (米: 国産米, 精米: 非公開)
    ✨ [新規SKU抽出] 純米吟醸 ちくよう（竹葉） [純米吟醸酒] (米: 国産米, 精米: 非公開)
    ✨ [新規SKU抽出] 純米吟醸 猩々 露涼し [純米吟醸酒] (米: 国産米, 精米: 非公開)
    ✨ [新規SKU抽出] 特別純米酒 猩々 [特別純米酒] (米: 国産米, 精米: 非公開)
    ✨ [新規SKU抽出] ●特別純米 [特別純米酒] (米: 国産米, 精米: 非公開)
    ✨ [新規SKU抽出] 生もと 特別純米 山田錦 [特別純米酒] (米: 山田錦, 精米: 非公開)
    ✨ [新規SKU抽出] ふくよかな香りが滑らかに喉を潤す純米酒 。 [純米酒] (米: 国産米, 精米: 非公開)
    ✨ [新規SKU抽出] 特別本醸造 猩々 [特別本醸造酒] (米: 国産米, 精米: 非公開)
    ✨ [新規SKU抽出] ●特別本醸造 [特別本醸造酒] (米: 国産米, 精米: 非公開)
    ✨ [新規SKU抽出] ●普通酒 原酒 [普通酒] (米: 国産米, 精米: 非公開)
    ✨ [新規SKU抽出] しぼりたて 生原酒 [冬限定] [普通酒] (米: 国産米, 精米: 非公開)
    ✨ [新規SKU抽出] 純米吟醸 ひやおろし [秋限定] [純米吟醸酒] (米: 国産米, 精米: 非公開)
  👉 北村酒造 株式会社: 27 件の新規SKUを追加登録

[241/461] 🏭 ID 5999: 増本藤兵衛酒造場 (滋賀県) - http://ususakura.jp/
[242/461] 🏭 ID 6005: 冨田酒造有限会社 (滋賀県) - https://7yari.co.jp/
[243/461] 🏭 ID 6006: 山路酒造有限会社 (滋賀県) - https://www.hokkokukaidou.com
    ✨ [新規SKU抽出] 2023.02.17 91本限定 純米大吟醸 中取り雫酒ができました [純米大吟醸酒] (米: 国産米, 精米: 非公開)
    ✨ [新規SKU抽出] 定番商品の「北国街道純米酒」「北国街道大吟醸」 [大吟醸酒] (米: 国産米, 精米: 非公開)
    ✨ [新規SKU抽出] 近江米山田錦で仕込んだ「純米吟醸」「純米大吟醸 翔」 [純米大吟醸酒] (米: 山田錦, 精米: 非公開)
    ✨ [新規SKU抽出] 新商品の純米吟醸 [純米吟醸酒] (米: 国産米, 精米: 非公開)
    ✨ [新規SKU抽出] ■純米吟醸 無濾過しぼりたて生酒 [純米吟醸酒] (米: 国産米, 精米: 非公開)
    ✨ [新規SKU抽出] 純米吟醸の生酒 [純米吟醸酒] (米: 国産米, 精米: 非公開)
    ✨ [新規SKU抽出] ■純米 活性にごり酒 [純米酒] (米: 国産米, 精米: 非公開)
    ✨ [新規SKU抽出] 甘ったるくない微発泡の純米にごり酒です [純米酒] (米: 国産米, 精米: 非公開)
    ✨ [新規SKU抽出] ■純米 無濾過しぼりたて生酒 [純米酒] (米: 国産米, 精米: 非公開)
    ✨ [新規SKU抽出] 夏の間 蔵で熟成した「純米吟醸ひやおろし」をはじめ [純米吟醸酒] (米: 国産米, 精米: 非公開)
    ✨ [新規SKU抽出] 北国街道 純米大吟醸 中取り雫酒 (91本限定) [純米大吟醸酒] (米: 国産米, 精米: 非公開)
    ✨ [新規SKU抽出] 北国街道 純米大吟醸「 [純米大吟醸酒] (米: 国産米, 精米: 非公開)
    ✨ [新規SKU抽出] 国街道 純米大吟醸「雫取り [純米大吟醸酒] (米: 国産米, 精米: 非公開)
    ✨ [新規SKU抽出] 第2弾 北国街道 純米大吟醸 2種を発売した記事が [純米大吟醸酒] (米: 国産米, 精米: 非公開)
    ✨ [新規SKU抽出] 北国街道 純米大吟醸 が2種類できました [純米大吟醸酒] (米: 国産米, 精米: 非公開)
    ✨ [新規SKU抽出] 2種類の 北国街道 純米大吟醸 をご用意しました [純米大吟醸酒] (米: 国産米, 精米: 非公開)
    ✨ [新規SKU抽出] ■北国街道 純米大吟醸「 [純米大吟醸酒] (米: 国産米, 精米: 非公開)
    ✨ [新規SKU抽出] ■北国街道 純米大吟醸「雫取 [純米大吟醸酒] (米: 国産米, 精米: 非公開)
    ✨ [新規SKU抽出] 北国街道 純米大吟醸 槽搾り(ふねしぼり） [純米大吟醸酒] (米: 国産米, 精米: 非公開)
    ✨ [新規SKU抽出] 北国街道 純米大吟醸 雫取り（しずくどり） [純米大吟醸酒] (米: 国産米, 精米: 非公開)
    ✨ [新規SKU抽出] 91本限定 北国街道 純米大吟醸 中取り雫酒ができました [純米大吟醸酒] (米: 国産米, 精米: 非公開)
    ✨ [新規SKU抽出] 花酵母で仕込んだ純米大吟醸 [純米大吟醸酒] (米: 国産米, 精米: 非公開)
    ✨ [新規SKU抽出] 北国街道 純米大吟醸 中取り雫酒 [純米大吟醸酒] (米: 国産米, 精米: 非公開)
    ✨ [新規SKU抽出] 「数量限定 北国街道 純米吟醸」を [純米吟醸酒] (米: 国産米, 精米: 非公開)
    ✨ [新規SKU抽出] 滋賀県産の山田錦60%精米で仕込んだ純米吟醸を [純米吟醸酒] (米: 山田錦, 精米: 60%)
    ✨ [新規SKU抽出] いつもと一味違う限定 純米吟醸 [純米吟醸酒] (米: 国産米, 精米: 非公開)
    ✨ [新規SKU抽出] 創業490年 特別コラボ酒 -純米吟醸- [純米吟醸酒] (米: 国産米, 精米: 非公開)
  👉 山路酒造有限会社: 27 件の新規SKUを追加登録

[244/461] 🏭 ID 6007: 吉田酒造株式会社 (滋賀県) - https://chikubu-sakura.com
[245/461] 🏭 ID 6008: 池本酒造有限会社 (滋賀県) - https://biwa-cho.com/
[246/461] 🏭 ID 6039: ㈱勢玉 (徳島県) - http://seigyokushuzo-sakagura.co.jp/
[247/461] 🏭 ID 6043: ㈲齋藤酒造場 (徳島県) - https://www.gotensakura.com/
    ✨ [新規SKU抽出] 純米大吟醸酒（原酒） [純米大吟醸酒] (米: 国産米, 精米: 非公開)
    ✨ [新規SKU抽出] 純米吟醸酒（原酒） [純米吟醸酒] (米: 国産米, 精米: 非公開)
    ✨ [新規SKU抽出] 阿波黒蜜梅酒 [リキュール] (米: 国産米, 精米: 非公開)
  👉 ㈲齋藤酒造場: 3 件の新規SKUを追加登録

[248/461] 🏭 ID 6052: ㈴中和商店 (徳島県) - http://www.niji.or.jp/komachi/
[249/461] 🏭 ID 6056: 天真㈱ (徳島県) - http://www.tenshin.co.jp/
[250/461] 🏭 ID 6073: 株式会社魚津酒造 (富山県) - https://uozushuzo.co.jp/
[251/461] 🏭 ID 6079: 福鶴酒造株式会社 (富山県) - https://www.kazenobon.co.jp/
[252/461] 🏭 ID 6086: 黒田酒造株式会社 (富山県) - http://www.hokuichi.com/
[253/461] 🏭 ID 6088: 成政酒造株式会社 (富山県) - https://www.narimasa.co.jp/
    ✨ [新規SKU抽出] 山田錦 純米大吟醸酒 [純米大吟醸酒] (米: 山田錦, 精米: 非公開)
    ✨ [新規SKU抽出] 斗瓶どり 大吟醸酒 [大吟醸酒] (米: 国産米, 精米: 非公開)
    ✨ [新規SKU抽出] 雄山錦 純米大吟醸酒 [純米大吟醸酒] (米: 国産米, 精米: 非公開)
    ✨ [新規SKU抽出] 大吟醸 なりまさ [大吟醸酒] (米: 国産米, 精米: 非公開)
    ✨ [新規SKU抽出] 大吟醸 医王山 [大吟醸酒] (米: 国産米, 精米: 非公開)
    ✨ [新規SKU抽出] 佐々成政「赤」純米吟醸酒 [純米吟醸酒] (米: 国産米, 精米: 非公開)
    ✨ [新規SKU抽出] 佐々成政「青」純米原酒 [純米酒] (米: 国産米, 精米: 非公開)
    ✨ [新規SKU抽出] 成政 佐々成政 特別純米酒 [特別純米酒] (米: 国産米, 精米: 非公開)
    ✨ [新規SKU抽出] 佐々成政「黒」純米酒 [純米酒] (米: 国産米, 精米: 非公開)
    ✨ [新規SKU抽出] 純米 しぼりたて 生酒 [純米酒] (米: 国産米, 精米: 非公開)
    ✨ [新規SKU抽出] 純米 無濾過 生原酒 [純米酒] (米: 国産米, 精米: 非公開)
    ✨ [新規SKU抽出] 純米吟醸しぼりたて生「Premium」 [純米吟醸酒] (米: 国産米, 精米: 非公開)
    ✨ [新規SKU抽出] 純米吟醸 無濾過 生原酒 [純米吟醸酒] (米: 国産米, 精米: 非公開)
    ✨ [新規SKU抽出] 純米 ひやおろし [純米酒] (米: 国産米, 精米: 非公開)
  👉 成政酒造株式会社: 14 件の新規SKUを追加登録

[254/461] 🏭 ID 6164: 山梨銘醸株式会社 (山梨県) - https://www.tokyo-ac.jp/shichiken/
[255/461] 🏭 ID 6170: 笹一酒造株式会社 (山梨県) - https://www.sasaichi.co.jp/
[256/461] 🏭 ID 6173: 泰石酒造株式会社 (沖縄県) - https://www.restaurant-lintemporel.fr/
[257/461] 🏭 ID 6527: 株式会社町田酒造店 (群馬県) - https://www.seiryo-sake.co.jp/
[258/461] 🏭 ID 6534: 美峰酒類株式会社 (群馬県) - https://www.mihoshurui.co.jp/
    ✨ [新規SKU抽出] スピリッツ・リキュール・ウイスキー [リキュール] (米: 国産米, 精米: 非公開)
  👉 美峰酒類株式会社: 1 件の新規SKUを追加登録

[259/461] 🏭 ID 6547: 清水屋酒造有限会社 (群馬県) - https://www.shimizuyasyuzo.co.jp/
    ✨ [新規SKU抽出] 無濾過原酒が生み出すヴィンテージ [普通酒] (米: 国産米, 精米: 非公開)
    ✨ [新規SKU抽出] 長期低温発酵により造られた 無濾過原酒。 [普通酒] (米: 国産米, 精米: 非公開)
    ✨ [新規SKU抽出] ◇ 無濾過原酒 [普通酒] (米: 国産米, 精米: 非公開)
  👉 清水屋酒造有限会社: 3 件の新規SKUを追加登録

[260/461] 🏭 ID 6551: 株式会社 森ノ醸造所 (北海道) - https://morino-brewery.jp/
[261/461] 🏭 ID 6554: 有限会社 二世古酒造 (北海道) - http://nisekoshuzo.com/
[262/461] 🏭 ID 6556: 日本清酒株式会社 (北海道) - https://nipponseishu.co.jp/
    ✨ [新規SKU抽出] 千歳鶴 梅酒 UMESAKE 500mlの写真 [リキュール] (米: 国産米, 精米: 非公開)
    ✨ [新規SKU抽出] 千歳鶴 梅酒 UMESAKE 500ml [リキュール] (米: 国産米, 精米: 非公開)
    ✨ [新規SKU抽出] 千歳鶴 純米大吟醸 吉翔 1800ml/720mlの写真 [純米大吟醸酒] (米: 国産米, 精米: 非公開)
    ✨ [新規SKU抽出] 千歳鶴 純米大吟醸 吉翔 1800ml/720ml [純米大吟醸酒] (米: 国産米, 精米: 非公開)
    ✨ [新規SKU抽出] 千歳鶴 純米大吟醸 1800ml/720mlの写真 [純米大吟醸酒] (米: 国産米, 精米: 非公開)
    ✨ [新規SKU抽出] 千歳鶴 純米大吟醸 1800ml/720ml [純米大吟醸酒] (米: 国産米, 精米: 非公開)
    ✨ [新規SKU抽出] 千歳鶴 純米吟醸 きたしずく 1800ml/720mlの写真 [純米吟醸酒] (米: きたしずく, 精米: 非公開)
    ✨ [新規SKU抽出] 千歳鶴 純米吟醸 きたしずく 1800ml/720ml [純米吟醸酒] (米: きたしずく, 精米: 非公開)
    ✨ [新規SKU抽出] 千歳鶴 北海道限定 純米吟醸の写真 [純米吟醸酒] (米: 国産米, 精米: 非公開)
    ✨ [新規SKU抽出] 千歳鶴 北海道限定 純米吟醸 [純米吟醸酒] (米: 国産米, 精米: 非公開)
    ✨ [新規SKU抽出] 千歳鶴 北海道限定 純米酒の写真 [純米酒] (米: 国産米, 精米: 非公開)
    ✨ [新規SKU抽出] 千歳鶴 北海道限定 純米酒 [純米酒] (米: 国産米, 精米: 非公開)
    ✨ [新規SKU抽出] 千歳鶴 にごり酒 百宝の写真 [普通酒] (米: 国産米, 精米: 非公開)
    ✨ [新規SKU抽出] 千歳鶴 にごり酒 百宝 [普通酒] (米: 国産米, 精米: 非公開)
    ✨ [新規SKU抽出] 酒ミュージアム限定 千歳鶴 蔵元限定 純米大吟醸 720mlの写真 [純米大吟醸酒] (米: 国産米, 精米: 非公開)
    ✨ [新規SKU抽出] 酒ミュージアム限定 千歳鶴 蔵元限定 純米大吟醸 720ml [純米大吟醸酒] (米: 国産米, 精米: 非公開)
    ✨ [新規SKU抽出] 酒ミュージアム限定 千歳鶴 蔵元限定 純米吟醸 720mlの写真 [純米吟醸酒] (米: 国産米, 精米: 非公開)
    ✨ [新規SKU抽出] 酒ミュージアム限定 千歳鶴 蔵元限定 純米吟醸 720ml [純米吟醸酒] (米: 国産米, 精米: 非公開)
    ✨ [新規SKU抽出] 十一州 純米大吟醸・純米吟醸・純米 1800ml/720mlの写真 [純米大吟醸酒] (米: 国産米, 精米: 非公開)
    ✨ [新規SKU抽出] 十一州 純米大吟醸・純米吟醸・純米 1800ml/720ml [純米大吟醸酒] (米: 国産米, 精米: 非公開)
    ✨ [新規SKU抽出] 千歳鶴 北海道限定 純米大吟醸 三十五 壱 720mlの写真 [純米大吟醸酒] (米: 国産米, 精米: 非公開)
    ✨ [新規SKU抽出] 千歳鶴 北海道限定 純米大吟醸 三十五 壱 720ml [純米大吟醸酒] (米: 国産米, 精米: 非公開)
    ✨ [新規SKU抽出] 酒ミュージアム限定 千歳鶴 純米大吟醸原酒 千乃匠 720mlの写真 [純米大吟醸酒] (米: 国産米, 精米: 非公開)
    ✨ [新規SKU抽出] 酒ミュージアム限定 千歳鶴 純米大吟醸原酒 千乃匠 720ml [純米大吟醸酒] (米: 国産米, 精米: 非公開)
    ✨ [新規SKU抽出] アズールレーン×千歳鶴 純米吟醸 720mlの写真 [純米吟醸酒] (米: 国産米, 精米: 非公開)
    ✨ [新規SKU抽出] アズールレーン×千歳鶴 純米吟醸 720ml [純米吟醸酒] (米: 国産米, 精米: 非公開)
  👉 日本清酒株式会社: 26 件の新規SKUを追加登録

[263/461] 🏭 ID 6558: 小林酒造株式会社 (北海道) - http://www.kitanonishiki.com/
[264/461] 🏭 ID 6564: 上川大雪酒造株式会社 (北海道) - https://kamikawa-taisetsu.co.jp/
[265/461] 🏭 ID 6566: 株式会社 碓氷勝三郎商店 (北海道) - http://www.marimo.or.jp/~honda/cybermkt/mall/usui/
[266/461] 🏭 ID 6741: 南酒造場 (高知県) - https://www.minamishuzoujo.com/
[267/461] 🏭 ID 6760: 瑞鷹株式会社 (熊本県) - https://www.zuiyo.co.jp/
    ✨ [新規SKU抽出] 酒道知新 墨守 純米大吟醸 無濾過生原酒 [純米大吟醸酒] (米: 国産米, 精米: 非公開)
    ✨ [新規SKU抽出] 芳醇な味わいの梅酒「瑞鷹 梅酒」 [リキュール] (米: 国産米, 精米: 非公開)
    ✨ [新規SKU抽出] 夏吟醸 夏酒 [吟醸酒] (米: 国産米, 精米: 非公開)
    ✨ [新規SKU抽出] 菜々⽣ NANANAMA（菜々爽酸⽢⼝ ⽣原酒） [普通酒] (米: 国産米, 精米: 非公開)
  👉 瑞鷹株式会社: 4 件の新規SKUを追加登録

[268/461] 🏭 ID 6761: 通潤酒造株式会社 (熊本県) - https://tuzyun.com/
    ✨ [新規SKU抽出] それからゆっくり、酒蔵でつくつく法師を子守歌に豊かな味わいの純米吟醸酒に成長しました。 [純米吟醸酒] (米: 国産米, 精米: 非公開)
    ✨ [新規SKU抽出] オーガニック純米酒 [純米酒] (米: 国産米, 精米: 非公開)
    ✨ [新規SKU抽出] 今年も華やかに咲きました。オーガニック純米酒「さくや」は [純米酒] (米: 国産米, 精米: 非公開)
    ✨ [新規SKU抽出] 純米大吟醸酒 通潤 [純米大吟醸酒] (米: 国産米, 精米: 非公開)
    ✨ [新規SKU抽出] 純米吟醸酒 day time 720ml [純米吟醸酒] (米: 国産米, 精米: 非公開)
    ✨ [新規SKU抽出] 純米吟醸酒 ソワニエ [純米吟醸酒] (米: 国産米, 精米: 非公開)
    ✨ [新規SKU抽出] 純米吟醸酒 濟々黌2本セット [純米吟醸酒] (米: 国産米, 精米: 非公開)
    ✨ [新規SKU抽出] 純米吟醸酒 蛍丸 [純米吟醸酒] (米: 国産米, 精米: 非公開)
    ✨ [新規SKU抽出] 純米吟醸酒 蝉 [純米吟醸酒] (米: 国産米, 精米: 非公開)
    ✨ [新規SKU抽出] 純米酒雲雀 無濾過生原酒 [純米酒] (米: 国産米, 精米: 非公開)
    ✨ [新規SKU抽出] 純米大吟醸酒無濾過原酒 新酒 [純米大吟醸酒] (米: 国産米, 精米: 非公開)
    ✨ [新規SKU抽出] みさえラベルの梅酒 （山の都に咲く梅酒） [リキュール] (米: 国産米, 精米: 非公開)
  👉 通潤酒造株式会社: 12 件の新規SKUを追加登録

[269/461] 🏭 ID 6762: 花の香酒造株式会社 (熊本県) - https://www.hananoka.co.jp/
    ✨ [新規SKU抽出] 熊本酵母による軽快な旨味と酸味。 食との相性のある純米吟醸酒。 [純米吟醸酒] (米: 国産米, 精米: 非公開)
    ✨ [新規SKU抽出] 香りを最大限まで引き出し華やかであり優しく透明感とキレのある花の香の最高峰の純米大吟醸。 [純米大吟醸酒] (米: 国産米, 精米: 非公開)
  👉 花の香酒造株式会社: 2 件の新規SKUを追加登録

[270/461] 🏭 ID 6763: 千代の園酒造株式会社 (熊本県) - https://www.chiyonosono.co.jp/
[271/461] 🏭 ID 6764: 株式会社美少年 (熊本県) - http://bishonen.jp/
[272/461] 🏭 ID 6765: 山村酒造合名会社 (熊本県) - https://shop.reizan.com/
[273/461] 🏭 ID 6766: 河津酒造株式会社 (熊本県) - https://kawazu-syuzou.com/
[274/461] 🏭 ID 6768: 亀萬酒造合資会社 (熊本県) - https://www.kameman.co.jp/
    ✨ [新規SKU抽出] 辛口純米酒PLUS9 [純米酒] (米: 国産米, 精米: 非公開)
    ✨ [新規SKU抽出] にごり原酒 [普通酒] (米: 国産米, 精米: 非公開)
    ✨ [新規SKU抽出] 大吟醸 珍珠 [大吟醸酒] (米: 国産米, 精米: 非公開)
    ✨ [新規SKU抽出] 大吟醸 珍珠（1,800ml） [大吟醸酒] (米: 国産米, 精米: 非公開)
    ✨ [新規SKU抽出] にごり原酒（1,800ml） [普通酒] (米: 国産米, 精米: 非公開)
    ✨ [新規SKU抽出] 亀萬酒造【日本最南端自然蔵の日本酒製造元】 / にごり原酒 [普通酒] (米: 国産米, 精米: 非公開)
    ✨ [新規SKU抽出] にごり原酒（720 ml） [普通酒] (米: 国産米, 精米: 非公開)
    ✨ [新規SKU抽出] 酒蔵の手造り梅酒 [リキュール] (米: 国産米, 精米: 非公開)
    ✨ [新規SKU抽出] 酒蔵の手造り梅酒（500 ml） [リキュール] (米: 国産米, 精米: 非公開)
    ✨ [新規SKU抽出] すっきりとした飲み心地で、吟醸香がほのかに広がる。 [吟醸酒] (米: 国産米, 精米: 非公開)
  👉 亀萬酒造合資会社: 10 件の新規SKUを追加登録

[275/461] 🏭 ID 6867: 佐藤焼酎製造場株式会社 (宮崎県) - https://satoshochu.com/
    ✨ [新規SKU抽出] 高品質な本格焼酎へ [本格焼酎] (米: 国産米, 精米: 非公開)
    ✨ [新規SKU抽出] 伝統甕壺仕込の手造り本格麦焼酎を、陶器で封緘した希少な逸品。 [本格焼酎] (米: 国産米, 精米: 非公開)
    ✨ [新規SKU抽出] 【冬季限定】本格焼酎720ml×3本飲み比べセット [本格焼酎] (米: 国産米, 精米: 非公開)
    ✨ [新規SKU抽出] 天皇家神話である古事記由来の祝子川地下深層水と国産の二条大麦から造られる本格麦焼酎。 [本格焼酎] (米: 国産米, 精米: 非公開)
    ✨ [新規SKU抽出] 蔵元秘伝黒麹が甘く深い余韻を演出する本格麦焼酎 [本格焼酎] (米: 国産米, 精米: 非公開)
    ✨ [新規SKU抽出] 上質なおもてなしを彩る、キレと淡麗の本格麦焼酎 [本格焼酎] (米: 国産米, 精米: 非公開)
  👉 佐藤焼酎製造場株式会社: 6 件の新規SKUを追加登録

[276/461] 🏭 ID 6868: 千徳酒造株式会社 (宮崎県) - http://www.sentoku.com/
[277/461] 🏭 ID 6871: 株式会社黒木本店 (宮崎県) - https://www.kurokihonten.co.jp/
    ✨ [新規SKU抽出] 橘 原酒 [普通酒] (米: 国産米, 精米: 非公開)
  👉 株式会社黒木本店: 1 件の新規SKUを追加登録

[278/461] 🏭 ID 6876: 明石酒造株式会社 (宮崎県) - https://www.meigetsu.co.jp/
[279/461] 🏭 ID 6878: 柳田酒造合名会社 (宮崎県) - https://www.yanagita.co.jp/
[280/461] 🏭 ID 6879: 霧島酒造株式会社 (宮崎県) - https://www.kirishima.co.jp/
[281/461] 🏭 ID 6882: 株式会社落合酒造場 (宮崎県) - https://ochiaishuzojyo.jp/
[282/461] 🏭 ID 6883: 雲海酒造株式会社 (宮崎県) - https://www.unkai.co.jp/
    ✨ [新規SKU抽出] 大吟醸 登喜一 [大吟醸酒] (米: 国産米, 精米: 非公開)
    ✨ [新規SKU抽出] 初御代 本醸造 [本醸造酒] (米: 国産米, 精米: 非公開)
    ✨ [新規SKU抽出] 初御代 純米吟醸 [純米吟醸酒] (米: 国産米, 精米: 非公開)
    ✨ [新規SKU抽出] 初御代 本醸造 生酒 [本醸造酒] (米: 国産米, 精米: 非公開)
  👉 雲海酒造株式会社: 4 件の新規SKUを追加登録

[283/461] 🏭 ID 6885: 株式会社酒蔵王手門 (宮崎県) - https://ohtemon1895.jp/
[284/461] 🏭 ID 6886: 株式会社京屋酒造 (宮崎県) - https://www.kyo-ya.com/
[285/461] 🏭 ID 6888: 古澤醸造合名会社 (宮崎県) - https://nichinan-yaezakura.jp/
[286/461] 🏭 ID 6889: 松の露酒造株式会社 (宮崎県) - https://www.matsunotsuyu.com/
    ✨ [新規SKU抽出] 焼酎・リキュール [リキュール] (米: 国産米, 精米: 非公開)
    ✨ [新規SKU抽出] ＞ 商品紹介 ＞ 焼酎・リキュール [リキュール] (米: 国産米, 精米: 非公開)
    ✨ [新規SKU抽出] 松の露特選原酒 飫肥城（おびじょう） [普通酒] (米: 国産米, 精米: 非公開)
  👉 松の露酒造株式会社: 3 件の新規SKUを追加登録

[287/461] 🏭 ID 6890: 株式会社宮田本店 (宮崎県) - https://www.hinamusume.jp/
    ✨ [新規SKU抽出] 宮崎の本格焼酎 株式会社宮田本店 [本格焼酎] (米: 国産米, 精米: 非公開)
  👉 株式会社宮田本店: 1 件の新規SKUを追加登録

[288/461] 🏭 ID 6892: 櫻の郷酒造株式会社 (宮崎県) - https://www.sakuranosato.co.jp/
    ✨ [新規SKU抽出] 櫻の郷酒造株式会社 | 本格焼酎「無月」「赤魔王」の蔵元 [本格焼酎] (米: 国産米, 精米: 非公開)
    ✨ [新規SKU抽出] 甕貯蔵により奥深い味わいをまとった本格焼酎とスッキリ味のリキュール、 [リキュール] (米: 国産米, 精米: 非公開)
    ✨ [新規SKU抽出] 体にうれしい梅酒 [リキュール] (米: 国産米, 精米: 非公開)
    ✨ [新規SKU抽出] 「本格焼酎を世界で認められる蒸留酒にしたい。」 [本格焼酎] (米: 国産米, 精米: 非公開)
  👉 櫻の郷酒造株式会社: 4 件の新規SKUを追加登録

[289/461] 🏭 ID 6895: 松露酒造株式会社 (宮崎県) - https://shouro-shuzou.co.jp/
    ✨ [新規SKU抽出] genshuシリーズのポップアップとして、「夏の松露」の原酒である [普通酒] (米: 国産米, 精米: 非公開)
    ✨ [新規SKU抽出] 試験栽培ベニマサリ新原酒 [普通酒] (米: 国産米, 精米: 非公開)
    ✨ [新規SKU抽出] 松露酒造初のリキュール [リキュール] (米: 国産米, 精米: 非公開)
  👉 松露酒造株式会社: 3 件の新規SKUを追加登録

[290/461] 🏭 ID 6897: 高千穂酒造株式会社 (宮崎県) - https://www.takachihosyuzo.co.jp/
    ✨ [新規SKU抽出] 高千穂酒造│宮崎│本格焼酎│リキュール│ [リキュール] (米: 国産米, 精米: 非公開)
    ✨ [新規SKU抽出] 高千穂酒造（宮崎県高千穂・本格焼酎蔵元）2025 企業PV ♪トモクロウ「ゆっくり廻る」 [本格焼酎] (米: 国産米, 精米: 非公開)
    ✨ [新規SKU抽出] 高千穂酒造株式会社（公式ﾌｧﾝﾍﾟｰｼﾞ）本格焼酎・リキュール製造 [リキュール] (米: 国産米, 精米: 非公開)
    ✨ [新規SKU抽出] 麦焼酎原酒「高千穂」 [本格焼酎] (米: 国産米, 精米: 非公開)
    ✨ [新規SKU抽出] 米焼酎原酒「露々」 [本格焼酎] (米: 国産米, 精米: 非公開)
    ✨ [新規SKU抽出] 熟成高千穂梅酒 [リキュール] (米: 国産米, 精米: 非公開)
    ✨ [新規SKU抽出] マイヤーレモンリキュール [リキュール] (米: 国産米, 精米: 非公開)
    ✨ [新規SKU抽出] 高千穂梅酒 [リキュール] (米: 国産米, 精米: 非公開)
    ✨ [新規SKU抽出] 高千穂酒造│宮崎│本格焼酎｜商品一覧｜ [本格焼酎] (米: 国産米, 精米: 非公開)
  👉 高千穂酒造株式会社: 9 件の新規SKUを追加登録

[291/461] 🏭 ID 6898: アカツキ酒造合資会社 (宮崎県) - https://r.goope.jp/akatuki/
    ✨ [新規SKU抽出] 祖母山系の美味しい水で仕込んだ手づくりの本格米焼酎「暁（あかつき」。 [本格焼酎] (米: 国産米, 精米: 非公開)
    ✨ [新規SKU抽出] 宮崎本格焼酎応援サイト「ダレヤミ」紹介ページ [本格焼酎] (米: 国産米, 精米: 非公開)
    ✨ [新規SKU抽出] ・原酒店（福岡市中央区）様の [普通酒] (米: 国産米, 精米: 非公開)
    ✨ [新規SKU抽出] フーデリー様の＜宮崎県北グルメ大発見！＞で本格焼酎“暁”が販売されます [本格焼酎] (米: 国産米, 精米: 非公開)
  👉 アカツキ酒造合資会社: 4 件の新規SKUを追加登録

[292/461] 🏭 ID 6899: 神楽酒造株式会社 (宮崎県) - https://www.kagurashuzo.co.jp/
[293/461] 🏭 ID 6900: 姫泉酒造合資会社 (宮崎県) - https://www.himeizumi.co.jp/
[294/461] 🏭 ID 6979: 合資会社吉田屋 (長崎県) - https://www.bansho.info/
    ✨ [新規SKU抽出] 花酵母純米吟醸酒 [純米吟醸酒] (米: 国産米, 精米: 非公開)
    ✨ [新規SKU抽出] 純米吟醸酒 はね木搾り [純米吟醸酒] (米: 国産米, 精米: 非公開)
    ✨ [新規SKU抽出] 【リニューアル】純米吟醸酒 はねぎ搾り 萬勝 [純米吟醸酒] (米: 国産米, 精米: 非公開)
    ✨ [新規SKU抽出] 純米大吟醸酒 清泉石上流(セイセンセキジョウヲナガル) [純米大吟醸酒] (米: 国産米, 精米: 非公開)
    ✨ [新規SKU抽出] 特別純米酒 清泉石上流(セイセンセキジョウヲナガル) [特別純米酒] (米: 国産米, 精米: 非公開)
    ✨ [新規SKU抽出] 【リニューアル】特別純米酒 普賢の夢 [特別純米酒] (米: 国産米, 精米: 非公開)
    ✨ [新規SKU抽出] 【リニューアル】純米酒 はね木搾り 萬勝 [純米酒] (米: 国産米, 精米: 非公開)
    ✨ [新規SKU抽出] 純米大吟醸酒 BANG [純米大吟醸酒] (米: 国産米, 精米: 非公開)
    ✨ [新規SKU抽出] 淡く香りたつ上品な吟醸香が一見控えめな印象を与える香り。 [吟醸酒] (米: 国産米, 精米: 非公開)
    ✨ [新規SKU抽出] 純米吟醸酒 BANG [純米吟醸酒] (米: 国産米, 精米: 非公開)
  👉 合資会社吉田屋: 10 件の新規SKUを追加登録

[295/461] 🏭 ID 6980: 株式会社杵の川 (長崎県) - https://www.kinokawa.co.jp/
[296/461] 🏭 ID 6981: 今里酒造株式会社 (長崎県) - https://rokujuyoshu.com/
    ✨ [新規SKU抽出] 六十餘洲 雫搾り大吟醸 [大吟醸酒] (米: 国産米, 精米: 非公開)
    ✨ [新規SKU抽出] 六十餘洲 純米大吟醸 [純米大吟醸酒] (米: 国産米, 精米: 非公開)
    ✨ [新規SKU抽出] 六十餘洲 大吟醸 [大吟醸酒] (米: 国産米, 精米: 非公開)
    ✨ [新規SKU抽出] 六十餘洲 純米吟醸 山田錦 [純米吟醸酒] (米: 山田錦, 精米: 非公開)
    ✨ [新規SKU抽出] 六十餘洲 純米吟醸 HASAMI [純米吟醸酒] (米: 国産米, 精米: 非公開)
    ✨ [新規SKU抽出] 六十餘洲 吟醸 [吟醸酒] (米: 国産米, 精米: 非公開)
    ✨ [新規SKU抽出] 六十餘洲 特別純米酒 [特別純米酒] (米: 国産米, 精米: 非公開)
    ✨ [新規SKU抽出] 六十餘洲 純米酒 山田錦 [純米酒] (米: 山田錦, 精米: 非公開)
    ✨ [新規SKU抽出] 六十餘洲 純米酒 [純米酒] (米: 国産米, 精米: 非公開)
    ✨ [新規SKU抽出] 六十餘洲 本醸造 [本醸造酒] (米: 国産米, 精米: 非公開)
    ✨ [新規SKU抽出] 六十餘洲 にごり酒 [普通酒] (米: 国産米, 精米: 非公開)
  👉 今里酒造株式会社: 11 件の新規SKUを追加登録

[297/461] 🏭 ID 6982: 梅ヶ枝酒造株式会社 (長崎県) - https://umegae-shuzo.com
[298/461] 🏭 ID 6983: 合資会社山﨑本店酒造場 (長崎県) - https://www.yamasaki-syuzo.co.jp
[299/461] 🏭 ID 6985: 有限会社森酒造場 (長崎県) - https://mori-shuzou.jp/
    ✨ [新規SKU抽出] 2025.07.01 HIRAN Plum（梅酒）が店頭に並びました。 [リキュール] (米: 国産米, 精米: 非公開)
  👉 有限会社森酒造場: 1 件の新規SKUを追加登録

[300/461] 🏭 ID 6986: 福田酒造株式会社 (長崎県) - https://fukuda-shuzo.com/
    ✨ [新規SKU抽出] ⾧崎美人 大吟醸 [大吟醸酒] (米: 国産米, 精米: 非公開)
    ✨ [新規SKU抽出] 福鶴 特別純米酒 [特別純米酒] (米: 国産米, 精米: 非公開)
    ✨ [新規SKU抽出] ｜長﨑美人 大吟醸 [大吟醸酒] (米: 国産米, 精米: 非公開)
    ✨ [新規SKU抽出] ｜福田 純米吟醸 山田錦 [純米吟醸酒] (米: 山田錦, 精米: 非公開)
    ✨ [新規SKU抽出] ｜福田 純米大吟醸 幸 山田錦 [純米大吟醸酒] (米: 山田錦, 精米: 非公開)
    ✨ [新規SKU抽出] ｜福田 純米大吟醸 山田錦 [純米大吟醸酒] (米: 山田錦, 精米: 非公開)
    ✨ [新規SKU抽出] ｜長崎美人 大吟醸 [大吟醸酒] (米: 国産米, 精米: 非公開)
  👉 福田酒造株式会社: 7 件の新規SKUを追加登録

[301/461] 🏭 ID 6987: 潜龍酒造株式会社 (長崎県) - https://www.senryuu.jp
    ✨ [新規SKU抽出] 純米大吟醸・大吟醸 [純米大吟醸酒] (米: 国産米, 精米: 非公開)
    ✨ [新規SKU抽出] 純米吟醸・吟醸 [純米吟醸酒] (米: 国産米, 精米: 非公開)
  👉 潜龍酒造株式会社: 2 件の新規SKUを追加登録

[302/461] 🏭 ID 6988: 白嶽酒造株式会社 (長崎県) - https://shiratakeshuzo.co.jp/
    ✨ [新規SKU抽出] 白嶽 大吟醸へ [大吟醸酒] (米: 国産米, 精米: 非公開)
  👉 白嶽酒造株式会社: 1 件の新規SKUを追加登録

[303/461] 🏭 ID 6989: 重家酒造株式会社 (長崎県) - https://www.omoyashuzo.com/
    ✨ [新規SKU抽出] よこやま 純米大吟醸 [純米大吟醸酒] (米: 国産米, 精米: 非公開)
    ✨ [新規SKU抽出] GOLD 無濾過生原酒 [普通酒] (米: 国産米, 精米: 非公開)
    ✨ [新規SKU抽出] 横山五十 純米大吟醸 [純米大吟醸酒] (米: 国産米, 精米: 非公開)
    ✨ [新規SKU抽出] 赤磐雄町 無濾過生原酒 [普通酒] (米: 雄町, 精米: 非公開)
    ✨ [新規SKU抽出] 愛山 無濾過生原酒 [普通酒] (米: 愛山, 精米: 非公開)
    ✨ [新規SKU抽出] よこやま 純米吟醸 [純米吟醸酒] (米: 国産米, 精米: 非公開)
    ✨ [新規SKU抽出] SILVER7 無濾過生原酒 [普通酒] (米: 国産米, 精米: 非公開)
    ✨ [新規SKU抽出] SILVER1814 無濾過生原酒 [普通酒] (米: 国産米, 精米: 非公開)
    ✨ [新規SKU抽出] SILVER10 無濾過生原酒 [普通酒] (米: 国産米, 精米: 非公開)
    ✨ [新規SKU抽出] SILVER超辛7 無濾過生原酒 [普通酒] (米: 国産米, 精米: 非公開)
  👉 重家酒造株式会社: 10 件の新規SKUを追加登録

[304/461] 🏭 ID 6990: 壱岐の蔵酒造株式会社 (長崎県) - https://ikinokura.co.jp
    ✨ [新規SKU抽出] 大祖原酒木箱入り [普通酒] (米: 国産米, 精米: 非公開)
    ✨ [新規SKU抽出] 霊芝リキュール [リキュール] (米: 国産米, 精米: 非公開)
    ✨ [新規SKU抽出] 霊芝リキュール 20％ 720ml [リキュール] (米: 国産米, 精米: 非公開)
    ✨ [新規SKU抽出] 無一物 原酒 [普通酒] (米: 国産米, 精米: 非公開)
    ✨ [新規SKU抽出] 無一物 原酒 42％ 720ml [普通酒] (米: 国産米, 精米: 非公開)
    ✨ [新規SKU抽出] 単式蒸留焼酎、清酒、リキュールの製造及び関連商品の販売・卸 [リキュール] (米: 国産米, 精米: 非公開)
  👉 壱岐の蔵酒造株式会社: 6 件の新規SKUを追加登録

[305/461] 🏭 ID 7109: 老松酒造 (大分県) - https://oimatsu.com/
    ✨ [新規SKU抽出] 老松だけのリキュール [リキュール] (米: 国産米, 精米: 非公開)
  👉 老松酒造: 1 件の新規SKUを追加登録

[306/461] 🏭 ID 7110: 藤居醸造 (大分県) - https://www.taimei-fujii.co.jp/
[307/461] 🏭 ID 7111: 縣屋酒造 (大分県) - https://www.agataya.jp/
[308/461] 🏭 ID 7113: 大地酒造 (大分県) - https://oochi.saiki.jp/
    ✨ [新規SKU抽出] 花笑み 特別純米 [特別純米酒] (米: 国産米, 精米: 非公開)
    ✨ [新規SKU抽出] 花笑み 純米吟醸 [純米吟醸酒] (米: 国産米, 精米: 非公開)
    ✨ [新規SKU抽出] 花笑み 純米大吟醸 [純米大吟醸酒] (米: 国産米, 精米: 非公開)
    ✨ [新規SKU抽出] 花笑み 純米吟醸 ドルチェ [純米吟醸酒] (米: 国産米, 精米: 非公開)
  👉 大地酒造: 4 件の新規SKUを追加登録

[309/461] 🏭 ID 7114: 四ツ谷酒造 (大分県) - https://kanpachi.jp/
[310/461] 🏭 ID 7115: 久家本店 (大分県) - https://kugehonten.jp/
[311/461] 🏭 ID 7116: 八鹿酒造 (大分県) - http://yatsushika.com/
    ✨ [新規SKU抽出] かぼすリキュール [リキュール] (米: 国産米, 精米: 非公開)
    ✨ [新規SKU抽出] ヨーグルトリキュールcoconoe [リキュール] (米: 国産米, 精米: 非公開)
    ✨ [新規SKU抽出] カジュアルに癒される純米酒ベースのシュワっと爽快 新感覚リキュール。 [純米酒] (米: 国産米, 精米: 非公開)
    ✨ [新規SKU抽出] おんせん県おおいた りふれっ酒 うめスパークリング [普通酒] (米: 国産米, 精米: 非公開)
    ✨ [新規SKU抽出] 大分県大山産の南高梅で作るシュワっと爽快 新感覚リキュール。 [リキュール] (米: 国産米, 精米: 非公開)
    ✨ [新規SKU抽出] 原材料：梅酒（国内製造）、果糖ぶどう糖液糖、水飴/炭酸ガス、クエン酸 [リキュール] (米: 国産米, 精米: 非公開)
    ✨ [新規SKU抽出] おんせん県おおいた りふれっ酒 かぼすスパークリング [普通酒] (米: 国産米, 精米: 非公開)
    ✨ [新規SKU抽出] 大分県特産のかぼすで作るシュワっと爽快 新感覚リキュール。 [リキュール] (米: 国産米, 精米: 非公開)
    ✨ [新規SKU抽出] リキュールセット（かぼすスパークリング） [リキュール] (米: 国産米, 精米: 非公開)
    ✨ [新規SKU抽出] 純米酒ベースのシュワっと爽快、新感覚リキュールの“Julia”。 [純米酒] (米: 国産米, 精米: 非公開)
    ✨ [新規SKU抽出] 季節限定、大分県産果汁でつくる微炭酸リキュール“りふれっ酒”。 [リキュール] (米: 国産米, 精米: 非公開)
    ✨ [新規SKU抽出] 八鹿酒造の個性あふれる3種のリキュールが一度に楽しめるアソートセットです♪ [リキュール] (米: 国産米, 精米: 非公開)
    ✨ [新規SKU抽出] フレッシュヨーグルトと本格麦焼酎から生まれた [本格焼酎] (米: 国産米, 精米: 非公開)
    ✨ [新規SKU抽出] 純米酒ベースのシュワっと爽快新感覚リキュールJulia（ジュリア）がセットになりました！ [純米酒] (米: 国産米, 精米: 非公開)
    ✨ [新規SKU抽出] カジュアルに癒される純米酒ベースのシュワっと爽快新感覚リキュール。 [純米酒] (米: 国産米, 精米: 非公開)
    ✨ [新規SKU抽出] ヨーグルトリキュールcoconoe 4本セット [リキュール] (米: 国産米, 精米: 非公開)
  👉 八鹿酒造: 16 件の新規SKUを追加登録

[312/461] 🏭 ID 7117: 中野酒造 (大分県) - https://chiebijin.com/
[313/461] 🏭 ID 7118: 南酒造 (大分県) - https://toppai.co.jp/
    ✨ [新規SKU抽出] 南酒造｜本格麦焼酎 とっぱい [本格焼酎] (米: 国産米, 精米: 非公開)
    ✨ [新規SKU抽出] セット -- 南酒造｜本格麦焼酎 とっぱい [本格焼酎] (米: 国産米, 精米: 非公開)
  👉 南酒造: 2 件の新規SKUを追加登録

[314/461] 🏭 ID 7119: 藤居酒造 (大分県) - http://fujii-shuzou.sakura.ne.jp/
    ✨ [新規SKU抽出] 今週から、今シーズン2本目となる本醸造の仕込みが始まりました。今朝の作業は、麹用 … [本醸造酒] (米: 国産米, 精米: 非公開)
    ✨ [新規SKU抽出] おまたせしました。にごり酒の瓶詰め開始です。今年はもしかしたらやや炭酸強めかも、 … [普通酒] (米: 国産米, 精米: 非公開)
  👉 藤居酒造: 2 件の新規SKUを追加登録

[315/461] 🏭 ID 7120: 常徳屋酒造場 (大分県) - https://www.jyotokuya.com/
[316/461] 🏭 ID 7121: 小手川酒造 (大分県) - https://kotegawa.fundokin.co.jp/
[317/461] 🏭 ID 7122: 牟礼鶴酒造 (大分県) - https://6026.jp/
[318/461] 🏭 ID 7123: 浜嶋酒造 (大分県) - https://www.takakiya.co.jp/
    ✨ [新規SKU抽出] 鷹来屋 夏越し山廃 特別純米酒 生酒が発売になりました！ [特別純米酒] (米: 国産米, 精米: 非公開)
    ✨ [新規SKU抽出] 鷹来屋 特別純米酒 夏酒が発売になりました！ [特別純米酒] (米: 国産米, 精米: 非公開)
    ✨ [新規SKU抽出] 新酒生酒 鷹来屋 純米吟醸 雄町が発売になりました！ [純米吟醸酒] (米: 雄町, 精米: 非公開)
    ✨ [新規SKU抽出] 新酒生酒 鷹来屋 山田錦純米吟醸 が発売になりました！ [純米吟醸酒] (米: 山田錦, 精米: 非公開)
    ✨ [新規SKU抽出] 新酒生酒 鷹来屋 五百万石純米吟醸 が発売になりました！ [純米吟醸酒] (米: 五百万石, 精米: 非公開)
    ✨ [新規SKU抽出] 新酒生酒 華鷹 純米吟醸 生酒が発売になりました！ [純米吟醸酒] (米: 国産米, 精米: 非公開)
  👉 浜嶋酒造: 6 件の新規SKUを追加登録

[319/461] 🏭 ID 7124: 萱島酒造 (大分県) - https://www.nishinoseki.com/
    ✨ [新規SKU抽出] 純米吟醸酒 生原酒 [純米吟醸酒] (米: 国産米, 精米: 非公開)
    ✨ [新規SKU抽出] 大吟醸 秘蔵酒 [大吟醸酒] (米: 国産米, 精米: 非公開)
    ✨ [新規SKU抽出] 大吟醸 滴酒 [大吟醸酒] (米: 国産米, 精米: 非公開)
    ✨ [新規SKU抽出] 純米大吟醸 はんなり [純米大吟醸酒] (米: 国産米, 精米: 非公開)
    ✨ [新規SKU抽出] 純米吟醸 美吟 [純米吟醸酒] (米: 国産米, 精米: 非公開)
  👉 萱島酒造: 5 件の新規SKUを追加登録

[320/461] 🏭 ID 7125: 亀の井酒造 (大分県) - https://kamenoi-shuzou.com/
    ✨ [新規SKU抽出] 大吟醸 玄亀1.8L [大吟醸酒] (米: 国産米, 精米: 非公開)
    ✨ [新規SKU抽出] 大吟醸 玄亀720ml [大吟醸酒] (米: 国産米, 精米: 非公開)
    ✨ [新規SKU抽出] 日本酒 純米吟醸 [純米吟醸酒] (米: 国産米, 精米: 非公開)
    ✨ [新規SKU抽出] 純米吟醸 玄亀1.8L [純米吟醸酒] (米: 国産米, 精米: 非公開)
    ✨ [新規SKU抽出] 純米吟醸 玄亀720ml [純米吟醸酒] (米: 国産米, 精米: 非公開)
    ✨ [新規SKU抽出] 山廃仕込 純米酒 1.8L [純米酒] (米: 国産米, 精米: 非公開)
    ✨ [新規SKU抽出] 山廃仕込 純米酒 720ml [純米酒] (米: 国産米, 精米: 非公開)
    ✨ [新規SKU抽出] 山廃仕込 本醸造 1.8L [本醸造酒] (米: 国産米, 精米: 非公開)
    ✨ [新規SKU抽出] 亀の井 山廃仕込み 本醸造 [本醸造酒] (米: 国産米, 精米: 非公開)
    ✨ [新規SKU抽出] 山廃仕込 本醸造 720ml [本醸造酒] (米: 国産米, 精米: 非公開)
    ✨ [新規SKU抽出] 亀の井 純米酒 1.8L [純米酒] (米: 国産米, 精米: 非公開)
    ✨ [新規SKU抽出] 亀の井 純米酒 720ml [純米酒] (米: 国産米, 精米: 非公開)
  👉 亀の井酒造: 12 件の新規SKUを追加登録

[321/461] 🏭 ID 7126: 矢野酒造場 (大分県) - https://www.yano-shuzoujou.jp/
    ✨ [新規SKU抽出] 限定酒（しぼりたて生原酒） [普通酒] (米: 国産米, 精米: 非公開)
    ✨ [新規SKU抽出] 矢野酒造場 生原酒「限定酒」 [普通酒] (米: 国産米, 精米: 非公開)
    ✨ [新規SKU抽出] 純米生原酒 [純米酒] (米: 国産米, 精米: 非公開)
    ✨ [新規SKU抽出] 本醸造生原酒 [本醸造酒] (米: 国産米, 精米: 非公開)
  👉 矢野酒造場: 4 件の新規SKUを追加登録

[322/461] 🏭 ID 7127: ぶんご銘醸 (大分県) - https://www.bungomeijyo.co.jp/
[323/461] 🏭 ID 7128: 佐藤酒造 (大分県) - http://kuju-senbazuru.co.jp/
[324/461] 🏭 ID 7129: 小松酒造場 (大分県) - https://www.hojunsake.com/
[325/461] 🏭 ID 7130: 旭酒造 (大分県) - https://www.dassai.co.jp/
[326/461] 🏭 ID 7131: 赤嶺酒造場 (大分県) - http://akamineshuzou.co.jp/
    ✨ [新規SKU抽出] うすき生姜酒 (リキュール) [リキュール] (米: 国産米, 精米: 非公開)
  👉 赤嶺酒造場: 1 件の新規SKUを追加登録

[327/461] 🏭 ID 7132: 三和酒類株式会社 (大分県) - https://www.sanwa-shurui.co.jp/
    ✨ [新規SKU抽出] 和香牡丹 天衣スパークリング [普通酒] (米: 国産米, 精米: 非公開)
    ✨ [新規SKU抽出] 安心院 スパークリングワイン [普通酒] (米: 国産米, 精米: 非公開)
    ✨ [新規SKU抽出] ブランデー＆リキュール [リキュール] (米: 国産米, 精米: 非公開)
    ✨ [新規SKU抽出] 厳選した大麦・大麦麹と清冽で良質な水だけで醸したまろやかで飲み飽きしない本格焼酎。 [本格焼酎] (米: 国産米, 精米: 非公開)
  👉 三和酒類株式会社: 4 件の新規SKUを追加登録

[328/461] 🏭 ID 7134: 小野酒造株式会社 (大分県) - http://www.onoshuzo.co.jp
    ✨ [新規SKU抽出] ゆずリキュールの販売を再開しました [リキュール] (米: 国産米, 精米: 非公開)
    ✨ [新規SKU抽出] ゆず原料の不足により、一時製造を停止しておりましたゆずリキュール製品について、 [リキュール] (米: 国産米, 精米: 非公開)
    ✨ [新規SKU抽出] 麦焼酎、リキュール [リキュール] (米: 国産米, 精米: 非公開)
  👉 小野酒造株式会社: 3 件の新規SKUを追加登録

[329/461] 🏭 ID 7136: クンチョウ酒造 (大分県) - https://www.kuncho.net
[330/461] 🏭 ID 7137: 久保酒蔵 (大分県) - https://kubosyuzou.jp/
[331/461] 🏭 ID 7138: 麻生本店 (大分県) - https://asouhonten.com
    ✨ [新規SKU抽出] 豊後富士 原酒 [普通酒] (米: 国産米, 精米: 非公開)
    ✨ [新規SKU抽出] 豊後富士 純米吟醸 [純米吟醸酒] (米: 国産米, 精米: 非公開)
    ✨ [新規SKU抽出] 万俵 特別純米 [特別純米酒] (米: 国産米, 精米: 非公開)
    ✨ [新規SKU抽出] 創業以来変わることなく受け継がれてきた、手づくりの本格焼酎。 [本格焼酎] (米: 国産米, 精米: 非公開)
    ✨ [新規SKU抽出] 手づくりの本格焼酎。 [本格焼酎] (米: 国産米, 精米: 非公開)
  👉 麻生本店: 5 件の新規SKUを追加登録

[332/461] 🏭 ID 7139: 二階堂酒造 (大分県) - https://nikaido-shuzo.co.jp/
[333/461] 🏭 ID 7140: 吉良酒造 (大分県) - https://www.kirashuzo.com/
[334/461] 🏭 ID 7141: 萱島酒類 (大分県) - http://bungoseimei.com/
[335/461] 🏭 ID 7142: 井上酒造 (大分県) - https://www.kakunoi.com/
    ✨ [新規SKU抽出] (株)井上酒造-日本酒と本格焼酎、大分・天領日田の蔵元 [本格焼酎] (米: 国産米, 精米: 非公開)
    ✨ [新規SKU抽出] 井上酒造 - 日本酒（清酒）と本格焼酎、大分・天領日田の蔵元 [本格焼酎] (米: 国産米, 精米: 非公開)
  👉 井上酒造: 2 件の新規SKUを追加登録

[336/461] 🏭 ID 7196: 天吹酒造合資会社 (佐賀県) - https://www.amabuki.co.jp/
    ✨ [新規SKU抽出] 天吹 純米 雄町 ひやおろし [純米酒] (米: 雄町, 精米: 非公開)
    ✨ [新規SKU抽出] 天吹 純米大吟醸 中汲み [純米大吟醸酒] (米: 国産米, 精米: 非公開)
    ✨ [新規SKU抽出] 天吹 生酛純米大吟醸 雄町 [純米大吟醸酒] (米: 雄町, 精米: 非公開)
    ✨ [新規SKU抽出] 天吹 純米大吟醸 バナナ酵母 [純米大吟醸酒] (米: 国産米, 精米: 非公開)
    ✨ [新規SKU抽出] 天吹 純米大吟醸 りんご酵母 [純米大吟醸酒] (米: 国産米, 精米: 非公開)
    ✨ [新規SKU抽出] 天吹 純米大吟醸 50 [純米大吟醸酒] (米: 国産米, 精米: 非公開)
    ✨ [新規SKU抽出] 天吹 恋する春の純米大吟醸 [純米大吟醸酒] (米: 国産米, 精米: 非公開)
    ✨ [新規SKU抽出] 天吹 冬に恋する純米大吟醸 生 [純米大吟醸酒] (米: 国産米, 精米: 非公開)
    ✨ [新規SKU抽出] 日下無双 純米大吟醸 45 [純米大吟醸酒] (米: 国産米, 精米: 非公開)
    ✨ [新規SKU抽出] 天吹 大吟醸 40 [大吟醸酒] (米: 国産米, 精米: 非公開)
    ✨ [新規SKU抽出] 天吹 純米吟醸 雄町 生 [純米吟醸酒] (米: 雄町, 精米: 非公開)
    ✨ [新規SKU抽出] 天吹 純米吟醸 いちご酵母 生 [純米吟醸酒] (米: 国産米, 精米: 非公開)
    ✨ [新規SKU抽出] 天吹 純米吟醸 ひまわり酵母 [純米吟醸酒] (米: 国産米, 精米: 非公開)
    ✨ [新規SKU抽出] 天吹 超辛口特別純米 火入れ [特別純米酒] (米: 国産米, 精米: 非公開)
    ✨ [新規SKU抽出] 天吹 超辛口特別純米 生 [特別純米酒] (米: 国産米, 精米: 非公開)
    ✨ [新規SKU抽出] 天吹 夏に恋する 特別純米 生 [特別純米酒] (米: 国産米, 精米: 非公開)
    ✨ [新規SKU抽出] 天吹 純米 雄町ひやおろし [純米酒] (米: 雄町, 精米: 非公開)
    ✨ [新規SKU抽出] 天吹 特別純米 60 [特別純米酒] (米: 国産米, 精米: 非公開)
    ✨ [新規SKU抽出] 天吹 低温瓶貯蔵（本醸造） [本醸造酒] (米: 国産米, 精米: 非公開)
    ✨ [新規SKU抽出] テテ ジャパン ボタニカルズ 梅酒 [リキュール] (米: 国産米, 精米: 非公開)
  👉 天吹酒造合資会社: 20 件の新規SKUを追加登録

[337/461] 🏭 ID 7197: 合資会社基山商店 (佐賀県) - https://www.kihotsuru.com/
[338/461] 🏭 ID 7198: 佐嘉酒造株式会社 (佐賀県) - https://sagashuzo.co.jp/
[339/461] 🏭 ID 7199: 大和酒造株式会社 (佐賀県) - https://sake-yamato.co.jp/
[340/461] 🏭 ID 7202: 天山酒造株式会社 (佐賀県) - https://tenzan.co.jp/
[341/461] 🏭 ID 7203: 東鶴酒造株式会社 (佐賀県) - http://azumatsuru.com/
    ✨ [新規SKU抽出] 蝉しぐれ スパークリング 生 [普通酒] (米: 国産米, 精米: 非公開)
    ✨ [新規SKU抽出] レギュラー_純米吟醸 [純米吟醸酒] (米: 国産米, 精米: 非公開)
  👉 東鶴酒造株式会社: 2 件の新規SKUを追加登録

[342/461] 🏭 ID 7204: 鳴滝酒造株式会社 (佐賀県) - http://narutaki.com
    ✨ [新規SKU抽出] 優しくまろやかな味わいと柔らかな余韻を有する、日本酒仕立ての贅沢な梅酒。 [リキュール] (米: 国産米, 精米: 非公開)
    ✨ [新規SKU抽出] 香味のバランスに最も優れた中汲みだけを贅沢に瓶囲いした、数量限定の特別な大吟醸。 [大吟醸酒] (米: 国産米, 精米: 非公開)
    ✨ [新規SKU抽出] 純米ひやおろし [純米酒] (米: 国産米, 精米: 非公開)
    ✨ [新規SKU抽出] 穏やかな香りと優しい味わい、なめらかなのど越しを有する特別本醸造。幅広い飲み方に対応。 [特別本醸造酒] (米: 国産米, 精米: 非公開)
    ✨ [新規SKU抽出] 生まれたての酒をそのままに。柔らかな甘みと原酒らしいコクで、根強い人気を誇る一品。 [普通酒] (米: 国産米, 精米: 非公開)
    ✨ [新規SKU抽出] 新酒の季節到来を告げる、昔ながらのにごり酒。とろりとした優しい口当りの冬の限定酒。 [普通酒] (米: 国産米, 精米: 非公開)
    ✨ [新規SKU抽出] 君恩 純米吟醸 [純米吟醸酒] (米: 国産米, 精米: 非公開)
    ✨ [新規SKU抽出] 君恩 純米酒 [純米酒] (米: 国産米, 精米: 非公開)
    ✨ [新規SKU抽出] 君恩 本醸造 [本醸造酒] (米: 国産米, 精米: 非公開)
    ✨ [新規SKU抽出] 搾りたての酒を瓶詰め時に一回火入れし低温にて瓶囲いした、フレッシュな味わいの本醸造酒。 [本醸造酒] (米: 国産米, 精米: 非公開)
    ✨ [新規SKU抽出] 君恩 原酒生酒 [普通酒] (米: 国産米, 精米: 非公開)
    ✨ [新規SKU抽出] 瀧 純米吟醸 [純米吟醸酒] (米: 国産米, 精米: 非公開)
    ✨ [新規SKU抽出] 搾りの際一切圧を加えず、自然に流れ落ちた酒だけを瓶詰めした特別な純米吟醸酒。数量限定。 [純米吟醸酒] (米: 国産米, 精米: 非公開)
    ✨ [新規SKU抽出] 控えめな吟醸香と小気味よい切れ味を有する辛口酒。香味のバランスに優れた、瀧のスタンダード。 [吟醸酒] (米: 国産米, 精米: 非公開)
    ✨ [新規SKU抽出] 瀧 純米吟醸生 [純米吟醸酒] (米: 国産米, 精米: 非公開)
    ✨ [新規SKU抽出] 瀧 特別純米 [特別純米酒] (米: 国産米, 精米: 非公開)
    ✨ [新規SKU抽出] ひやおろし原酒 [普通酒] (米: 国産米, 精米: 非公開)
    ✨ [新規SKU抽出] 日本酒仕立乃梅酒 [リキュール] (米: 国産米, 精米: 非公開)
  👉 鳴滝酒造株式会社: 18 件の新規SKUを追加登録

[343/461] 🏭 ID 7205: 小松酒造株式会社 (佐賀県) - https://www.manrei.jp/
    ✨ [新規SKU抽出] 焼酎・リキュール [リキュール] (米: 国産米, 精米: 非公開)
  👉 小松酒造株式会社: 1 件の新規SKUを追加登録

[344/461] 🏭 ID 7208: 松浦一酒造株式会社 (佐賀県) - http://www.matsuuraichi.com/
    ✨ [新規SKU抽出] 大吟醸梅酒 大変お待たせいたしました。今年も発売しました。 [大吟醸酒] (米: 国産米, 精米: 非公開)
    ✨ [新規SKU抽出] 純米吟醸山田錦がシルバーメダルをいただきました。 [純米吟醸酒] (米: 山田錦, 精米: 非公開)
    ✨ [新規SKU抽出] 松浦一 辛口純米酒が [純米酒] (米: 国産米, 精米: 非公開)
    ✨ [新規SKU抽出] 初夏。おばちゃん達が楽しいおしゃべりをしながら漬けるプリュム梅酒。 [リキュール] (米: 国産米, 精米: 非公開)
    ✨ [新規SKU抽出] プリュム梅酒がふか～く。やわらか～く。あま～いのは.....わかるなぁ......。 [リキュール] (米: 国産米, 精米: 非公開)
  👉 松浦一酒造株式会社: 5 件の新規SKUを追加登録

[345/461] 🏭 ID 7209: 古伊万里酒造有限会社 (佐賀県) - https://sake-koimari.jp/
    ✨ [新規SKU抽出] 中川原酒店 [普通酒] (米: 国産米, 精米: 非公開)
  👉 古伊万里酒造有限会社: 1 件の新規SKUを追加登録

[346/461] 🏭 ID 7210: 宗政酒造株式会社 (佐賀県) - https://www.nonnoko.com/
[347/461] 🏭 ID 7211: 井手酒造有限会社 (佐賀県) - https://www.toranoko.co.jp/
[348/461] 🏭 ID 7212: 瀬頭酒造株式会社 (佐賀県) - http://www.azumacho.co.jp/
[349/461] 🏭 ID 7213: 五町田酒造株式会社 (佐賀県) - https://azumaichi.com/
    ✨ [新規SKU抽出] あえて酵母が活動しにくい低温でじっくり発酵させる吟醸酒は、 [吟醸酒] (米: 国産米, 精米: 非公開)
  👉 五町田酒造株式会社: 1 件の新規SKUを追加登録

[350/461] 🏭 ID 7214: 矢野酒造株式会社 (佐賀県) - https://yanoshuzou.jp/
[351/461] 🏭 ID 7215: 有限会社馬場酒造場 (佐賀県) - http://www.nogomi.co.jp/
    ✨ [新規SKU抽出] 【能古見純米吟醸中取り生』販売スタート！】 [純米吟醸酒] (米: 国産米, 精米: 非公開)
    ✨ [新規SKU抽出] 【『能古見純米吟醸中取り生』販売スタート！】 [純米吟醸酒] (米: 国産米, 精米: 非公開)
    ✨ [新規SKU抽出] 能古見 純米吟醸 [純米吟醸酒] (米: 国産米, 精米: 非公開)
    ✨ [新規SKU抽出] 中川原酒店 [普通酒] (米: 国産米, 精米: 非公開)
  👉 有限会社馬場酒造場: 4 件の新規SKUを追加登録

[352/461] 🏭 ID 7216: 幸姫酒造株式会社 (佐賀県) - https://www.sachihime.co.jp/
    ✨ [新規SKU抽出] 五代目 純米大吟醸 [純米大吟醸酒] (米: 国産米, 精米: 非公開)
    ✨ [新規SKU抽出] 純米大吟醸 幸姫 [純米大吟醸酒] (米: 国産米, 精米: 非公開)
    ✨ [新規SKU抽出] 純米吟醸 幸姫 [純米吟醸酒] (米: 国産米, 精米: 非公開)
    ✨ [新規SKU抽出] 辛口純米酒 [純米酒] (米: 国産米, 精米: 非公開)
    ✨ [新規SKU抽出] 幸姫 梅酒 [リキュール] (米: 国産米, 精米: 非公開)
    ✨ [新規SKU抽出] 生原酒 幸姫 [普通酒] (米: 国産米, 精米: 非公開)
    ✨ [新規SKU抽出] 純米無濾過生原酒 [純米酒] (米: 国産米, 精米: 非公開)
  👉 幸姫酒造株式会社: 7 件の新規SKUを追加登録

[353/461] 🏭 ID 7217: 合資会社光武酒造場 (佐賀県) - https://www.kinpa.jp/
    ✨ [新規SKU抽出] 純米吟醸 光武 Dark style [純米吟醸酒] (米: 国産米, 精米: 非公開)
    ✨ [新規SKU抽出] 新酒 しぼりたて生原酒 光武 [普通酒] (米: 国産米, 精米: 非公開)
    ✨ [新規SKU抽出] 「みちしずく原酒 魔界への誘い」 [普通酒] (米: 国産米, 精米: 非公開)
    ✨ [新規SKU抽出] 「まかいへのいざない パック」、「光武 癒しの梅酒」 [リキュール] (米: 国産米, 精米: 非公開)
    ✨ [新規SKU抽出] 手造り純米酒光武セット [純米酒] (米: 国産米, 精米: 非公開)
    ✨ [新規SKU抽出] 「出品酒 雫しぼり純米大吟醸 光武」、「出品酒 雫しぼり大吟醸 光武」 [純米大吟醸酒] (米: 国産米, 精米: 非公開)
    ✨ [新規SKU抽出] 辛口手造り純米酒光武 [純米酒] (米: 国産米, 精米: 非公開)
    ✨ [新規SKU抽出] はちみつ梅酒キューティーハニー720ml [リキュール] (米: 国産米, 精米: 非公開)
    ✨ [新規SKU抽出] 生原酒純米吟醸光武 [純米吟醸酒] (米: 国産米, 精米: 非公開)
    ✨ [新規SKU抽出] 直汲み生 純米吟醸光武 [純米吟醸酒] (米: 国産米, 精米: 非公開)
    ✨ [新規SKU抽出] 「純米吟醸原酒光武」 [純米吟醸酒] (米: 国産米, 精米: 非公開)
    ✨ [新規SKU抽出] しぼりたて純米原酒光武 [純米酒] (米: 国産米, 精米: 非公開)
    ✨ [新規SKU抽出] 「純米吟醸ひやおろし光武 720ml」 [純米吟醸酒] (米: 国産米, 精米: 非公開)
    ✨ [新規SKU抽出] 「手造り純米酒 光武 270ml」 [純米酒] (米: 国産米, 精米: 非公開)
    ✨ [新規SKU抽出] 「夏吟醸酒光武 720ml」 [吟醸酒] (米: 国産米, 精米: 非公開)
    ✨ [新規SKU抽出] 「直汲み生 手造り純米酒 光武 1800ml・720ml」 [純米酒] (米: 国産米, 精米: 非公開)
    ✨ [新規SKU抽出] 「新酒 純米吟醸 光武 720ml」 [純米吟醸酒] (米: 国産米, 精米: 非公開)
    ✨ [新規SKU抽出] 「純米吟醸 光武 360ml」 [純米吟醸酒] (米: 国産米, 精米: 非公開)
    ✨ [新規SKU抽出] 「バレンタイン純米吟醸 光武 180ml」、「バレンタイン純米吟醸 光武 270ml」 [純米吟醸酒] (米: 国産米, 精米: 非公開)
    ✨ [新規SKU抽出] 「純米・純米吟醸 光武セット」 [純米吟醸酒] (米: 国産米, 精米: 非公開)
    ✨ [新規SKU抽出] 「シャルウィダンス スパークリング みかん」 [普通酒] (米: 国産米, 精米: 非公開)
    ✨ [新規SKU抽出] 「純米吟醸光武」 [純米吟醸酒] (米: 国産米, 精米: 非公開)
    ✨ [新規SKU抽出] 「シャルウィダンススパークリングいちご」 [普通酒] (米: 国産米, 精米: 非公開)
  👉 合資会社光武酒造場: 23 件の新規SKUを追加登録

[354/461] 🏭 ID 7218: 富久千代酒造有限会社 (佐賀県) - https://nabeshima.biz/
    ✨ [新規SKU抽出] 鍋島 純米大吟醸 山田錦35% [純米大吟醸酒] (米: 山田錦, 精米: 35%)
    ✨ [新規SKU抽出] 鍋島 純米大吟醸 [純米大吟醸酒] (米: 国産米, 精米: 非公開)
    ✨ [新規SKU抽出] 鍋島 しずく純米大吟醸（720ml） [純米大吟醸酒] (米: 国産米, 精米: 非公開)
    ✨ [新規SKU抽出] 鍋島純米大吟醸 赤磐雄町米（720ml） [純米大吟醸酒] (米: 雄町, 精米: 非公開)
    ✨ [新規SKU抽出] 鍋島純米大吟醸 [純米大吟醸酒] (米: 国産米, 精米: 非公開)
    ✨ [新規SKU抽出] 鍋島純米大吟醸 山田錦45% [純米大吟醸酒] (米: 山田錦, 精米: 45%)
    ✨ [新規SKU抽出] 鍋島純米大吟醸 愛山 [純米大吟醸酒] (米: 愛山, 精米: 非公開)
    ✨ [新規SKU抽出] 鍋島純米大吟醸 山田穂 [純米大吟醸酒] (米: 国産米, 精米: 非公開)
    ✨ [新規SKU抽出] 鍋島純米大吟醸 短稈渡船 [純米大吟醸酒] (米: 国産米, 精米: 非公開)
    ✨ [新規SKU抽出] 鍋島純米大吟醸 CROSS+ [純米大吟醸酒] (米: 国産米, 精米: 非公開)
    ✨ [新規SKU抽出] 鍋島純米大吟醸 きたしずく [純米大吟醸酒] (米: きたしずく, 精米: 非公開)
    ✨ [新規SKU抽出] 鍋島純米大吟醸 吉川産山田錦 [純米大吟醸酒] (米: 山田錦, 精米: 非公開)
    ✨ [新規SKU抽出] 鍋島大吟醸 [大吟醸酒] (米: 国産米, 精米: 非公開)
    ✨ [新規SKU抽出] 鍋島 大吟醸 [大吟醸酒] (米: 国産米, 精米: 非公開)
    ✨ [新規SKU抽出] 鍋島 大吟醸 愛山 [大吟醸酒] (米: 愛山, 精米: 非公開)
    ✨ [新規SKU抽出] 鍋島 純米吟醸 [純米吟醸酒] (米: 国産米, 精米: 非公開)
    ✨ [新規SKU抽出] 鍋島 純米吟醸 山田錦 生酒 [純米吟醸酒] (米: 山田錦, 精米: 非公開)
    ✨ [新規SKU抽出] 鍋島 純米吟醸 赤磐雄町米 [純米吟醸酒] (米: 雄町, 精米: 非公開)
    ✨ [新規SKU抽出] 鍋島 純米吟醸 赤磐雄町米 生酒 [純米吟醸酒] (米: 雄町, 精米: 非公開)
    ✨ [新規SKU抽出] 鍋島 純米吟醸 愛山 [純米吟醸酒] (米: 愛山, 精米: 非公開)
    ✨ [新規SKU抽出] 鍋島 純米吟醸きたしずく [純米吟醸酒] (米: きたしずく, 精米: 非公開)
    ✨ [新規SKU抽出] 鍋島 純米吟醸 隠し酒 [純米吟醸酒] (米: 国産米, 精米: 非公開)
    ✨ [新規SKU抽出] 鍋島 純米吟醸 New Moon 生酒 [純米吟醸酒] (米: 国産米, 精米: 非公開)
    ✨ [新規SKU抽出] 鍋島 純米吟醸 Blossoms Moon [純米吟醸酒] (米: 国産米, 精米: 非公開)
    ✨ [新規SKU抽出] 鍋島 吟醸 Summer Moon [吟醸酒] (米: 国産米, 精米: 非公開)
    ✨ [新規SKU抽出] 鍋島 吟醸 [吟醸酒] (米: 国産米, 精米: 非公開)
    ✨ [新規SKU抽出] 鍋島 特別純米酒 [特別純米酒] (米: 国産米, 精米: 非公開)
    ✨ [新規SKU抽出] 鍋島 特別純米 生酒 [特別純米酒] (米: 国産米, 精米: 非公開)
    ✨ [新規SKU抽出] 鍋島 特別純米 [特別純米酒] (米: 国産米, 精米: 非公開)
    ✨ [新規SKU抽出] 鍋島 特別純米 生原酒 [特別純米酒] (米: 国産米, 精米: 非公開)
    ✨ [新規SKU抽出] 鍋島 特別純米酒 吉川産山田錦 [特別純米酒] (米: 山田錦, 精米: 非公開)
    ✨ [新規SKU抽出] 鍋島 特別純米酒 Classic 赤磐雄町米（720ml） [特別純米酒] (米: 雄町, 精米: 非公開)
    ✨ [新規SKU抽出] 鍋島 特別純米酒 Classic 愛山 [特別純米酒] (米: 愛山, 精米: 非公開)
    ✨ [新規SKU抽出] 鍋島 特別純米酒 Classic 山田穂 [特別純米酒] (米: 国産米, 精米: 非公開)
    ✨ [新規SKU抽出] 鍋島 純米酒 Classic 白菊 [純米酒] (米: 国産米, 精米: 非公開)
    ✨ [新規SKU抽出] 鍋島 純米酒 [純米酒] (米: 国産米, 精米: 非公開)
    ✨ [新規SKU抽出] 鍋島 特別本醸造 [特別本醸造酒] (米: 国産米, 精米: 非公開)
  👉 富久千代酒造有限会社: 37 件の新規SKUを追加登録

[355/461] 🏭 ID 7281: 隠岐酒造株式会社 (島根県) - https://okishuzou.com/
    ✨ [新規SKU抽出] 隠岐誉 純米大吟醸斗瓶囲い 720ml 縁の舞 個装箱入り [純米大吟醸酒] (米: 国産米, 精米: 非公開)
    ✨ [新規SKU抽出] 隠岐誉 純米大吟醸斗瓶囲い 720ml 個装箱入り [純米大吟醸酒] (米: 国産米, 精米: 非公開)
    ✨ [新規SKU抽出] 隠岐誉 純米吟醸 古典相撲ラベル 720ml 個装箱入り [純米吟醸酒] (米: 国産米, 精米: 非公開)
    ✨ [新規SKU抽出] 隠岐誉 室町の純米酒 90 720ml [純米酒] (米: 国産米, 精米: 非公開)
    ✨ [新規SKU抽出] 隠岐誉 純米吟醸 720ml 個装箱入り [純米吟醸酒] (米: 国産米, 精米: 非公開)
    ✨ [新規SKU抽出] 隠岐誉 吟醸酒 720ml [吟醸酒] (米: 国産米, 精米: 非公開)
  👉 隠岐酒造株式会社: 6 件の新規SKUを追加登録

[356/461] 🏭 ID 7282: 池月酒造株式会社 (島根県) - https://ikezuki.com/
    ✨ [新規SKU抽出] 進みます。池月酒造では、低温でじっくりと発酵させる吟醸造りの手法を [吟醸酒] (米: 国産米, 精米: 非公開)
  👉 池月酒造株式会社: 1 件の新規SKUを追加登録

[357/461] 🏭 ID 7283: 株式会社桑原酒場 (島根県) - https://fusozuru.com/
    ✨ [新規SKU抽出] 純米にごり酒 [純米酒] (米: 国産米, 精米: 非公開)
    ✨ [新規SKU抽出] 株式会社 桑原酒場 [普通酒] (米: 国産米, 精米: 非公開)
    ✨ [新規SKU抽出] 特別純米酒 | 島根の蔵元「扶桑鶴」 [特別純米酒] (米: 国産米, 精米: 非公開)
    ✨ [新規SKU抽出] 純米吟醸 佐香錦 [純米吟醸酒] (米: 国産米, 精米: 非公開)
    ✨ [新規SKU抽出] 純米吟醸 山田錦 [純米吟醸酒] (米: 山田錦, 精米: 非公開)
    ✨ [新規SKU抽出] 純米大吟醸 万葉の心 心瓶取り [純米大吟醸酒] (米: 国産米, 精米: 非公開)
    ✨ [新規SKU抽出] 純米吟醸 | 島根の蔵元「扶桑鶴」 [純米吟醸酒] (米: 国産米, 精米: 非公開)
  👉 株式会社桑原酒場: 7 件の新規SKUを追加登録

[358/461] 🏭 ID 7284: 板倉酒造有限会社 (島根県) - https://www.tenon.jp/
    ✨ [新規SKU抽出] 活性雑穀どぶろくKODANE2023 発売しました。 [どぶろく] (米: 国産米, 精米: 非公開)
    ✨ [新規SKU抽出] 生酛 純米酒 活性にごり生原酒 [純米酒] (米: 国産米, 精米: 非公開)
    ✨ [新規SKU抽出] 春の月 微発泡 純米吟醸 にごり生原酒 [純米吟醸酒] (米: 国産米, 精米: 非公開)
    ✨ [新規SKU抽出] 天穏山陰吟醸セレクトNo.9 [吟醸酒] (米: 国産米, 精米: 非公開)
    ✨ [新規SKU抽出] 天穏山陰吟醸セレクトNo.6 [吟醸酒] (米: 国産米, 精米: 非公開)
    ✨ [新規SKU抽出] 超特選 純米大吟醸 山田錦 桐箱入り [純米大吟醸酒] (米: 山田錦, 精米: 非公開)
    ✨ [新規SKU抽出] 純米大吟醸 山田錦 [純米大吟醸酒] (米: 山田錦, 精米: 非公開)
    ✨ [新規SKU抽出] 純米大吟醸 改良雄町 [純米大吟醸酒] (米: 雄町, 精米: 非公開)
    ✨ [新規SKU抽出] 純米大吟醸 佐香錦 [純米大吟醸酒] (米: 国産米, 精米: 非公開)
    ✨ [新規SKU抽出] 純米吟醸 馨 [純米吟醸酒] (米: 国産米, 精米: 非公開)
    ✨ [新規SKU抽出] 純米原酒 [純米酒] (米: 国産米, 精米: 非公開)
    ✨ [新規SKU抽出] 生もと純米原酒 [純米酒] (米: 国産米, 精米: 非公開)
    ✨ [新規SKU抽出] 生もと純米酒 [純米酒] (米: 国産米, 精米: 非公開)
    ✨ [新規SKU抽出] 山廃純米酒 [純米酒] (米: 国産米, 精米: 非公開)
  👉 板倉酒造有限会社: 14 件の新規SKUを追加登録

[359/461] 🏭 ID 7285: 若林酒造有限会社 (島根県) - https://www.kaishun.co.jp/
    ✨ [新規SKU抽出] 生酛・木桶・全量純米酒の酒造り [純米酒] (米: 国産米, 精米: 非公開)
    ✨ [新規SKU抽出] 開春 生酛純米大吟醸 [純米大吟醸酒] (米: 国産米, 精米: 非公開)
    ✨ [新規SKU抽出] 開春生酛純米吟醸 [純米吟醸酒] (米: 国産米, 精米: 非公開)
    ✨ [新規SKU抽出] 開春 特別純米 [特別純米酒] (米: 国産米, 精米: 非公開)
  👉 若林酒造有限会社: 4 件の新規SKUを追加登録

[360/461] 🏭 ID 7286: 旭日酒造有限会社 (島根県) - http://jujiasahi.co.jp/
    ✨ [新規SKU抽出] 6/21夏至に純米吟醸十旭日「癸卯」火入れ発売 [純米吟醸酒] (米: 国産米, 精米: 非公開)
    ✨ [新規SKU抽出] 純米大吟醸十旭日 [純米大吟醸酒] (米: 国産米, 精米: 非公開)
    ✨ [新規SKU抽出] 純米吟醸「出雲だより」 [純米吟醸酒] (米: 国産米, 精米: 非公開)
    ✨ [新規SKU抽出] 純米吟醸十旭日 佐香錦 [純米吟醸酒] (米: 国産米, 精米: 非公開)
    ✨ [新規SKU抽出] 十旭日 純米吟醸 改良雄町 火入にごり [純米吟醸酒] (米: 雄町, 精米: 非公開)
    ✨ [新規SKU抽出] 純米吟醸 十旭日 縁の舞 [純米吟醸酒] (米: 国産米, 精米: 非公開)
    ✨ [新規SKU抽出] 純米吟醸 八千矛 [純米吟醸酒] (米: 国産米, 精米: 非公開)
    ✨ [新規SKU抽出] 純米原酒十旭日 改良雄町 [純米酒] (米: 雄町, 精米: 非公開)
    ✨ [新規SKU抽出] 純米生原酒 十旭日 改良雄町70 まげなにごり [純米酒] (米: 雄町, 精米: 非公開)
    ✨ [新規SKU抽出] コシヒカリの純米酒「おろちの舞」にごり生 [純米酒] (米: 国産米, 精米: 非公開)
    ✨ [新規SKU抽出] コシヒカリの純米酒「おろちの舞」生 [純米酒] (米: 国産米, 精米: 非公開)
    ✨ [新規SKU抽出] コシヒカリの純米酒「おろちの舞」 [純米酒] (米: 国産米, 精米: 非公開)
    ✨ [新規SKU抽出] 生もと純米酒十旭日 五百万石70 [純米酒] (米: 五百万石, 精米: 非公開)
    ✨ [新規SKU抽出] 生もと純米原酒十旭日 改良雄町70 [純米酒] (米: 雄町, 精米: 非公開)
    ✨ [新規SKU抽出] 生もと純米酒十旭日 改良雄町70 [純米酒] (米: 雄町, 精米: 非公開)
    ✨ [新規SKU抽出] 十旭日 生もと純米酒「鏡草」 [純米酒] (米: 国産米, 精米: 非公開)
    ✨ [新規SKU抽出] 十旭日 麹39 火入原酒 [普通酒] (米: 国産米, 精米: 非公開)
    ✨ [新規SKU抽出] 十旭日 麹39 生原酒・にごり生 [普通酒] (米: 国産米, 精米: 非公開)
  👉 旭日酒造有限会社: 18 件の新規SKUを追加登録

[361/461] 🏭 ID 7287: 富士酒造合資会社 (島根県) - https://izumofuji.com/
    ✨ [新規SKU抽出] 特別純米生原酒 [特別純米酒] (米: 国産米, 精米: 非公開)
    ✨ [新規SKU抽出] 暑い夏だからこそ、夏の雲のように雄大な生原酒を。 [普通酒] (米: 国産米, 精米: 非公開)
    ✨ [新規SKU抽出] にごり生原酒 [普通酒] (米: 国産米, 精米: 非公開)
    ✨ [新規SKU抽出] ふわっと甘さ感じる爽やかなにごり酒。 [普通酒] (米: 国産米, 精米: 非公開)
    ✨ [新規SKU抽出] 純米大吟醸 天の叢雲 [純米大吟醸酒] (米: 国産米, 精米: 非公開)
    ✨ [新規SKU抽出] 手づくり純米吟醸 [純米吟醸酒] (米: 国産米, 精米: 非公開)
    ✨ [新規SKU抽出] 手づくり純米吟醸 ｜ 出雲富士｜富士酒造 [純米吟醸酒] (米: 国産米, 精米: 非公開)
    ✨ [新規SKU抽出] 純米吟醸−超辛口− [純米吟醸酒] (米: 国産米, 精米: 非公開)
    ✨ [新規SKU抽出] 純米大吟醸 縁の舞 [純米大吟醸酒] (米: 国産米, 精米: 非公開)
    ✨ [新規SKU抽出] 無ろ過生原酒 [普通酒] (米: 国産米, 精米: 非公開)
    ✨ [新規SKU抽出] 雪雲YUKIMOにごり生原酒 [普通酒] (米: 国産米, 精米: 非公開)
    ✨ [新規SKU抽出] ふわっと甘さ感じる爽やかなにごり酒 [普通酒] (米: 国産米, 精米: 非公開)
  👉 富士酒造合資会社: 12 件の新規SKUを追加登録

[362/461] 🏭 ID 7288: 木次酒造株式会社 (島根県) - http://www.kisukisyuzou.com/
    ✨ [新規SKU抽出] 無濾過生原酒 純米吟醸 [純米吟醸酒] (米: 国産米, 精米: 非公開)
    ✨ [新規SKU抽出] 熟成原酒 純米 [純米酒] (米: 国産米, 精米: 非公開)
    ✨ [新規SKU抽出] 大吟醸 美波太平洋 [大吟醸酒] (米: 国産米, 精米: 非公開)
    ✨ [新規SKU抽出] 純米吟醸酒 美波太平洋 [純米吟醸酒] (米: 国産米, 精米: 非公開)
    ✨ [新規SKU抽出] 無濾過生原酒純米 雲 [純米酒] (米: 国産米, 精米: 非公開)
    ✨ [新規SKU抽出] 無濾過生原酒純米 [純米酒] (米: 国産米, 精米: 非公開)
    ✨ [新規SKU抽出] 純米吟醸原酒 [純米吟醸酒] (米: 国産米, 精米: 非公開)
  👉 木次酒造株式会社: 7 件の新規SKUを追加登録

[363/461] 🏭 ID 7289: 李白酒造有限会社 (島根県) - https://rihaku.co.jp/
[364/461] 🏭 ID 7290: 米田酒造株式会社 (島根県) - https://www.toyonoaki.com/
    ✨ [新規SKU抽出] 梅酒・ゆず酒 [リキュール] (米: 国産米, 精米: 非公開)
  👉 米田酒造株式会社: 1 件の新規SKUを追加登録

[365/461] 🏭 ID 7291: 奥出雲酒造株式会社 (島根県) - http://okuizumosyuzou.com/
    ✨ [新規SKU抽出] 奥出雲純米大吟醸 [純米大吟醸酒] (米: 国産米, 精米: 非公開)
    ✨ [新規SKU抽出] 奥出雲純米吟醸 [純米吟醸酒] (米: 国産米, 精米: 非公開)
    ✨ [新規SKU抽出] 仁多米コシヒカリ純米大吟醸 [純米大吟醸酒] (米: 国産米, 精米: 非公開)
    ✨ [新規SKU抽出] ■仁多米コシヒカリ純米大吟醸 [純米大吟醸酒] (米: 国産米, 精米: 非公開)
    ✨ [新規SKU抽出] ■仁多米コシヒカリ純米吟醸 [純米吟醸酒] (米: 国産米, 精米: 非公開)
    ✨ [新規SKU抽出] ■奥出雲純米大吟醸 [純米大吟醸酒] (米: 国産米, 精米: 非公開)
    ✨ [新規SKU抽出] ■奥出雲純米吟醸 [純米吟醸酒] (米: 国産米, 精米: 非公開)
    ✨ [新規SKU抽出] ■仁多米純米吟醸花酵母 [純米吟醸酒] (米: 国産米, 精米: 非公開)
    ✨ [新規SKU抽出] 仁多米コシヒカリ 純米大吟醸｜代表商品 [純米大吟醸酒] (米: 国産米, 精米: 非公開)
    ✨ [新規SKU抽出] 奥出雲 純米大吟醸 [純米大吟醸酒] (米: 国産米, 精米: 非公開)
    ✨ [新規SKU抽出] 奥出雲 純米大吟醸 1800ml [純米大吟醸酒] (米: 国産米, 精米: 非公開)
    ✨ [新規SKU抽出] 奥出雲 純米大吟醸 720ml [純米大吟醸酒] (米: 国産米, 精米: 非公開)
    ✨ [新規SKU抽出] 奥出雲 純米大吟醸 300ml [純米大吟醸酒] (米: 国産米, 精米: 非公開)
    ✨ [新規SKU抽出] 奥出雲 純米吟醸｜代表商品 [純米吟醸酒] (米: 国産米, 精米: 非公開)
    ✨ [新規SKU抽出] 奥出雲 純米吟醸 [純米吟醸酒] (米: 国産米, 精米: 非公開)
    ✨ [新規SKU抽出] 奥出雲 純米吟醸 1800ml [純米吟醸酒] (米: 国産米, 精米: 非公開)
    ✨ [新規SKU抽出] 奥出雲 純米吟醸 720ml [純米吟醸酒] (米: 国産米, 精米: 非公開)
    ✨ [新規SKU抽出] 奥出雲 純米吟醸 300ml [純米吟醸酒] (米: 国産米, 精米: 非公開)
    ✨ [新規SKU抽出] 仁多米コシヒカリ 純米大吟醸 [純米大吟醸酒] (米: 国産米, 精米: 非公開)
    ✨ [新規SKU抽出] 仁多米コシヒカリ 純米大吟醸 1800ml [純米大吟醸酒] (米: 国産米, 精米: 非公開)
    ✨ [新規SKU抽出] 仁多米コシヒカリ 純米大吟醸 720ml [純米大吟醸酒] (米: 国産米, 精米: 非公開)
    ✨ [新規SKU抽出] 仁多米コシヒカリ 純米大吟醸 300ml [純米大吟醸酒] (米: 国産米, 精米: 非公開)
  👉 奥出雲酒造株式会社: 22 件の新規SKUを追加登録

[366/461] 🏭 ID 7293: 吉田酒造株式会社 (島根県) - https://e-gassan.co.jp/
    ✨ [新規SKU抽出] 焼酎梅酒 月梅 (Plumoon) [リキュール] (米: 国産米, 精米: 非公開)
    ✨ [新規SKU抽出] 純米吟醸 ひやおろし [純米吟醸酒] (米: 国産米, 精米: 非公開)
    ✨ [新規SKU抽出] 美月 純米大吟醸 [純米大吟醸酒] (米: 国産米, 精米: 非公開)
    ✨ [新規SKU抽出] おろち 生酛 純米大吟醸 [純米大吟醸酒] (米: 国産米, 精米: 非公開)
    ✨ [新規SKU抽出] 春陽 60 純米吟醸 [純米吟醸酒] (米: 国産米, 精米: 非公開)
    ✨ [新規SKU抽出] 大吟醸 月の雫 [大吟醸酒] (米: 国産米, 精米: 非公開)
  👉 吉田酒造株式会社: 6 件の新規SKUを追加登録

[367/461] 🏭 ID 7294: 日本海酒造株式会社 (島根県) - https://kan-nihonkai.com/
    ✨ [新規SKU抽出] 環日本海 純米大吟醸 水澄みの里 斗瓶囲い [純米大吟醸酒] (米: 国産米, 精米: 非公開)
    ✨ [新規SKU抽出] 環日本海 純米大吟醸 水澄みの里 [純米大吟醸酒] (米: 国産米, 精米: 非公開)
    ✨ [新規SKU抽出] 環日本海 大吟醸 斗瓶囲い [大吟醸酒] (米: 国産米, 精米: 非公開)
    ✨ [新規SKU抽出] 環日本海 大吟醸 荒波 [大吟醸酒] (米: 国産米, 精米: 非公開)
    ✨ [新規SKU抽出] 環日本海 純米大吟醸 石見夢吟醸 [純米大吟醸酒] (米: 国産米, 精米: 非公開)
    ✨ [新規SKU抽出] 環日本海 純米吟醸 石見漁師酒 [純米吟醸酒] (米: 国産米, 精米: 非公開)
    ✨ [新規SKU抽出] 環日本海 純米吟醸 神州 [純米吟醸酒] (米: 国産米, 精米: 非公開)
    ✨ [新規SKU抽出] 環日本海 純米吟醸 やさか仙人NEO [純米吟醸酒] (米: 国産米, 精米: 非公開)
    ✨ [新規SKU抽出] 地元である浜田市弥栄町で米作りに真剣に向き合う生産者の想いも一緒に込めて醸した純米吟醸酒。 [純米吟醸酒] (米: 国産米, 精米: 非公開)
    ✨ [新規SKU抽出] 環日本海 純米吟醸 のど黒 [純米吟醸酒] (米: 国産米, 精米: 非公開)
    ✨ [新規SKU抽出] 地元である浜田市弥栄町で米作りに真剣に向き合う生産者の想いも一緒に込めて醸した山廃純米酒。 [純米酒] (米: 国産米, 精米: 非公開)
    ✨ [新規SKU抽出] 環日本海 純米原酒 超辛口 [純米酒] (米: 国産米, 精米: 非公開)
    ✨ [新規SKU抽出] 環日本海 特別純米 [特別純米酒] (米: 国産米, 精米: 非公開)
    ✨ [新規SKU抽出] 環日本海 特別純米いと美し [特別純米酒] (米: 国産米, 精米: 非公開)
    ✨ [新規SKU抽出] 環日本海 純米酒 [純米酒] (米: 国産米, 精米: 非公開)
    ✨ [新規SKU抽出] 環日本海 純米無濾過生原酒 [純米酒] (米: 国産米, 精米: 非公開)
    ✨ [新規SKU抽出] 山廃純米 やさか仙人無濾過生原酒 [純米酒] (米: 国産米, 精米: 非公開)
    ✨ [新規SKU抽出] 環日本海 山廃純米 やさか仙人無濾過生原酒 [純米酒] (米: 国産米, 精米: 非公開)
    ✨ [新規SKU抽出] 環日本海 特別純米生貯蔵酒 [特別純米酒] (米: 国産米, 精米: 非公開)
    ✨ [新規SKU抽出] 環日本海 初仕込み純米生酒しぼりたて [純米酒] (米: 国産米, 精米: 非公開)
    ✨ [新規SKU抽出] 環日本海 純米しぼりたて [純米酒] (米: 国産米, 精米: 非公開)
    ✨ [新規SKU抽出] 環日本海 純米吟醸原酒 [純米吟醸酒] (米: 国産米, 精米: 非公開)
    ✨ [新規SKU抽出] 環日本海 純米無濾過ひやおろし [純米酒] (米: 国産米, 精米: 非公開)
    ✨ [新規SKU抽出] 環日本海 こいこいゆず酒 [リキュール] (米: 国産米, 精米: 非公開)
    ✨ [新規SKU抽出] 環日本海 純米にごり酒 白ブタ [純米酒] (米: 国産米, 精米: 非公開)
    ✨ [新規SKU抽出] ほのかな甘みのにごり酒。 [普通酒] (米: 国産米, 精米: 非公開)
    ✨ [新規SKU抽出] しかも！体にうれしい純米酒。 [純米酒] (米: 国産米, 精米: 非公開)
    ✨ [新規SKU抽出] 純米吟醸 渦 山田錦五割五分 [純米吟醸酒] (米: 山田錦, 精米: 非公開)
    ✨ [新規SKU抽出] 純米吟醸 渦 八反錦五割五分 [純米吟醸酒] (米: 八反錦, 精米: 非公開)
    ✨ [新規SKU抽出] 純米吟醸 渦 佐香錦六割 [純米吟醸酒] (米: 国産米, 精米: 非公開)
    ✨ [新規SKU抽出] 軽快な香りが口中で爽やかに広がり、柔らかな旨みと穏やかな余韻が楽しめる純米吟醸酒。 [純米吟醸酒] (米: 国産米, 精米: 非公開)
    ✨ [新規SKU抽出] α‐EG日本酒「特別純米いと美し」セット商品発売！ [特別純米酒] (米: 国産米, 精米: 非公開)
    ✨ [新規SKU抽出] 11月29日 冬の限定酒「純米しぼりたて」発売 [純米酒] (米: 国産米, 精米: 非公開)
    ✨ [新規SKU抽出] 11月1日「環日本海 こいこいゆず酒」発売 [リキュール] (米: 国産米, 精米: 非公開)
    ✨ [新規SKU抽出] 秋の限定酒「純米無濾過ひやおろし」発売 [純米酒] (米: 国産米, 精米: 非公開)
    ✨ [新規SKU抽出] 8月2日「環日本海 特別純米いと美し」発売 [特別純米酒] (米: 国産米, 精米: 非公開)
    ✨ [新規SKU抽出] 5月24日夏の限定酒「純米吟醸原酒」発売 [純米吟醸酒] (米: 国産米, 精米: 非公開)
    ✨ [新規SKU抽出] 冬の限定酒「初仕込み純米生酒しぼりたて」発売 [純米酒] (米: 国産米, 精米: 非公開)
    ✨ [新規SKU抽出] 冬の限定酒「純米しぼりたて」発売 [純米酒] (米: 国産米, 精米: 非公開)
    ✨ [新規SKU抽出] 5月26日夏の限定酒「純米吟醸原酒」発売 [純米吟醸酒] (米: 国産米, 精米: 非公開)
    ✨ [新規SKU抽出] 2月10日「三隅氏発祥800年」特別純米記念ボトル発売 [特別純米酒] (米: 国産米, 精米: 非公開)
    ✨ [新規SKU抽出] 夏の限定酒「純米吟醸原酒」発売 [純米吟醸酒] (米: 国産米, 精米: 非公開)
    ✨ [新規SKU抽出] 「環日本海 純米吟醸やさか仙人NEO」4月1日発売 [純米吟醸酒] (米: 国産米, 精米: 非公開)
    ✨ [新規SKU抽出] 秋の限定酒「純米ひやおろし」発売 [純米酒] (米: 国産米, 精米: 非公開)
  👉 日本海酒造株式会社: 44 件の新規SKUを追加登録

[368/461] 🏭 ID 7295: 都錦酒造株式会社 (島根県) - https://miyakonishiki.jp/
    ✨ [新規SKU抽出] 「弥栄」の実りからできた純米酒。 [純米酒] (米: 国産米, 精米: 非公開)
  👉 都錦酒造株式会社: 1 件の新規SKUを追加登録

[369/461] 🏭 ID 7296: 株式会社酒持田本店 (島根県) - https://www.sakemochida.jp/
    ✨ [新規SKU抽出] その一環として、酒持田本店では、吟醸酒はもちろんのこと、上撰などの普通酒にいたるまで、 [吟醸酒] (米: 国産米, 精米: 非公開)
    ✨ [新規SKU抽出] ヤマサン正宗｜佐香錦 純米吟醸 生原酒 [純米吟醸酒] (米: 国産米, 精米: 非公開)
    ✨ [新規SKU抽出] ヤマサン正宗｜純米大吟醸 袋取り 生原酒 [純米大吟醸酒] (米: 国産米, 精米: 非公開)
    ✨ [新規SKU抽出] ヤマサン正宗｜純米大吟醸 おりがらみ 生原酒 [純米大吟醸酒] (米: 国産米, 精米: 非公開)
    ✨ [新規SKU抽出] 佐香錦 純米吟醸 [純米吟醸酒] (米: 国産米, 精米: 非公開)
    ✨ [新規SKU抽出] ヤマサン正宗｜佐香錦 純米吟醸 [純米吟醸酒] (米: 国産米, 精米: 非公開)
    ✨ [新規SKU抽出] ヤマサン正宗｜濃酒井（こざかい）純米吟醸 生原酒 [純米吟醸酒] (米: 国産米, 精米: 非公開)
    ✨ [新規SKU抽出] ヤマサン正宗｜純米大吟醸 原酒 [純米大吟醸酒] (米: 国産米, 精米: 非公開)
    ✨ [新規SKU抽出] ヤマサン正宗 古滴｜ 純米大吟醸 原酒 [純米大吟醸酒] (米: 国産米, 精米: 非公開)
    ✨ [新規SKU抽出] うさぎ雲 低アルコール純米吟醸原酒 [純米吟醸酒] (米: 国産米, 精米: 非公開)
    ✨ [新規SKU抽出] うさぎ雲 低アルコール純米吟醸原酒（箱入） [純米吟醸酒] (米: 国産米, 精米: 非公開)
    ✨ [新規SKU抽出] ヤマサン正宗｜縁の舞 純米吟醸 [純米吟醸酒] (米: 国産米, 精米: 非公開)
    ✨ [新規SKU抽出] 純米吟醸 生 [純米吟醸酒] (米: 国産米, 精米: 非公開)
    ✨ [新規SKU抽出] ヤマサン正宗｜純米吟醸 生 [純米吟醸酒] (米: 国産米, 精米: 非公開)
    ✨ [新規SKU抽出] 純米吟醸飲み比べ。島根県限定のブランド酒米「佐香錦」・「縁の舞」で造ったお酒の詰め合わせ [純米吟醸酒] (米: 国産米, 精米: 非公開)
    ✨ [新規SKU抽出] 山廃仕込み 純米酒 [純米酒] (米: 国産米, 精米: 非公開)
    ✨ [新規SKU抽出] ヤマサン正宗｜山廃仕込み 純米酒 [純米酒] (米: 国産米, 精米: 非公開)
    ✨ [新規SKU抽出] ヤマサン正宗｜誘一献（いざいっこん）特別純米酒 [特別純米酒] (米: 国産米, 精米: 非公開)
    ✨ [新規SKU抽出] ヤマサン正宗 萌 純米生原酒 [純米酒] (米: 国産米, 精米: 非公開)
    ✨ [新規SKU抽出] ヤマサン正宗 萌 純米酒 [純米酒] (米: 国産米, 精米: 非公開)
    ✨ [新規SKU抽出] ヤマサン正宗｜精米90％ 純米生原酒 [純米酒] (米: 国産米, 精米: 非公開)
    ✨ [新規SKU抽出] ヤマサン正宗｜にごり酒 白月 [普通酒] (米: 国産米, 精米: 非公開)
    ✨ [新規SKU抽出] ヤマサン正宗｜にごり酒 白月（しらづき） 純米生原酒 [純米酒] (米: 国産米, 精米: 非公開)
    ✨ [新規SKU抽出] ヤマサン正宗｜ばたでん 平高生カップ（純米酒） [純米酒] (米: 国産米, 精米: 非公開)
    ✨ [新規SKU抽出] ヤマサン正宗｜街並カップ（純米酒） [純米酒] (米: 国産米, 精米: 非公開)
    ✨ [新規SKU抽出] ヤマサン正宗｜純米酒 [純米酒] (米: 国産米, 精米: 非公開)
    ✨ [新規SKU抽出] ヤマサン正宗 出雲神庭 古代米原酒 [普通酒] (米: 国産米, 精米: 非公開)
    ✨ [新規SKU抽出] ヤマサン正宗｜出雲神庭 古代米原酒 [普通酒] (米: 国産米, 精米: 非公開)
    ✨ [新規SKU抽出] ヤマサン正宗｜生原酒 6種飲み比べ [普通酒] (米: 国産米, 精米: 非公開)
    ✨ [新規SKU抽出] ヤマサン正宗 しぼりたて生 春月 [普通酒] (米: 国産米, 精米: 非公開)
    ✨ [新規SKU抽出] ヤマサン正宗｜しぼりたて生 春月 [普通酒] (米: 国産米, 精米: 非公開)
    ✨ [新規SKU抽出] ヤマサン正宗｜辛口弁慶 本醸造 [本醸造酒] (米: 国産米, 精米: 非公開)
    ✨ [新規SKU抽出] ヤマサン正宗 日本酒仕込みの梅酒 [リキュール] (米: 国産米, 精米: 非公開)
    ✨ [新規SKU抽出] ヤマサン正宗 日本酒仕込みの梅酒（あらごし） [リキュール] (米: 国産米, 精米: 非公開)
    ✨ [新規SKU抽出] ヤマサン正宗 日本酒仕込みの梅酒・生姜セット(化粧箱入り) [リキュール] (米: 国産米, 精米: 非公開)
  👉 株式会社酒持田本店: 35 件の新規SKUを追加登録

[370/461] 🏭 ID 7297: 金鳳酒造有限会社 (島根県) - https://www.kinpo.jp/
[371/461] 🏭 ID 7298: 古橋酒造株式会社 (島根県) - https://uijin.net/
[372/461] 🏭 ID 7299: 簸上清酒合名会社 (島根県) - https://sake-hikami.co.jp/
    ✨ [新規SKU抽出] 七冠馬純米大吟醸 [純米大吟醸酒] (米: 国産米, 精米: 非公開)
    ✨ [新規SKU抽出] 七冠馬大吟醸一番人気 [大吟醸酒] (米: 国産米, 精米: 非公開)
    ✨ [新規SKU抽出] 秋の季節限定酒「七冠馬 純米 ひやおろし」、9月7日（月）発売 [純米酒] (米: 国産米, 精米: 非公開)
    ✨ [新規SKU抽出] 七冠馬純米吟醸一番人気 [純米吟醸酒] (米: 国産米, 精米: 非公開)
    ✨ [新規SKU抽出] 七冠馬 特別純米漆黒のS [特別純米酒] (米: 国産米, 精米: 非公開)
    ✨ [新規SKU抽出] 七冠馬特別純米 [特別純米酒] (米: 国産米, 精米: 非公開)
    ✨ [新規SKU抽出] 玉鋼大吟醸 袋取り斗瓶囲い [大吟醸酒] (米: 国産米, 精米: 非公開)
  👉 簸上清酒合名会社: 7 件の新規SKUを追加登録

[373/461] 🏭 ID 7300: 玉櫻酒造有限会社 (島根県) - http://www.tamazakura.com/
    ✨ [新規SKU抽出] 玉櫻酒造 ホームページ | お燗 生酛 純米酒 [純米酒] (米: 国産米, 精米: 非公開)
    ✨ [新規SKU抽出] 生酛 純米酒 3種類あります [純米酒] (米: 国産米, 精米: 非公開)
    ✨ [新規SKU抽出] 純米 とろとろ にごり酒 [純米酒] (米: 国産米, 精米: 非公開)
    ✨ [新規SKU抽出] 純米 とろとろ にごり酒 | 玉櫻酒造 ホームページ [純米酒] (米: 国産米, 精米: 非公開)
    ✨ [新規SKU抽出] 生酛 純米酒 3種類あります | 玉櫻酒造 ホームページ [純米酒] (米: 国産米, 精米: 非公開)
    ✨ [新規SKU抽出] 生酛（きもと）造りの純米酒。 [純米酒] (米: 国産米, 精米: 非公開)
    ✨ [新規SKU抽出] 「じゃあ最初からそんな場面で飲むための純米酒を造ったらいいじゃないか」 [純米酒] (米: 国産米, 精米: 非公開)
  👉 玉櫻酒造有限会社: 7 件の新規SKUを追加登録

[374/461] 🏭 ID 7301: 加茂福酒造株式会社 (島根県) - http://www.kamofuku.co.jp/
[375/461] 🏭 ID 7302: 合資会社石州酒造 (島根県) - https://kasen1730.ocnk.net/
    ✨ [新規SKU抽出] 令和5年度生にごり酒、本日発売！！ [普通酒] (米: 国産米, 精米: 非公開)
    ✨ [新規SKU抽出] 令和4年度生にごり酒、12月20日ごろ発売！！ [普通酒] (米: 国産米, 精米: 非公開)
  👉 合資会社石州酒造: 2 件の新規SKUを追加登録

[376/461] 🏭 ID 7303: 株式会社岡田屋本店 (島根県) - https://www.kikuyasaka.co.jp/
    ✨ [新規SKU抽出] 菊弥栄 大吟醸 [大吟醸酒] (米: 国産米, 精米: 非公開)
    ✨ [新規SKU抽出] 神の舞 純米大吟醸 [純米大吟醸酒] (米: 国産米, 精米: 非公開)
    ✨ [新規SKU抽出] 菊弥栄 純米酒 石見野 [純米酒] (米: 国産米, 精米: 非公開)
    ✨ [新規SKU抽出] 無用の用 純米大吟醸 [純米大吟醸酒] (米: 国産米, 精米: 非公開)
    ✨ [新規SKU抽出] 無用の用 特別純米酒 [特別純米酒] (米: 国産米, 精米: 非公開)
  👉 株式会社岡田屋本店: 5 件の新規SKUを追加登録

[377/461] 🏭 ID 7304: 株式会社田部竹下酒造 (島根県) - https://www.tanabe-takeshita.com
    ✨ [新規SKU抽出] 藤原酒店 [普通酒] (米: 国産米, 精米: 非公開)
  👉 株式会社田部竹下酒造: 1 件の新規SKUを追加登録

[378/461] 🏭 ID 7305: 一宮酒造有限会社 (島根県) - https://www.ichinomiya-s.jp/
[379/461] 🏭 ID 7306: 株式会社赤名酒造 (島根県) - https://kinunomine.localinfo.jp/
[380/461] 🏭 ID 7307: 株式会社財間酒場 (島根県) - https://www.zaimasakaba.com/
[381/461] 🏭 ID 7308: 右田本店株式会社 (島根県) - https://migitahonten.com/
[382/461] 🏭 ID 7343: 相良酒造 (栃木県) - https://asahisakae.com/
[383/461] 🏭 ID 7347: せんきん (栃木県) - http://senkin.co.jp/
[384/461] 🏭 ID 7355: 渡辺佐平商店 (栃木県) - https://www.watanabesahei.co.jp/
[385/461] 🏭 ID 7357: 虎屋本店 (栃木県) - https://toratora.co.jp/
    ✨ [新規SKU抽出] 七水 純米大吟醸40Ｙ３ [純米大吟醸酒] (米: 国産米, 精米: 非公開)
    ✨ [新規SKU抽出] 七水 純米大吟醸４５ [純米大吟醸酒] (米: 国産米, 精米: 非公開)
    ✨ [新規SKU抽出] 菊 大吟醸 [大吟醸酒] (米: 国産米, 精米: 非公開)
  👉 虎屋本店: 3 件の新規SKUを追加登録

[386/461] 🏭 ID 7361: 株式会社辻善兵衛商店 (栃木県) - https://nextftp.com/dotcom/sakuragawa/
[387/461] 🏭 ID 7363: 池島酒造 (栃木県) - http://www.ikenishiki.co.jp/
[388/461] 🏭 ID 7364: 小島酒造店 (栃木県) - https://r.goope.jp/kojimashuzou/
[389/461] 🏭 ID 7399: 久米櫻酒造有限会社 (鳥取県) - http://g-beer.jp/
[390/461] 🏭 ID 7406: 藤井酒造合資会社 (鳥取県) - https://www.fujii-sake.co.jp/
[391/461] 🏭 ID 7407: 有限会社太田酒造場 (鳥取県) - https://www.bentenmusume.com/
[392/461] 🏭 ID 7891: 有限会社入江豊三郎本店 (広島県) - https://www.iriehonten.jp/
[393/461] 🏭 ID 7908: 生熊酒造株式会社 (広島県) - https://ikumashuzo.com/
[394/461] 🏭 ID 7910: 江田島銘醸株式会社 (広島県) - https://www.doukinosakura.jp/
    ✨ [新規SKU抽出] 古鷹純米酒1.8L・720ml お待たせいたしました！！ [純米酒] (米: 国産米, 精米: 非公開)
  👉 江田島銘醸株式会社: 1 件の新規SKUを追加登録

[395/461] 🏭 ID 7915: 旭鳳酒造株式会社 (広島県) - http://kyokuhou.co.jp/
[396/461] 🏭 ID 7916: 小野酒造株式会社 (広島県) - http://oigame.co.jp/index.php
[397/461] 🏭 ID 7919: 福美人酒造株式会社 (広島県) - https://www.fukubijin.co.jp/
[398/461] 🏭 ID 7920: 白牡丹酒造株式会社 (広島県) - https://www.hakubotan.co.jp/
    ✨ [新規SKU抽出] 甘酒・リキュール [リキュール] (米: 国産米, 精米: 非公開)
    ✨ [新規SKU抽出] 【日本酒 白牡丹】長期低温熟成 大吟醸 FLUSSO [大吟醸酒] (米: 国産米, 精米: 非公開)
    ✨ [新規SKU抽出] 【日本酒 白牡丹】大吟醸 いちの雫1.8瓶詰（しずく酒） [大吟醸酒] (米: 国産米, 精米: 非公開)
    ✨ [新規SKU抽出] 【日本酒 白牡丹】大吟醸 いちの雫720ml瓶詰（しずく酒） [大吟醸酒] (米: 国産米, 精米: 非公開)
    ✨ [新規SKU抽出] 【日本酒 白牡丹】純米吟醸 中汲み 720ml瓶詰【流通限定】 [純米吟醸酒] (米: 国産米, 精米: 非公開)
    ✨ [新規SKU抽出] 【日本酒 白牡丹】純米吟醸 中汲み 1.8L瓶詰【流通限定】 [純米吟醸酒] (米: 国産米, 精米: 非公開)
    ✨ [新規SKU抽出] 【日本酒 白牡丹】大吟醸 中汲み 720ml瓶詰【流通限定】 [大吟醸酒] (米: 国産米, 精米: 非公開)
    ✨ [新規SKU抽出] 【日本酒 白牡丹】大吟醸 中汲み 1.8L瓶詰【流通限定】 [大吟醸酒] (米: 国産米, 精米: 非公開)
    ✨ [新規SKU抽出] 【日本酒 白牡丹】大吟醸 1.8L瓶詰 [大吟醸酒] (米: 国産米, 精米: 非公開)
    ✨ [新規SKU抽出] 【日本酒 白牡丹】大吟醸 720ml瓶詰 [大吟醸酒] (米: 国産米, 精米: 非公開)
    ✨ [新規SKU抽出] 【日本酒 白牡丹】大吟醸 300ml瓶詰 [大吟醸酒] (米: 国産米, 精米: 非公開)
    ✨ [新規SKU抽出] 【日本酒 白牡丹】純米大吟醸 原酒 万年蔵 杜氏 鹿島正1.8L瓶詰 [純米大吟醸酒] (米: 国産米, 精米: 非公開)
    ✨ [新規SKU抽出] 【日本酒 白牡丹】純米大吟醸 原酒 万年蔵 杜氏 鹿島正720ml瓶詰 [純米大吟醸酒] (米: 国産米, 精米: 非公開)
  👉 白牡丹酒造株式会社: 13 件の新規SKUを追加登録

[399/461] 🏭 ID 7925: 金光酒造合資会社 (広島県) - https://kamokin.com/
[400/461] 🏭 ID 7926: 向原酒造株式会社 (広島県) - https://mukai-zakura.com/index.html
[401/461] 🏭 ID 7933: 株式会社三宅本店 (広島県) - https://sempuku.co.jp/
[402/461] 🏭 ID 7936: 相原酒造株式会社 (広島県) - http://www.ugonotsuki.com/
    ✨ [新規SKU抽出] 相原酒造株式会社オフィシャルサイト [普通酒] (米: 国産米, 精米: 非公開)
    ✨ [新規SKU抽出] 相原酒造 [普通酒] (米: 国産米, 精米: 非公開)
    ✨ [新規SKU抽出] 福原酒店 [普通酒] (米: 国産米, 精米: 非公開)
    ✨ [新規SKU抽出] 相原酒造株式会社 [普通酒] (米: 国産米, 精米: 非公開)
  👉 相原酒造株式会社: 4 件の新規SKUを追加登録

[403/461] 🏭 ID 8818: 髙垣酒造株式会社 (和歌山県) - https://takagakishuzo.com/
    ✨ [新規SKU抽出] 紀勢鶴 大吟醸 [大吟醸酒] (米: 国産米, 精米: 非公開)
    ✨ [新規SKU抽出] 紀勢鶴 純米吟醸 [純米吟醸酒] (米: 国産米, 精米: 非公開)
    ✨ [新規SKU抽出] 紀勢鶴 吟醸 [吟醸酒] (米: 国産米, 精米: 非公開)
    ✨ [新規SKU抽出] 紀勢鶴 吟醸古酒 [吟醸酒] (米: 国産米, 精米: 非公開)
    ✨ [新規SKU抽出] 純米吟醸が持つ優雅な香りと爽やかな [純米吟醸酒] (米: 国産米, 精米: 非公開)
    ✨ [新規SKU抽出] 紀ノ酒 純米吟醸 原酒 [純米吟醸酒] (米: 国産米, 精米: 非公開)
    ✨ [新規SKU抽出] 紀ノ酒 本醸造 [本醸造酒] (米: 国産米, 精米: 非公開)
    ✨ [新規SKU抽出] 喜楽里 大吟醸 原酒 [大吟醸酒] (米: 国産米, 精米: 非公開)
    ✨ [新規SKU抽出] 喜楽里 純米吟醸 生原酒 [純米吟醸酒] (米: 国産米, 精米: 非公開)
    ✨ [新規SKU抽出] 喜楽里 純米 原酒 [純米酒] (米: 国産米, 精米: 非公開)
    ✨ [新規SKU抽出] 喜楽里 本醸造 原酒 [本醸造酒] (米: 国産米, 精米: 非公開)
    ✨ [新規SKU抽出] 里の花 純米吟醸 原酒 [純米吟醸酒] (米: 国産米, 精米: 非公開)
    ✨ [新規SKU抽出] 里の花 吟醸 [吟醸酒] (米: 国産米, 精米: 非公開)
    ✨ [新規SKU抽出] 流霞 生原酒 [普通酒] (米: 国産米, 精米: 非公開)
    ✨ [新規SKU抽出] 流霞 本醸造 生原酒 [本醸造酒] (米: 国産米, 精米: 非公開)
    ✨ [新規SKU抽出] 寒仕込の醪を荒搾りしたにごり酒 [普通酒] (米: 国産米, 精米: 非公開)
    ✨ [新規SKU抽出] 白馬 本醸造 にごり酒 [本醸造酒] (米: 国産米, 精米: 非公開)
  👉 髙垣酒造株式会社: 17 件の新規SKUを追加登録

[404/461] 🏭 ID 8823: 平和酒造株式会社 (和歌山県) - https://www.heiwashuzo.co.jp/
[405/461] 🏭 ID 8827: 株式会社名手酒造店 (和歌山県) - http://kuroushi.com/
[406/461] 🏭 ID 8828: 田端酒造株式会社 (和歌山県) - https://rashomon-kuramoto.co.jp/
[407/461] 🏭 ID 8829: 祝砲酒造株式会社 (和歌山県) - https://shukuhou.co.jp/
[408/461] 🏭 ID 33102: 稲とアガベ株式会社 (秋田県) - https://inetoagabe.com/
[409/461] 🏭 ID 36987: 株式会社DHC酒造 (新潟県) - https://niigataichiryu.co.jp/
[410/461] 🏭 ID 57748: 国分酒造株式会社 (鹿児島県) - https://kokubu-imo.com/
[411/461] 🏭 ID 57756: 小正醸造株式会社 (鹿児島県) - https://www.komasa.co.jp/
[412/461] 🏭 ID 57760: 萬世酒造株式会社 (鹿児島県) - http://bansei-shuzo.co.jp/
[413/461] 🏭 ID 57766: 白露酒造株式会社 (鹿児島県) - https://www.shiratsuyu.jp/
[414/461] 🏭 ID 57768: オガタマ酒造株式会社 (鹿児島県) - https://www.ogatama.co.jp/
[415/461] 🏭 ID 57780: 岩川醸造株式会社 (鹿児島県) - https://www.iwagawa.co.jp/
[416/461] 🏭 ID 57781: 大隅酒造株式会社 (鹿児島県) - https://www.osumishuzo.co.jp/
[417/461] 🏭 ID 57784: 有限会社森伊蔵酒造 (鹿児島県) - https://www.moriizou.com/
[418/461] 🏭 ID 57785: 小鹿酒造株式会社 (鹿児島県) - https://shochu-kojika.jp/
[419/461] 🏭 ID 57788: 上妻酒造株式会社 (鹿児島県) - https://kouzuma-shuzou.com/
[420/461] 🏭 ID 57791: 喜界島酒造株式会社 (鹿児島県) - http://www.kurochu.jp/
[421/461] 🏭 ID 57792: 高岡醸造株式会社 (鹿児島県) - https://takaokazyouzou.com/
[422/461] 🏭 ID 57796: 沖永良部酒造株式会社 (鹿児島県) - https://www.inenotsuyu.com/
    ✨ [新規SKU抽出] 奄美黒糖焼酎の特徴を活かし、島内4蔵元が生み出す原酒から [本格焼酎] (米: 国産米, 精米: 非公開)
  👉 沖永良部酒造株式会社: 1 件の新規SKUを追加登録

[423/461] 🏭 ID 57799: 濵田酒造株式会社 傳藏院蔵 (鹿児島県) - https://www.hamadasyuzou.co.jp/
    ✨ [新規SKU抽出] 厳選した大麦を白麹で仕込み、減圧蒸留、樽で貯蔵熟成した琥珀色の本格麦焼酎。 [本格焼酎] (米: 国産米, 精米: 非公開)
    ✨ [新規SKU抽出] 鹿児島でただひとつの坑洞内本格焼酎蔵と本格焼酎進化のために生まれた清酒蔵 [本格焼酎] (米: 国産米, 精米: 非公開)
  👉 濵田酒造株式会社 傳藏院蔵: 2 件の新規SKUを追加登録

[424/461] 🏭 ID 57803: 本坊酒造株式会社 鹿児島工場 (鹿児島県) - https://www.hombo.co.jp/
    ✨ [新規SKU抽出] 地域に育まれた リキュール [リキュール] (米: 国産米, 精米: 非公開)
    ✨ [新規SKU抽出] 上等梅酒 ロゴ [リキュール] (米: 国産米, 精米: 非公開)
    ✨ [新規SKU抽出] 上等梅酒 ボトル [リキュール] (米: 国産米, 精米: 非公開)
    ✨ [新規SKU抽出] 上等梅酒 [リキュール] (米: 国産米, 精米: 非公開)
    ✨ [新規SKU抽出] 本格梅酒 [リキュール] (米: 国産米, 精米: 非公開)
  👉 本坊酒造株式会社 鹿児島工場: 5 件の新規SKUを追加登録

[425/461] 🏭 ID 57804: 本坊酒造株式会社 知覧蒸溜所 (鹿児島県) - https://www.hombo.co.jp/
    ✨ [新規SKU抽出] 地域に育まれた リキュール [リキュール] (米: 国産米, 精米: 非公開)
    ✨ [新規SKU抽出] 上等梅酒 ロゴ [リキュール] (米: 国産米, 精米: 非公開)
    ✨ [新規SKU抽出] 上等梅酒 ボトル [リキュール] (米: 国産米, 精米: 非公開)
    ✨ [新規SKU抽出] 上等梅酒 [リキュール] (米: 国産米, 精米: 非公開)
    ✨ [新規SKU抽出] 本格梅酒 [リキュール] (米: 国産米, 精米: 非公開)
  👉 本坊酒造株式会社 知覧蒸溜所: 5 件の新規SKUを追加登録

[426/461] 🏭 ID 57805: 本坊酒造株式会社 津貫蒸溜所 (鹿児島県) - https://www.hombo.co.jp/
    ✨ [新規SKU抽出] 地域に育まれた リキュール [リキュール] (米: 国産米, 精米: 非公開)
    ✨ [新規SKU抽出] 上等梅酒 ロゴ [リキュール] (米: 国産米, 精米: 非公開)
    ✨ [新規SKU抽出] 上等梅酒 ボトル [リキュール] (米: 国産米, 精米: 非公開)
    ✨ [新規SKU抽出] 上等梅酒 [リキュール] (米: 国産米, 精米: 非公開)
    ✨ [新規SKU抽出] 本格梅酒 [リキュール] (米: 国産米, 精米: 非公開)
  👉 本坊酒造株式会社 津貫蒸溜所: 5 件の新規SKUを追加登録

[427/461] 🏭 ID 57807: 種子島酒造株式会社 (鹿児島県) - https://www.tanegasima.co.jp/
[428/461] 🏭 ID 57810: アットスター株式会社 (鹿児島県) - https://www.satsuma-ran.com/
[429/461] 🏭 ID 57823: 株式会社奄美大島開運酒造奄美伝承蔵 (鹿児島県) - https://watari69.com/
[430/461] 🏭 ID 57827: 薩摩酒造株式会社 火の神蒸溜所 (鹿児島県) - http://www.satsuma.co.jp/
    ✨ [新規SKU抽出] 芋焼酎：さつま白波原酒 [本格焼酎] (米: 国産米, 精米: 非公開)
    ✨ [新規SKU抽出] 発泡酒・その他：焼酎屋の梅酒 蔵うめ [リキュール] (米: 国産米, 精米: 非公開)
  👉 薩摩酒造株式会社 火の神蒸溜所: 2 件の新規SKUを追加登録

[431/461] 🏭 ID 57828: 薩摩酒造株式会社 (鹿児島県) - http://www.satsuma.co.jp/
    ✨ [新規SKU抽出] 芋焼酎：さつま白波原酒 [本格焼酎] (米: 国産米, 精米: 非公開)
    ✨ [新規SKU抽出] 発泡酒・その他：焼酎屋の梅酒 蔵うめ [リキュール] (米: 国産米, 精米: 非公開)
  👉 薩摩酒造株式会社: 2 件の新規SKUを追加登録

[432/461] 🏭 ID 57842: 有限会社佐多宗二商店 (鹿児島県) - http://www.satasouji-shouten.co.jp/
[433/461] 🏭 ID 57844: 田村合名会社 (鹿児島県) - https://junkuro.jp/
    ✨ [新規SKU抽出] 甕仕込み 純黒 原酒 [普通酒] (米: 国産米, 精米: 非公開)
  👉 田村合名会社: 1 件の新規SKUを追加登録

[434/461] 🏭 ID 57848: 有限会社神川酒造 (鹿児島県) - https://www.kamikawa-shochu.com
[435/461] 🏭 ID 57849: 西平酒造株式会社 (鹿児島県) - https://www.nishihira-shuzo.com/
    ✨ [新規SKU抽出] ​＼ ハーブリキュール／ [リキュール] (米: 国産米, 精米: 非公開)
    ✨ [新規SKU抽出] ハーブリキュール「AME-harmony-」 [リキュール] (米: 国産米, 精米: 非公開)
  👉 西平酒造株式会社: 2 件の新規SKUを追加登録

[436/461] 🏭 ID 57858: 有限会社中村酒造場 (鹿児島県) - https://nakamurashuzoujo.com/
[437/461] 🏭 ID 57865: 抜群酒造合資会社 (熊本県) - https://www.batsugun-syuzou.com/
[438/461] 🏭 ID 57872: 有限会社林酒造場 (熊本県) - https://www.gokuraku-shochu.jp/
[439/461] 🏭 ID 57878: 有限会社松下醸造場 (熊本県) - https://www.matsushitashuzo.com
[440/461] 🏭 ID 57887: 株式会社鳥飼酒造 (熊本県) - https://torikai.co.jp/
[441/461] 🏭 ID 57896: 有限会社比嘉酒造 (沖縄県) - https://www.zanpa.co.jp/
    ✨ [新規SKU抽出] 一線を画く「逸脱」した泡盛に挑戦しました。 [泡盛] (米: 国産米, 精米: 非公開)
    ✨ [新規SKU抽出] これから新しくなっていくZANPAと、泡盛を [泡盛] (米: 国産米, 精米: 非公開)
    ✨ [新規SKU抽出] ​食中酒としての泡盛を目指して誕生しました。 [泡盛] (米: 国産米, 精米: 非公開)
    ✨ [新規SKU抽出] シークヮーサー果汁の泡盛リキュール [リキュール] (米: 国産米, 精米: 非公開)
  👉 有限会社比嘉酒造: 4 件の新規SKUを追加登録

[442/461] 🏭 ID 57897: 株式会社伊平屋酒造所 (沖縄県) - https://iheya-distillery.co.jp/
[443/461] 🏭 ID 57898: 株式会社池原酒造 (沖縄県) - https://shirayuri-ikehara.com/
    ✨ [新規SKU抽出] 琉球泡盛白百合、イヌイの公式サイト ～挑み続ける石垣島の池原酒造～ [泡盛] (米: 国産米, 精米: 非公開)
    ✨ [新規SKU抽出] 池原酒造では昔ながらの製法を全行程で [普通酒] (米: 国産米, 精米: 非公開)
    ✨ [新規SKU抽出] 次世代の泡盛を探求しています [泡盛] (米: 国産米, 精米: 非公開)
    ✨ [新規SKU抽出] 革新的で個性的な泡盛をつくり、 [泡盛] (米: 国産米, 精米: 非公開)
    ✨ [新規SKU抽出] 白百合ナイト＆池原コーイチ誕生祭〜音楽と泡盛〜 [泡盛] (米: 国産米, 精米: 非公開)
    ✨ [新規SKU抽出] 池原酒造について [普通酒] (米: 国産米, 精米: 非公開)
    ✨ [新規SKU抽出] 株式会社 池原酒造 [普通酒] (米: 国産米, 精米: 非公開)
    ✨ [新規SKU抽出] © 株式会社池原酒造 all rights reserved. [普通酒] (米: 国産米, 精米: 非公開)
  👉 株式会社池原酒造: 8 件の新規SKUを追加登録

[444/461] 🏭 ID 57902: 合資会社伊是名酒造所 (沖縄県) - https://www.izenasyuzousyo.com/
[445/461] 🏭 ID 57914: 仲間酒造株式会社 (沖縄県) - https://miyanotsuru.com/
[446/461] 🏭 ID 57918: 株式会社龍泉酒造 (沖縄県) - http://ryusen.co.jp/
[447/461] 🏭 ID 57936: 瑞泉酒造株式会社 (沖縄県) - https://www.zuisen.co.jp/
    ✨ [新規SKU抽出] 瑞泉酒造株式会社 | 琉球泡盛 | 日本、沖縄県那覇市首里崎山町１−３５ [泡盛] (米: 国産米, 精米: 非公開)
    ✨ [新規SKU抽出] 東京大学で保管されていた戦前の黒麹菌より復活させた唯一無二の泡盛「御酒（うさき）」 [泡盛] (米: 国産米, 精米: 非公開)
    ✨ [新規SKU抽出] 瑞泉Ｋｉｎｇ10年古酒は大人のための上質な泡盛。 [泡盛] (米: 国産米, 精米: 非公開)
    ✨ [新規SKU抽出] パッションフルーツスパークリング 人気商品 [普通酒] (米: 国産米, 精米: 非公開)
    ✨ [新規SKU抽出] 海洋深層水仕込みの特別な琉球泡盛。瑞泉blue ブルー [泡盛] (米: 国産米, 精米: 非公開)
    ✨ [新規SKU抽出] ＊発酵を終えたもろみは蒸留されるので、泡盛に塩分は含まれません。 [泡盛] (米: 国産米, 精米: 非公開)
  👉 瑞泉酒造株式会社: 6 件の新規SKUを追加登録

[448/461] 🏭 ID 62595: 株式会社ALL WRIGHT (東京都) - https://allwright.jp/
[449/461] 🏭 ID 62599: 株式会社平六醸造 (岩手県) - https://hiraroku.jp/
[450/461] 🏭 ID 62604: 株式会社WAKAZE (東京都) - https://www.wakaze-sake.com/
[451/461] 🏭 ID 62605: 株式会社天郷醸造所 (福岡県) - https://amanosato-sake.com/
[452/461] 🏭 ID 65882: 八戸酒類株式会社 (青森県) - https://hachinohe-syurui.com/
    ✨ [新規SKU抽出] 如空 特別純米金ラベル [特別純米酒] (米: 国産米, 精米: 非公開)
    ✨ [新規SKU抽出] 八鶴 大吟醸 [大吟醸酒] (米: 国産米, 精米: 非公開)
    ✨ [新規SKU抽出] 如空 純米大吟醸 華想い [純米大吟醸酒] (米: 国産米, 精米: 非公開)
    ✨ [新規SKU抽出] 八鶴 濃醇超辛純米酒 剛酒 [純米酒] (米: 国産米, 精米: 非公開)
    ✨ [新規SKU抽出] 八鶴 純米吟醸 [純米吟醸酒] (米: 国産米, 精米: 非公開)
    ✨ [新規SKU抽出] 八鶴 純米吟醸無ろ過生 [純米吟醸酒] (米: 国産米, 精米: 非公開)
    ✨ [新規SKU抽出] 八鶴 華想い 純米大吟醸 [純米大吟醸酒] (米: 国産米, 精米: 非公開)
    ✨ [新規SKU抽出] 八鶴 純米酒 [純米酒] (米: 国産米, 精米: 非公開)
    ✨ [新規SKU抽出] 八鶴 超辛純米酒 剛酒 [純米酒] (米: 国産米, 精米: 非公開)
    ✨ [新規SKU抽出] 八鶴 本醸造 [本醸造酒] (米: 国産米, 精米: 非公開)
    ✨ [新規SKU抽出] 八鶴 ひやおろし 特別純米酒 [特別純米酒] (米: 国産米, 精米: 非公開)
    ✨ [新規SKU抽出] 三戸のどんべり 純米にごり酒 [純米酒] (米: 国産米, 精米: 非公開)
    ✨ [新規SKU抽出] 八鶴 あらばしり 特別純米生酒 [特別純米酒] (米: 国産米, 精米: 非公開)
    ✨ [新規SKU抽出] TSURUラベル純米吟醸 華吹雪 [純米吟醸酒] (米: 華吹雪, 精米: 非公開)
    ✨ [新規SKU抽出] TSURUラベル純米吟醸華想い [純米吟醸酒] (米: 国産米, 精米: 非公開)
    ✨ [新規SKU抽出] TSURUラベル純米吟醸 吟烏帽子 [純米吟醸酒] (米: 国産米, 精米: 非公開)
    ✨ [新規SKU抽出] TSURUラベル純米吟醸 雄町 [純米吟醸酒] (米: 雄町, 精米: 非公開)
    ✨ [新規SKU抽出] 八鶴 んめー梅酒 リキュール [リキュール] (米: 国産米, 精米: 非公開)
    ✨ [新規SKU抽出] 一酔百招福 華想い純米大吟醸 [純米大吟醸酒] (米: 国産米, 精米: 非公開)
    ✨ [新規SKU抽出] 一酔百招福 純米酒 [純米酒] (米: 国産米, 精米: 非公開)
  👉 八戸酒類株式会社: 20 件の新規SKUを追加登録

[453/461] 🏭 ID 65902: 株式会社木内酒造 (茨城県) - https://kiuchibrewery.co.jp/
    ✨ [新規SKU抽出] 【新商品】ウイスキー樽熟成 木内梅酒 [リキュール] (米: 国産米, 精米: 非公開)
    ✨ [新規SKU抽出] 【限定商品】菊盛 純米吟醸酒 夏初月 [純米吟醸酒] (米: 国産米, 精米: 非公開)
    ✨ [新規SKU抽出] 夏限定の香り高い純米吟醸。すっきりとしたフレッシュな味わいと爽やかな飲み口。 [純米吟醸酒] (米: 国産米, 精米: 非公開)
    ✨ [新規SKU抽出] 木内梅酒 [リキュール] (米: 国産米, 精米: 非公開)
  👉 株式会社木内酒造: 4 件の新規SKUを追加登録

[454/461] 🏭 ID 65973: 濵田酒造株式会社 傳藏院蔵 (鹿児島県) - https://www.hamadasyuzou.co.jp/
[455/461] 🏭 ID 65976: 本坊酒造株式会社 鹿児島工場 (鹿児島県) - https://www.hombo.co.jp/
[456/461] 🏭 ID 65977: 本坊酒造株式会社 知覧蒸溜所 (鹿児島県) - https://www.hombo.co.jp/
[457/461] 🏭 ID 65978: 本坊酒造株式会社 津貫蒸溜所 (鹿児島県) - https://www.hombo.co.jp/
[458/461] 🏭 ID 65992: 薩摩酒造株式会社 火の神蒸溜所 (鹿児島県) - http://www.satsuma.co.jp/
[459/461] 🏭 ID 70732: 八戸酒類株式会社 (青森県) - https://hachinohe-syurui.com/
[460/461] 🏭 ID 70752: 株式会社木内酒造 (茨城県) - https://kiuchibrewery.co.jp/
[461/461] 🏭 ID 70754: LIBROM Craft Sake Brewery (福岡県) - https://librom.jp/
